Archive member included to satisfy reference by file (symbol)

/mnt/storageDevice/projects/learning_ethercat/new_SOEM/SOEM-1.3.1/lib/linux/libsoem.a(ethercatbase.o)
                              obj/linux/firm_update.o (ec_FPWR)
/mnt/storageDevice/projects/learning_ethercat/new_SOEM/SOEM-1.3.1/lib/linux/libsoem.a(ethercatconfig.o)
                              obj/linux/firm_update.o (ec_config_init)
/mnt/storageDevice/projects/learning_ethercat/new_SOEM/SOEM-1.3.1/lib/linux/libsoem.a(ethercatfoe.o)
                              obj/linux/firm_update.o (ec_FOEwrite)
/mnt/storageDevice/projects/learning_ethercat/new_SOEM/SOEM-1.3.1/lib/linux/libsoem.a(ethercatmain.o)
                              obj/linux/firm_update.o (ec_slave)
/mnt/storageDevice/projects/learning_ethercat/new_SOEM/SOEM-1.3.1/lib/linux/libsoem.a(ethercatsoe.o)
                              /mnt/storageDevice/projects/learning_ethercat/new_SOEM/SOEM-1.3.1/lib/linux/libsoem.a(ethercatconfig.o) (ecx_readIDNmap)
/mnt/storageDevice/projects/learning_ethercat/new_SOEM/SOEM-1.3.1/lib/linux/libsoem.a(ethercatcoe.o)
                              /mnt/storageDevice/projects/learning_ethercat/new_SOEM/SOEM-1.3.1/lib/linux/libsoem.a(ethercatconfig.o) (ecx_readPDOmap)
/usr/lib/x86_64-linux-gnu/libc_nonshared.a(elf-init.oS)
                              /usr/lib/gcc/x86_64-linux-gnu/7/../../../x86_64-linux-gnu/Scrt1.o (__libc_csu_init)
/mnt/storageDevice/projects/learning_ethercat/new_SOEM/SOEM-1.3.1/lib/linux/liboshw.a(nicdrv.o)
                              /mnt/storageDevice/projects/learning_ethercat/new_SOEM/SOEM-1.3.1/lib/linux/libsoem.a(ethercatmain.o) (secMAC)
/mnt/storageDevice/projects/learning_ethercat/new_SOEM/SOEM-1.3.1/lib/linux/liboshw.a(oshw.o)
                              /mnt/storageDevice/projects/learning_ethercat/new_SOEM/SOEM-1.3.1/lib/linux/libsoem.a(ethercatmain.o) (oshw_htons)
/mnt/storageDevice/projects/learning_ethercat/new_SOEM/SOEM-1.3.1/lib/linux/libosal.a(osal.o)
                              /mnt/storageDevice/projects/learning_ethercat/new_SOEM/SOEM-1.3.1/lib/linux/libsoem.a(ethercatconfig.o) (osal_usleep)

As-needed library included to satisfy reference by file (symbol)

libc.so.6                     /mnt/storageDevice/projects/learning_ethercat/new_SOEM/SOEM-1.3.1/lib/linux/libsoem.a(ethercatconfig.o) (strcpy@@GLIBC_2.2.5)
libpthread.so.0               /mnt/storageDevice/projects/learning_ethercat/new_SOEM/SOEM-1.3.1/lib/linux/libosal.a(osal.o) (pthread_create@@GLIBC_2.2.5)

Allocating common symbols
Common symbol       size              file

ecx_port            0xcb30            /mnt/storageDevice/projects/learning_ethercat/new_SOEM/SOEM-1.3.1/lib/linux/libsoem.a(ethercatmain.o)
ecx_redport         0x6590            /mnt/storageDevice/projects/learning_ethercat/new_SOEM/SOEM-1.3.1/lib/linux/libsoem.a(ethercatmain.o)
ecx_mapt            0xc0              /mnt/storageDevice/projects/learning_ethercat/new_SOEM/SOEM-1.3.1/lib/linux/libsoem.a(ethercatconfig.o)
j                   0x4               obj/linux/firm_update.o
argslave            0x2               obj/linux/firm_update.o
ow                  0x2               obj/linux/firm_update.o
ecx_threadh         0x40              /mnt/storageDevice/projects/learning_ethercat/new_SOEM/SOEM-1.3.1/lib/linux/libsoem.a(ethercatconfig.o)
ec_DCtime           0x8               /mnt/storageDevice/projects/learning_ethercat/new_SOEM/SOEM-1.3.1/lib/linux/libsoem.a(ethercatmain.o)
filename            0x100             obj/linux/firm_update.o
data                0x4               obj/linux/firm_update.o
ec_slavecount       0x4               /mnt/storageDevice/projects/learning_ethercat/new_SOEM/SOEM-1.3.1/lib/linux/libsoem.a(ethercatmain.o)
filebuffer          0x800000          obj/linux/firm_update.o
ob                  0x1               obj/linux/firm_update.o
filesize            0x4               obj/linux/firm_update.o
ec_group            0x270             /mnt/storageDevice/projects/learning_ethercat/new_SOEM/SOEM-1.3.1/lib/linux/libsoem.a(ethercatmain.o)
ec_slave            0x10040           /mnt/storageDevice/projects/learning_ethercat/new_SOEM/SOEM-1.3.1/lib/linux/libsoem.a(ethercatmain.o)

Discarded input sections

 .rodata.cst4   0x0000000000000000        0x4 /usr/lib/gcc/x86_64-linux-gnu/7/../../../x86_64-linux-gnu/Scrt1.o
 .data          0x0000000000000000        0x4 /usr/lib/gcc/x86_64-linux-gnu/7/../../../x86_64-linux-gnu/Scrt1.o
 .bss           0x0000000000000000        0x0 /usr/lib/gcc/x86_64-linux-gnu/7/../../../x86_64-linux-gnu/Scrt1.o
 .note.GNU-stack
                0x0000000000000000        0x0 /usr/lib/gcc/x86_64-linux-gnu/7/../../../x86_64-linux-gnu/Scrt1.o
 .text          0x0000000000000000        0x0 /usr/lib/gcc/x86_64-linux-gnu/7/../../../x86_64-linux-gnu/crti.o
 .data          0x0000000000000000        0x0 /usr/lib/gcc/x86_64-linux-gnu/7/../../../x86_64-linux-gnu/crti.o
 .bss           0x0000000000000000        0x0 /usr/lib/gcc/x86_64-linux-gnu/7/../../../x86_64-linux-gnu/crti.o
 .note.GNU-stack
                0x0000000000000000        0x0 /usr/lib/gcc/x86_64-linux-gnu/7/../../../x86_64-linux-gnu/crti.o
 .data          0x0000000000000000        0x0 /usr/lib/gcc/x86_64-linux-gnu/7/crtbeginS.o
 .note.GNU-stack
                0x0000000000000000        0x0 /usr/lib/gcc/x86_64-linux-gnu/7/crtbeginS.o
 .text          0x0000000000000000        0x0 obj/linux/firm_update.o
 .data          0x0000000000000000        0x0 obj/linux/firm_update.o
 .bss           0x0000000000000000        0x0 obj/linux/firm_update.o
 .note.GNU-stack
                0x0000000000000000        0x0 obj/linux/firm_update.o
 .text          0x0000000000000000        0x0 /mnt/storageDevice/projects/learning_ethercat/new_SOEM/SOEM-1.3.1/lib/linux/libsoem.a(ethercatbase.o)
 .data          0x0000000000000000        0x0 /mnt/storageDevice/projects/learning_ethercat/new_SOEM/SOEM-1.3.1/lib/linux/libsoem.a(ethercatbase.o)
 .bss           0x0000000000000000        0x0 /mnt/storageDevice/projects/learning_ethercat/new_SOEM/SOEM-1.3.1/lib/linux/libsoem.a(ethercatbase.o)
 .text.ecx_adddatagram
                0x0000000000000000      0x1ae /mnt/storageDevice/projects/learning_ethercat/new_SOEM/SOEM-1.3.1/lib/linux/libsoem.a(ethercatbase.o)
 .text.ecx_ARMW
                0x0000000000000000      0x101 /mnt/storageDevice/projects/learning_ethercat/new_SOEM/SOEM-1.3.1/lib/linux/libsoem.a(ethercatbase.o)
 .text.ecx_FRMW
                0x0000000000000000      0x101 /mnt/storageDevice/projects/learning_ethercat/new_SOEM/SOEM-1.3.1/lib/linux/libsoem.a(ethercatbase.o)
 .text.ecx_LRW  0x0000000000000000      0x124 /mnt/storageDevice/projects/learning_ethercat/new_SOEM/SOEM-1.3.1/lib/linux/libsoem.a(ethercatbase.o)
 .text.ecx_LRD  0x0000000000000000      0x124 /mnt/storageDevice/projects/learning_ethercat/new_SOEM/SOEM-1.3.1/lib/linux/libsoem.a(ethercatbase.o)
 .text.ecx_LWR  0x0000000000000000       0xc9 /mnt/storageDevice/projects/learning_ethercat/new_SOEM/SOEM-1.3.1/lib/linux/libsoem.a(ethercatbase.o)
 .text.ecx_LRWDC
                0x0000000000000000      0x23b /mnt/storageDevice/projects/learning_ethercat/new_SOEM/SOEM-1.3.1/lib/linux/libsoem.a(ethercatbase.o)
 .text.ec_setupdatagram
                0x0000000000000000       0x6e /mnt/storageDevice/projects/learning_ethercat/new_SOEM/SOEM-1.3.1/lib/linux/libsoem.a(ethercatbase.o)
 .text.ec_adddatagram
                0x0000000000000000       0x83 /mnt/storageDevice/projects/learning_ethercat/new_SOEM/SOEM-1.3.1/lib/linux/libsoem.a(ethercatbase.o)
 .text.ec_BWR   0x0000000000000000       0x54 /mnt/storageDevice/projects/learning_ethercat/new_SOEM/SOEM-1.3.1/lib/linux/libsoem.a(ethercatbase.o)
 .text.ec_BRD   0x0000000000000000       0x54 /mnt/storageDevice/projects/learning_ethercat/new_SOEM/SOEM-1.3.1/lib/linux/libsoem.a(ethercatbase.o)
 .text.ec_APRD  0x0000000000000000       0x54 /mnt/storageDevice/projects/learning_ethercat/new_SOEM/SOEM-1.3.1/lib/linux/libsoem.a(ethercatbase.o)
 .text.ec_ARMW  0x0000000000000000       0x54 /mnt/storageDevice/projects/learning_ethercat/new_SOEM/SOEM-1.3.1/lib/linux/libsoem.a(ethercatbase.o)
 .text.ec_FRMW  0x0000000000000000       0x54 /mnt/storageDevice/projects/learning_ethercat/new_SOEM/SOEM-1.3.1/lib/linux/libsoem.a(ethercatbase.o)
 .text.ec_APRDw
                0x0000000000000000       0x73 /mnt/storageDevice/projects/learning_ethercat/new_SOEM/SOEM-1.3.1/lib/linux/libsoem.a(ethercatbase.o)
 .text.ec_FPRD  0x0000000000000000       0x54 /mnt/storageDevice/projects/learning_ethercat/new_SOEM/SOEM-1.3.1/lib/linux/libsoem.a(ethercatbase.o)
 .text.ec_FPRDw
                0x0000000000000000       0x73 /mnt/storageDevice/projects/learning_ethercat/new_SOEM/SOEM-1.3.1/lib/linux/libsoem.a(ethercatbase.o)
 .text.ec_APWR  0x0000000000000000       0x54 /mnt/storageDevice/projects/learning_ethercat/new_SOEM/SOEM-1.3.1/lib/linux/libsoem.a(ethercatbase.o)
 .text.ec_APWRw
                0x0000000000000000       0x45 /mnt/storageDevice/projects/learning_ethercat/new_SOEM/SOEM-1.3.1/lib/linux/libsoem.a(ethercatbase.o)
 .text.ec_FPWRw
                0x0000000000000000       0x45 /mnt/storageDevice/projects/learning_ethercat/new_SOEM/SOEM-1.3.1/lib/linux/libsoem.a(ethercatbase.o)
 .text.ec_LRW   0x0000000000000000       0x40 /mnt/storageDevice/projects/learning_ethercat/new_SOEM/SOEM-1.3.1/lib/linux/libsoem.a(ethercatbase.o)
 .text.ec_LRD   0x0000000000000000       0x40 /mnt/storageDevice/projects/learning_ethercat/new_SOEM/SOEM-1.3.1/lib/linux/libsoem.a(ethercatbase.o)
 .text.ec_LWR   0x0000000000000000       0x40 /mnt/storageDevice/projects/learning_ethercat/new_SOEM/SOEM-1.3.1/lib/linux/libsoem.a(ethercatbase.o)
 .text.ec_LRWDC
                0x0000000000000000       0x61 /mnt/storageDevice/projects/learning_ethercat/new_SOEM/SOEM-1.3.1/lib/linux/libsoem.a(ethercatbase.o)
 .note.GNU-stack
                0x0000000000000000        0x0 /mnt/storageDevice/projects/learning_ethercat/new_SOEM/SOEM-1.3.1/lib/linux/libsoem.a(ethercatbase.o)
 .text          0x0000000000000000        0x0 /mnt/storageDevice/projects/learning_ethercat/new_SOEM/SOEM-1.3.1/lib/linux/libsoem.a(ethercatconfig.o)
 .data          0x0000000000000000        0x0 /mnt/storageDevice/projects/learning_ethercat/new_SOEM/SOEM-1.3.1/lib/linux/libsoem.a(ethercatconfig.o)
 .bss           0x0000000000000000        0x0 /mnt/storageDevice/projects/learning_ethercat/new_SOEM/SOEM-1.3.1/lib/linux/libsoem.a(ethercatconfig.o)
 .text.ecx_lookup_mapping
                0x0000000000000000      0x33b /mnt/storageDevice/projects/learning_ethercat/new_SOEM/SOEM-1.3.1/lib/linux/libsoem.a(ethercatconfig.o)
 .text.ecx_map_coe_soe
                0x0000000000000000      0x31d /mnt/storageDevice/projects/learning_ethercat/new_SOEM/SOEM-1.3.1/lib/linux/libsoem.a(ethercatconfig.o)
 .text.ecx_map_sii
                0x0000000000000000      0x332 /mnt/storageDevice/projects/learning_ethercat/new_SOEM/SOEM-1.3.1/lib/linux/libsoem.a(ethercatconfig.o)
 .text.ecx_map_sm
                0x0000000000000000      0x45f /mnt/storageDevice/projects/learning_ethercat/new_SOEM/SOEM-1.3.1/lib/linux/libsoem.a(ethercatconfig.o)
 .text.ecx_mapper_thread
                0x0000000000000000       0x43 /mnt/storageDevice/projects/learning_ethercat/new_SOEM/SOEM-1.3.1/lib/linux/libsoem.a(ethercatconfig.o)
 .text.ecx_find_mapt
                0x0000000000000000       0x4d /mnt/storageDevice/projects/learning_ethercat/new_SOEM/SOEM-1.3.1/lib/linux/libsoem.a(ethercatconfig.o)
 .text.ecx_get_threadcount
                0x0000000000000000       0x48 /mnt/storageDevice/projects/learning_ethercat/new_SOEM/SOEM-1.3.1/lib/linux/libsoem.a(ethercatconfig.o)
 .text.ecx_config_map_group
                0x0000000000000000     0x1dc0 /mnt/storageDevice/projects/learning_ethercat/new_SOEM/SOEM-1.3.1/lib/linux/libsoem.a(ethercatconfig.o)
 .text.ecx_recover_slave
                0x0000000000000000      0x39c /mnt/storageDevice/projects/learning_ethercat/new_SOEM/SOEM-1.3.1/lib/linux/libsoem.a(ethercatconfig.o)
 .text.ecx_reconfig_slave
                0x0000000000000000      0x34c /mnt/storageDevice/projects/learning_ethercat/new_SOEM/SOEM-1.3.1/lib/linux/libsoem.a(ethercatconfig.o)
 .text.ec_config_map_group
                0x0000000000000000       0x2d /mnt/storageDevice/projects/learning_ethercat/new_SOEM/SOEM-1.3.1/lib/linux/libsoem.a(ethercatconfig.o)
 .text.ec_config_map
                0x0000000000000000       0x20 /mnt/storageDevice/projects/learning_ethercat/new_SOEM/SOEM-1.3.1/lib/linux/libsoem.a(ethercatconfig.o)
 .text.ec_config
                0x0000000000000000       0x3a /mnt/storageDevice/projects/learning_ethercat/new_SOEM/SOEM-1.3.1/lib/linux/libsoem.a(ethercatconfig.o)
 .text.ec_recover_slave
                0x0000000000000000       0x2b /mnt/storageDevice/projects/learning_ethercat/new_SOEM/SOEM-1.3.1/lib/linux/libsoem.a(ethercatconfig.o)
 .text.ec_reconfig_slave
                0x0000000000000000       0x2b /mnt/storageDevice/projects/learning_ethercat/new_SOEM/SOEM-1.3.1/lib/linux/libsoem.a(ethercatconfig.o)
 .note.GNU-stack
                0x0000000000000000        0x0 /mnt/storageDevice/projects/learning_ethercat/new_SOEM/SOEM-1.3.1/lib/linux/libsoem.a(ethercatconfig.o)
 COMMON         0x0000000000000000      0x100 /mnt/storageDevice/projects/learning_ethercat/new_SOEM/SOEM-1.3.1/lib/linux/libsoem.a(ethercatconfig.o)
 .text          0x0000000000000000        0x0 /mnt/storageDevice/projects/learning_ethercat/new_SOEM/SOEM-1.3.1/lib/linux/libsoem.a(ethercatfoe.o)
 .data          0x0000000000000000        0x0 /mnt/storageDevice/projects/learning_ethercat/new_SOEM/SOEM-1.3.1/lib/linux/libsoem.a(ethercatfoe.o)
 .bss           0x0000000000000000        0x0 /mnt/storageDevice/projects/learning_ethercat/new_SOEM/SOEM-1.3.1/lib/linux/libsoem.a(ethercatfoe.o)
 .text.ecx_FOEdefinehook
                0x0000000000000000       0x21 /mnt/storageDevice/projects/learning_ethercat/new_SOEM/SOEM-1.3.1/lib/linux/libsoem.a(ethercatfoe.o)
 .text.ecx_FOEread
                0x0000000000000000      0x477 /mnt/storageDevice/projects/learning_ethercat/new_SOEM/SOEM-1.3.1/lib/linux/libsoem.a(ethercatfoe.o)
 .text.ec_FOEdefinehook
                0x0000000000000000       0x20 /mnt/storageDevice/projects/learning_ethercat/new_SOEM/SOEM-1.3.1/lib/linux/libsoem.a(ethercatfoe.o)
 .text.ec_FOEread
                0x0000000000000000       0x61 /mnt/storageDevice/projects/learning_ethercat/new_SOEM/SOEM-1.3.1/lib/linux/libsoem.a(ethercatfoe.o)
 .note.GNU-stack
                0x0000000000000000        0x0 /mnt/storageDevice/projects/learning_ethercat/new_SOEM/SOEM-1.3.1/lib/linux/libsoem.a(ethercatfoe.o)
 .text          0x0000000000000000        0x0 /mnt/storageDevice/projects/learning_ethercat/new_SOEM/SOEM-1.3.1/lib/linux/libsoem.a(ethercatmain.o)
 .data          0x0000000000000000        0x0 /mnt/storageDevice/projects/learning_ethercat/new_SOEM/SOEM-1.3.1/lib/linux/libsoem.a(ethercatmain.o)
 .text.ec_find_adapters
                0x0000000000000000       0x18 /mnt/storageDevice/projects/learning_ethercat/new_SOEM/SOEM-1.3.1/lib/linux/libsoem.a(ethercatmain.o)
 .text.ec_free_adapters
                0x0000000000000000       0x1c /mnt/storageDevice/projects/learning_ethercat/new_SOEM/SOEM-1.3.1/lib/linux/libsoem.a(ethercatmain.o)
 .text.ecx_poperror
                0x0000000000000000       0xfd /mnt/storageDevice/projects/learning_ethercat/new_SOEM/SOEM-1.3.1/lib/linux/libsoem.a(ethercatmain.o)
 .text.ecx_iserror
                0x0000000000000000       0x25 /mnt/storageDevice/projects/learning_ethercat/new_SOEM/SOEM-1.3.1/lib/linux/libsoem.a(ethercatmain.o)
 .text.ecx_packeterror
                0x0000000000000000       0xc1 /mnt/storageDevice/projects/learning_ethercat/new_SOEM/SOEM-1.3.1/lib/linux/libsoem.a(ethercatmain.o)
 .text.ecx_init_redundant
                0x0000000000000000      0x120 /mnt/storageDevice/projects/learning_ethercat/new_SOEM/SOEM-1.3.1/lib/linux/libsoem.a(ethercatmain.o)
 .text.ecx_siiPDO
                0x0000000000000000      0x4e8 /mnt/storageDevice/projects/learning_ethercat/new_SOEM/SOEM-1.3.1/lib/linux/libsoem.a(ethercatmain.o)
 .text.ecx_FPRD_multi
                0x0000000000000000      0x301 /mnt/storageDevice/projects/learning_ethercat/new_SOEM/SOEM-1.3.1/lib/linux/libsoem.a(ethercatmain.o)
 .text.ecx_readstate
                0x0000000000000000      0x336 /mnt/storageDevice/projects/learning_ethercat/new_SOEM/SOEM-1.3.1/lib/linux/libsoem.a(ethercatmain.o)
 .text.ecx_esidump
                0x0000000000000000      0x163 /mnt/storageDevice/projects/learning_ethercat/new_SOEM/SOEM-1.3.1/lib/linux/libsoem.a(ethercatmain.o)
 .text.ecx_writeeeprom
                0x0000000000000000       0x8c /mnt/storageDevice/projects/learning_ethercat/new_SOEM/SOEM-1.3.1/lib/linux/libsoem.a(ethercatmain.o)
 .text.ecx_eeprom_waitnotbusyAP
                0x0000000000000000      0x113 /mnt/storageDevice/projects/learning_ethercat/new_SOEM/SOEM-1.3.1/lib/linux/libsoem.a(ethercatmain.o)
 .text.ecx_readeepromAP
                0x0000000000000000      0x273 /mnt/storageDevice/projects/learning_ethercat/new_SOEM/SOEM-1.3.1/lib/linux/libsoem.a(ethercatmain.o)
 .text.ecx_writeeepromAP
                0x0000000000000000      0x208 /mnt/storageDevice/projects/learning_ethercat/new_SOEM/SOEM-1.3.1/lib/linux/libsoem.a(ethercatmain.o)
 .text.ecx_writeeepromFP
                0x0000000000000000      0x208 /mnt/storageDevice/projects/learning_ethercat/new_SOEM/SOEM-1.3.1/lib/linux/libsoem.a(ethercatmain.o)
 .text.ecx_pushindex
                0x0000000000000000       0xb3 /mnt/storageDevice/projects/learning_ethercat/new_SOEM/SOEM-1.3.1/lib/linux/libsoem.a(ethercatmain.o)
 .text.ecx_pullindex
                0x0000000000000000       0x56 /mnt/storageDevice/projects/learning_ethercat/new_SOEM/SOEM-1.3.1/lib/linux/libsoem.a(ethercatmain.o)
 .text.ecx_send_processdata_group
                0x0000000000000000      0x950 /mnt/storageDevice/projects/learning_ethercat/new_SOEM/SOEM-1.3.1/lib/linux/libsoem.a(ethercatmain.o)
 .text.ecx_receive_processdata_group
                0x0000000000000000      0x3a3 /mnt/storageDevice/projects/learning_ethercat/new_SOEM/SOEM-1.3.1/lib/linux/libsoem.a(ethercatmain.o)
 .text.ecx_send_processdata
                0x0000000000000000       0x20 /mnt/storageDevice/projects/learning_ethercat/new_SOEM/SOEM-1.3.1/lib/linux/libsoem.a(ethercatmain.o)
 .text.ecx_receive_processdata
                0x0000000000000000       0x28 /mnt/storageDevice/projects/learning_ethercat/new_SOEM/SOEM-1.3.1/lib/linux/libsoem.a(ethercatmain.o)
 .text.ec_pusherror
                0x0000000000000000       0x21 /mnt/storageDevice/projects/learning_ethercat/new_SOEM/SOEM-1.3.1/lib/linux/libsoem.a(ethercatmain.o)
 .text.ec_poperror
                0x0000000000000000       0x20 /mnt/storageDevice/projects/learning_ethercat/new_SOEM/SOEM-1.3.1/lib/linux/libsoem.a(ethercatmain.o)
 .text.ec_iserror
                0x0000000000000000        0xd /mnt/storageDevice/projects/learning_ethercat/new_SOEM/SOEM-1.3.1/lib/linux/libsoem.a(ethercatmain.o)
 .text.ec_packeterror
                0x0000000000000000       0x46 /mnt/storageDevice/projects/learning_ethercat/new_SOEM/SOEM-1.3.1/lib/linux/libsoem.a(ethercatmain.o)
 .text.ec_init_redundant
                0x0000000000000000       0x34 /mnt/storageDevice/projects/learning_ethercat/new_SOEM/SOEM-1.3.1/lib/linux/libsoem.a(ethercatmain.o)
 .text.ec_siigetbyte
                0x0000000000000000       0x2f /mnt/storageDevice/projects/learning_ethercat/new_SOEM/SOEM-1.3.1/lib/linux/libsoem.a(ethercatmain.o)
 .text.ec_siifind
                0x0000000000000000       0x2f /mnt/storageDevice/projects/learning_ethercat/new_SOEM/SOEM-1.3.1/lib/linux/libsoem.a(ethercatmain.o)
 .text.ec_siistring
                0x0000000000000000       0x3b /mnt/storageDevice/projects/learning_ethercat/new_SOEM/SOEM-1.3.1/lib/linux/libsoem.a(ethercatmain.o)
 .text.ec_siiFMMU
                0x0000000000000000       0x2b /mnt/storageDevice/projects/learning_ethercat/new_SOEM/SOEM-1.3.1/lib/linux/libsoem.a(ethercatmain.o)
 .text.ec_siiSM
                0x0000000000000000       0x2b /mnt/storageDevice/projects/learning_ethercat/new_SOEM/SOEM-1.3.1/lib/linux/libsoem.a(ethercatmain.o)
 .text.ec_siiSMnext
                0x0000000000000000       0x39 /mnt/storageDevice/projects/learning_ethercat/new_SOEM/SOEM-1.3.1/lib/linux/libsoem.a(ethercatmain.o)
 .text.ec_siiPDO
                0x0000000000000000       0x38 /mnt/storageDevice/projects/learning_ethercat/new_SOEM/SOEM-1.3.1/lib/linux/libsoem.a(ethercatmain.o)
 .text.ec_readstate
                0x0000000000000000       0x15 /mnt/storageDevice/projects/learning_ethercat/new_SOEM/SOEM-1.3.1/lib/linux/libsoem.a(ethercatmain.o)
 .text.ec_mbxempty
                0x0000000000000000       0x2b /mnt/storageDevice/projects/learning_ethercat/new_SOEM/SOEM-1.3.1/lib/linux/libsoem.a(ethercatmain.o)
 .text.ec_mbxsend
                0x0000000000000000       0x33 /mnt/storageDevice/projects/learning_ethercat/new_SOEM/SOEM-1.3.1/lib/linux/libsoem.a(ethercatmain.o)
 .text.ec_mbxreceive
                0x0000000000000000       0x33 /mnt/storageDevice/projects/learning_ethercat/new_SOEM/SOEM-1.3.1/lib/linux/libsoem.a(ethercatmain.o)
 .text.ec_esidump
                0x0000000000000000       0x2c /mnt/storageDevice/projects/learning_ethercat/new_SOEM/SOEM-1.3.1/lib/linux/libsoem.a(ethercatmain.o)
 .text.ec_writeeeprom
                0x0000000000000000       0x44 /mnt/storageDevice/projects/learning_ethercat/new_SOEM/SOEM-1.3.1/lib/linux/libsoem.a(ethercatmain.o)
 .text.ec_eeprom2master
                0x0000000000000000       0x23 /mnt/storageDevice/projects/learning_ethercat/new_SOEM/SOEM-1.3.1/lib/linux/libsoem.a(ethercatmain.o)
 .text.ec_eeprom2pdi
                0x0000000000000000       0x23 /mnt/storageDevice/projects/learning_ethercat/new_SOEM/SOEM-1.3.1/lib/linux/libsoem.a(ethercatmain.o)
 .text.ec_eeprom_waitnotbusyAP
                0x0000000000000000       0x33 /mnt/storageDevice/projects/learning_ethercat/new_SOEM/SOEM-1.3.1/lib/linux/libsoem.a(ethercatmain.o)
 .text.ec_readeepromAP
                0x0000000000000000       0x39 /mnt/storageDevice/projects/learning_ethercat/new_SOEM/SOEM-1.3.1/lib/linux/libsoem.a(ethercatmain.o)
 .text.ec_writeeepromAP
                0x0000000000000000       0x44 /mnt/storageDevice/projects/learning_ethercat/new_SOEM/SOEM-1.3.1/lib/linux/libsoem.a(ethercatmain.o)
 .text.ec_eeprom_waitnotbusyFP
                0x0000000000000000       0x33 /mnt/storageDevice/projects/learning_ethercat/new_SOEM/SOEM-1.3.1/lib/linux/libsoem.a(ethercatmain.o)
 .text.ec_readeepromFP
                0x0000000000000000       0x39 /mnt/storageDevice/projects/learning_ethercat/new_SOEM/SOEM-1.3.1/lib/linux/libsoem.a(ethercatmain.o)
 .text.ec_writeeepromFP
                0x0000000000000000       0x44 /mnt/storageDevice/projects/learning_ethercat/new_SOEM/SOEM-1.3.1/lib/linux/libsoem.a(ethercatmain.o)
 .text.ec_readeeprom1
                0x0000000000000000       0x30 /mnt/storageDevice/projects/learning_ethercat/new_SOEM/SOEM-1.3.1/lib/linux/libsoem.a(ethercatmain.o)
 .text.ec_readeeprom2
                0x0000000000000000       0x2b /mnt/storageDevice/projects/learning_ethercat/new_SOEM/SOEM-1.3.1/lib/linux/libsoem.a(ethercatmain.o)
 .text.ec_send_processdata_group
                0x0000000000000000       0x22 /mnt/storageDevice/projects/learning_ethercat/new_SOEM/SOEM-1.3.1/lib/linux/libsoem.a(ethercatmain.o)
 .text.ec_receive_processdata_group
                0x0000000000000000       0x2a /mnt/storageDevice/projects/learning_ethercat/new_SOEM/SOEM-1.3.1/lib/linux/libsoem.a(ethercatmain.o)
 .text.ec_send_processdata
                0x0000000000000000       0x13 /mnt/storageDevice/projects/learning_ethercat/new_SOEM/SOEM-1.3.1/lib/linux/libsoem.a(ethercatmain.o)
 .text.ec_receive_processdata
                0x0000000000000000       0x1d /mnt/storageDevice/projects/learning_ethercat/new_SOEM/SOEM-1.3.1/lib/linux/libsoem.a(ethercatmain.o)
 .note.GNU-stack
                0x0000000000000000        0x0 /mnt/storageDevice/projects/learning_ethercat/new_SOEM/SOEM-1.3.1/lib/linux/libsoem.a(ethercatmain.o)
 .text          0x0000000000000000        0x0 /mnt/storageDevice/projects/learning_ethercat/new_SOEM/SOEM-1.3.1/lib/linux/libsoem.a(ethercatsoe.o)
 .data          0x0000000000000000        0x0 /mnt/storageDevice/projects/learning_ethercat/new_SOEM/SOEM-1.3.1/lib/linux/libsoem.a(ethercatsoe.o)
 .bss           0x0000000000000000        0x0 /mnt/storageDevice/projects/learning_ethercat/new_SOEM/SOEM-1.3.1/lib/linux/libsoem.a(ethercatsoe.o)
 .text.ecx_SoEerror
                0x0000000000000000       0xb4 /mnt/storageDevice/projects/learning_ethercat/new_SOEM/SOEM-1.3.1/lib/linux/libsoem.a(ethercatsoe.o)
 .text.ecx_SoEread
                0x0000000000000000      0x467 /mnt/storageDevice/projects/learning_ethercat/new_SOEM/SOEM-1.3.1/lib/linux/libsoem.a(ethercatsoe.o)
 .text.ecx_SoEwrite
                0x0000000000000000      0x476 /mnt/storageDevice/projects/learning_ethercat/new_SOEM/SOEM-1.3.1/lib/linux/libsoem.a(ethercatsoe.o)
 .text.ecx_readIDNmap
                0x0000000000000000      0x32f /mnt/storageDevice/projects/learning_ethercat/new_SOEM/SOEM-1.3.1/lib/linux/libsoem.a(ethercatsoe.o)
 .text.ec_SoEread
                0x0000000000000000       0x64 /mnt/storageDevice/projects/learning_ethercat/new_SOEM/SOEM-1.3.1/lib/linux/libsoem.a(ethercatsoe.o)
 .text.ec_SoEwrite
                0x0000000000000000       0x64 /mnt/storageDevice/projects/learning_ethercat/new_SOEM/SOEM-1.3.1/lib/linux/libsoem.a(ethercatsoe.o)
 .text.ec_readIDNmap
                0x0000000000000000       0x37 /mnt/storageDevice/projects/learning_ethercat/new_SOEM/SOEM-1.3.1/lib/linux/libsoem.a(ethercatsoe.o)
 .note.GNU-stack
                0x0000000000000000        0x0 /mnt/storageDevice/projects/learning_ethercat/new_SOEM/SOEM-1.3.1/lib/linux/libsoem.a(ethercatsoe.o)
 .text          0x0000000000000000        0x0 /mnt/storageDevice/projects/learning_ethercat/new_SOEM/SOEM-1.3.1/lib/linux/libsoem.a(ethercatcoe.o)
 .data          0x0000000000000000        0x0 /mnt/storageDevice/projects/learning_ethercat/new_SOEM/SOEM-1.3.1/lib/linux/libsoem.a(ethercatcoe.o)
 .bss           0x0000000000000000        0x0 /mnt/storageDevice/projects/learning_ethercat/new_SOEM/SOEM-1.3.1/lib/linux/libsoem.a(ethercatcoe.o)
 .text.ecx_SDOerror
                0x0000000000000000       0xba /mnt/storageDevice/projects/learning_ethercat/new_SOEM/SOEM-1.3.1/lib/linux/libsoem.a(ethercatcoe.o)
 .text.ecx_SDOinfoerror
                0x0000000000000000       0xb0 /mnt/storageDevice/projects/learning_ethercat/new_SOEM/SOEM-1.3.1/lib/linux/libsoem.a(ethercatcoe.o)
 .text.ecx_SDOread
                0x0000000000000000      0x728 /mnt/storageDevice/projects/learning_ethercat/new_SOEM/SOEM-1.3.1/lib/linux/libsoem.a(ethercatcoe.o)
 .text.ecx_SDOwrite
                0x0000000000000000      0x87f /mnt/storageDevice/projects/learning_ethercat/new_SOEM/SOEM-1.3.1/lib/linux/libsoem.a(ethercatcoe.o)
 .text.ecx_RxPDO
                0x0000000000000000      0x1f3 /mnt/storageDevice/projects/learning_ethercat/new_SOEM/SOEM-1.3.1/lib/linux/libsoem.a(ethercatcoe.o)
 .text.ecx_TxPDO
                0x0000000000000000      0x2d7 /mnt/storageDevice/projects/learning_ethercat/new_SOEM/SOEM-1.3.1/lib/linux/libsoem.a(ethercatcoe.o)
 .text.ecx_readPDOassign
                0x0000000000000000      0x269 /mnt/storageDevice/projects/learning_ethercat/new_SOEM/SOEM-1.3.1/lib/linux/libsoem.a(ethercatcoe.o)
 .text.ecx_readPDOassignCA
                0x0000000000000000      0x1ec /mnt/storageDevice/projects/learning_ethercat/new_SOEM/SOEM-1.3.1/lib/linux/libsoem.a(ethercatcoe.o)
 .text.ecx_readPDOmap
                0x0000000000000000      0x34c /mnt/storageDevice/projects/learning_ethercat/new_SOEM/SOEM-1.3.1/lib/linux/libsoem.a(ethercatcoe.o)
 .text.ecx_readPDOmapCA
                0x0000000000000000      0x304 /mnt/storageDevice/projects/learning_ethercat/new_SOEM/SOEM-1.3.1/lib/linux/libsoem.a(ethercatcoe.o)
 .text.ecx_readODlist
                0x0000000000000000      0x42b /mnt/storageDevice/projects/learning_ethercat/new_SOEM/SOEM-1.3.1/lib/linux/libsoem.a(ethercatcoe.o)
 .text.ecx_readODdescription
                0x0000000000000000      0x417 /mnt/storageDevice/projects/learning_ethercat/new_SOEM/SOEM-1.3.1/lib/linux/libsoem.a(ethercatcoe.o)
 .text.ecx_readOEsingle
                0x0000000000000000      0x3f9 /mnt/storageDevice/projects/learning_ethercat/new_SOEM/SOEM-1.3.1/lib/linux/libsoem.a(ethercatcoe.o)
 .text.ecx_readOE
                0x0000000000000000       0x97 /mnt/storageDevice/projects/learning_ethercat/new_SOEM/SOEM-1.3.1/lib/linux/libsoem.a(ethercatcoe.o)
 .text.ec_SDOerror
                0x0000000000000000       0x44 /mnt/storageDevice/projects/learning_ethercat/new_SOEM/SOEM-1.3.1/lib/linux/libsoem.a(ethercatcoe.o)
 .text.ec_SDOread
                0x0000000000000000       0x64 /mnt/storageDevice/projects/learning_ethercat/new_SOEM/SOEM-1.3.1/lib/linux/libsoem.a(ethercatcoe.o)
 .text.ec_SDOwrite
                0x0000000000000000       0x64 /mnt/storageDevice/projects/learning_ethercat/new_SOEM/SOEM-1.3.1/lib/linux/libsoem.a(ethercatcoe.o)
 .text.ec_RxPDO
                0x0000000000000000       0x44 /mnt/storageDevice/projects/learning_ethercat/new_SOEM/SOEM-1.3.1/lib/linux/libsoem.a(ethercatcoe.o)
 .text.ec_TxPDO
                0x0000000000000000       0x52 /mnt/storageDevice/projects/learning_ethercat/new_SOEM/SOEM-1.3.1/lib/linux/libsoem.a(ethercatcoe.o)
 .text.ec_readPDOassign
                0x0000000000000000       0x2f /mnt/storageDevice/projects/learning_ethercat/new_SOEM/SOEM-1.3.1/lib/linux/libsoem.a(ethercatcoe.o)
 .text.ec_readPDOassignCA
                0x0000000000000000       0x2f /mnt/storageDevice/projects/learning_ethercat/new_SOEM/SOEM-1.3.1/lib/linux/libsoem.a(ethercatcoe.o)
 .text.ec_readPDOmap
                0x0000000000000000       0x37 /mnt/storageDevice/projects/learning_ethercat/new_SOEM/SOEM-1.3.1/lib/linux/libsoem.a(ethercatcoe.o)
 .text.ec_readPDOmapCA
                0x0000000000000000       0x37 /mnt/storageDevice/projects/learning_ethercat/new_SOEM/SOEM-1.3.1/lib/linux/libsoem.a(ethercatcoe.o)
 .text.ec_readODlist
                0x0000000000000000       0x2b /mnt/storageDevice/projects/learning_ethercat/new_SOEM/SOEM-1.3.1/lib/linux/libsoem.a(ethercatcoe.o)
 .text.ec_readODdescription
                0x0000000000000000       0x2b /mnt/storageDevice/projects/learning_ethercat/new_SOEM/SOEM-1.3.1/lib/linux/libsoem.a(ethercatcoe.o)
 .text.ec_readOEsingle
                0x0000000000000000       0x45 /mnt/storageDevice/projects/learning_ethercat/new_SOEM/SOEM-1.3.1/lib/linux/libsoem.a(ethercatcoe.o)
 .text.ec_readOE
                0x0000000000000000       0x37 /mnt/storageDevice/projects/learning_ethercat/new_SOEM/SOEM-1.3.1/lib/linux/libsoem.a(ethercatcoe.o)
 .note.GNU-stack
                0x0000000000000000        0x0 /mnt/storageDevice/projects/learning_ethercat/new_SOEM/SOEM-1.3.1/lib/linux/libsoem.a(ethercatcoe.o)
 .data          0x0000000000000000        0x0 /usr/lib/x86_64-linux-gnu/libc_nonshared.a(elf-init.oS)
 .bss           0x0000000000000000        0x0 /usr/lib/x86_64-linux-gnu/libc_nonshared.a(elf-init.oS)
 .note.GNU-stack
                0x0000000000000000        0x0 /usr/lib/x86_64-linux-gnu/libc_nonshared.a(elf-init.oS)
 .text          0x0000000000000000        0x0 /mnt/storageDevice/projects/learning_ethercat/new_SOEM/SOEM-1.3.1/lib/linux/liboshw.a(nicdrv.o)
 .data          0x0000000000000000        0x0 /mnt/storageDevice/projects/learning_ethercat/new_SOEM/SOEM-1.3.1/lib/linux/liboshw.a(nicdrv.o)
 .bss           0x0000000000000000        0x0 /mnt/storageDevice/projects/learning_ethercat/new_SOEM/SOEM-1.3.1/lib/linux/liboshw.a(nicdrv.o)
 .rodata        0x0000000000000000        0xc /mnt/storageDevice/projects/learning_ethercat/new_SOEM/SOEM-1.3.1/lib/linux/liboshw.a(nicdrv.o)
 .text.ecx_waitinframe
                0x0000000000000000       0x8b /mnt/storageDevice/projects/learning_ethercat/new_SOEM/SOEM-1.3.1/lib/linux/liboshw.a(nicdrv.o)
 .text.ec_setupnic
                0x0000000000000000       0x2a /mnt/storageDevice/projects/learning_ethercat/new_SOEM/SOEM-1.3.1/lib/linux/liboshw.a(nicdrv.o)
 .text.ec_closenic
                0x0000000000000000       0x15 /mnt/storageDevice/projects/learning_ethercat/new_SOEM/SOEM-1.3.1/lib/linux/liboshw.a(nicdrv.o)
 .text.ec_getindex
                0x0000000000000000       0x15 /mnt/storageDevice/projects/learning_ethercat/new_SOEM/SOEM-1.3.1/lib/linux/liboshw.a(nicdrv.o)
 .text.ec_setbufstat
                0x0000000000000000       0x26 /mnt/storageDevice/projects/learning_ethercat/new_SOEM/SOEM-1.3.1/lib/linux/liboshw.a(nicdrv.o)
 .text.ec_outframe
                0x0000000000000000       0x27 /mnt/storageDevice/projects/learning_ethercat/new_SOEM/SOEM-1.3.1/lib/linux/liboshw.a(nicdrv.o)
 .text.ec_outframe_red
                0x0000000000000000       0x1f /mnt/storageDevice/projects/learning_ethercat/new_SOEM/SOEM-1.3.1/lib/linux/liboshw.a(nicdrv.o)
 .text.ec_inframe
                0x0000000000000000       0x27 /mnt/storageDevice/projects/learning_ethercat/new_SOEM/SOEM-1.3.1/lib/linux/liboshw.a(nicdrv.o)
 .text.ec_waitinframe
                0x0000000000000000       0x27 /mnt/storageDevice/projects/learning_ethercat/new_SOEM/SOEM-1.3.1/lib/linux/liboshw.a(nicdrv.o)
 .text.ec_srconfirm
                0x0000000000000000       0x27 /mnt/storageDevice/projects/learning_ethercat/new_SOEM/SOEM-1.3.1/lib/linux/liboshw.a(nicdrv.o)
 .note.GNU-stack
                0x0000000000000000        0x0 /mnt/storageDevice/projects/learning_ethercat/new_SOEM/SOEM-1.3.1/lib/linux/liboshw.a(nicdrv.o)
 .text          0x0000000000000000        0x0 /mnt/storageDevice/projects/learning_ethercat/new_SOEM/SOEM-1.3.1/lib/linux/liboshw.a(oshw.o)
 .data          0x0000000000000000        0x0 /mnt/storageDevice/projects/learning_ethercat/new_SOEM/SOEM-1.3.1/lib/linux/liboshw.a(oshw.o)
 .bss           0x0000000000000000        0x0 /mnt/storageDevice/projects/learning_ethercat/new_SOEM/SOEM-1.3.1/lib/linux/liboshw.a(oshw.o)
 .text.oshw_htons
                0x0000000000000000       0x26 /mnt/storageDevice/projects/learning_ethercat/new_SOEM/SOEM-1.3.1/lib/linux/liboshw.a(oshw.o)
 .text.oshw_ntohs
                0x0000000000000000       0x26 /mnt/storageDevice/projects/learning_ethercat/new_SOEM/SOEM-1.3.1/lib/linux/liboshw.a(oshw.o)
 .text.oshw_find_adapters
                0x0000000000000000      0x19e /mnt/storageDevice/projects/learning_ethercat/new_SOEM/SOEM-1.3.1/lib/linux/liboshw.a(oshw.o)
 .text.oshw_free_adapters
                0x0000000000000000       0x67 /mnt/storageDevice/projects/learning_ethercat/new_SOEM/SOEM-1.3.1/lib/linux/liboshw.a(oshw.o)
 .note.GNU-stack
                0x0000000000000000        0x0 /mnt/storageDevice/projects/learning_ethercat/new_SOEM/SOEM-1.3.1/lib/linux/liboshw.a(oshw.o)
 .text          0x0000000000000000        0x0 /mnt/storageDevice/projects/learning_ethercat/new_SOEM/SOEM-1.3.1/lib/linux/libosal.a(osal.o)
 .data          0x0000000000000000        0x0 /mnt/storageDevice/projects/learning_ethercat/new_SOEM/SOEM-1.3.1/lib/linux/libosal.a(osal.o)
 .bss           0x0000000000000000        0x0 /mnt/storageDevice/projects/learning_ethercat/new_SOEM/SOEM-1.3.1/lib/linux/libosal.a(osal.o)
 .text.osal_time_diff
                0x0000000000000000       0x75 /mnt/storageDevice/projects/learning_ethercat/new_SOEM/SOEM-1.3.1/lib/linux/libosal.a(osal.o)
 .text.osal_malloc
                0x0000000000000000       0x1b /mnt/storageDevice/projects/learning_ethercat/new_SOEM/SOEM-1.3.1/lib/linux/libosal.a(osal.o)
 .text.osal_free
                0x0000000000000000       0x1c /mnt/storageDevice/projects/learning_ethercat/new_SOEM/SOEM-1.3.1/lib/linux/libosal.a(osal.o)
 .text.osal_thread_create
                0x0000000000000000       0xa0 /mnt/storageDevice/projects/learning_ethercat/new_SOEM/SOEM-1.3.1/lib/linux/libosal.a(osal.o)
 .text.osal_thread_create_rt
                0x0000000000000000       0xf8 /mnt/storageDevice/projects/learning_ethercat/new_SOEM/SOEM-1.3.1/lib/linux/libosal.a(osal.o)
 .note.GNU-stack
                0x0000000000000000        0x0 /mnt/storageDevice/projects/learning_ethercat/new_SOEM/SOEM-1.3.1/lib/linux/libosal.a(osal.o)
 .text          0x0000000000000000        0x0 /usr/lib/gcc/x86_64-linux-gnu/7/crtendS.o
 .data          0x0000000000000000        0x0 /usr/lib/gcc/x86_64-linux-gnu/7/crtendS.o
 .bss           0x0000000000000000        0x0 /usr/lib/gcc/x86_64-linux-gnu/7/crtendS.o
 .note.GNU-stack
                0x0000000000000000        0x0 /usr/lib/gcc/x86_64-linux-gnu/7/crtendS.o
 .text          0x0000000000000000        0x0 /usr/lib/gcc/x86_64-linux-gnu/7/../../../x86_64-linux-gnu/crtn.o
 .data          0x0000000000000000        0x0 /usr/lib/gcc/x86_64-linux-gnu/7/../../../x86_64-linux-gnu/crtn.o
 .bss           0x0000000000000000        0x0 /usr/lib/gcc/x86_64-linux-gnu/7/../../../x86_64-linux-gnu/crtn.o
 .note.GNU-stack
                0x0000000000000000        0x0 /usr/lib/gcc/x86_64-linux-gnu/7/../../../x86_64-linux-gnu/crtn.o

Memory Configuration

Name             Origin             Length             Attributes
*default*        0x0000000000000000 0xffffffffffffffff

Linker script and memory map

LOAD /usr/lib/gcc/x86_64-linux-gnu/7/../../../x86_64-linux-gnu/Scrt1.o
LOAD /usr/lib/gcc/x86_64-linux-gnu/7/../../../x86_64-linux-gnu/crti.o
LOAD /usr/lib/gcc/x86_64-linux-gnu/7/crtbeginS.o
LOAD obj/linux/firm_update.o
START GROUP
LOAD /mnt/storageDevice/projects/learning_ethercat/new_SOEM/SOEM-1.3.1/lib/linux/liboshw.a
LOAD /mnt/storageDevice/projects/learning_ethercat/new_SOEM/SOEM-1.3.1/lib/linux/libosal.a
LOAD /mnt/storageDevice/projects/learning_ethercat/new_SOEM/SOEM-1.3.1/lib/linux/libsoem.a
LOAD /usr/lib/gcc/x86_64-linux-gnu/7/../../../x86_64-linux-gnu/libc.so
START GROUP
LOAD /lib/x86_64-linux-gnu/libc.so.6
LOAD /usr/lib/x86_64-linux-gnu/libc_nonshared.a
LOAD /lib/x86_64-linux-gnu/ld-linux-x86-64.so.2
END GROUP
LOAD /usr/lib/gcc/x86_64-linux-gnu/7/../../../x86_64-linux-gnu/libm.so
START GROUP
LOAD /lib/x86_64-linux-gnu/libm.so.6
LOAD /usr/lib/x86_64-linux-gnu/libmvec_nonshared.a
LOAD /lib/x86_64-linux-gnu/libmvec.so.1
END GROUP
END GROUP
LOAD /usr/lib/gcc/x86_64-linux-gnu/7/../../../x86_64-linux-gnu/libpthread.so
START GROUP
LOAD /lib/x86_64-linux-gnu/libpthread.so.0
LOAD /usr/lib/x86_64-linux-gnu/libpthread_nonshared.a
END GROUP
LOAD /usr/lib/gcc/x86_64-linux-gnu/7/../../../x86_64-linux-gnu/librt.so
LOAD /usr/lib/gcc/x86_64-linux-gnu/7/libgcc.a
LOAD /usr/lib/gcc/x86_64-linux-gnu/7/libgcc_s.so
START GROUP
LOAD /usr/lib/gcc/x86_64-linux-gnu/7/libgcc_s.so.1
LOAD /usr/lib/gcc/x86_64-linux-gnu/7/libgcc.a
END GROUP
LOAD /usr/lib/gcc/x86_64-linux-gnu/7/../../../x86_64-linux-gnu/libc.so
START GROUP
LOAD /lib/x86_64-linux-gnu/libc.so.6
LOAD /usr/lib/x86_64-linux-gnu/libc_nonshared.a
LOAD /lib/x86_64-linux-gnu/ld-linux-x86-64.so.2
END GROUP
LOAD /usr/lib/gcc/x86_64-linux-gnu/7/libgcc.a
LOAD /usr/lib/gcc/x86_64-linux-gnu/7/libgcc_s.so
START GROUP
LOAD /usr/lib/gcc/x86_64-linux-gnu/7/libgcc_s.so.1
LOAD /usr/lib/gcc/x86_64-linux-gnu/7/libgcc.a
END GROUP
LOAD /usr/lib/gcc/x86_64-linux-gnu/7/crtendS.o
LOAD /usr/lib/gcc/x86_64-linux-gnu/7/../../../x86_64-linux-gnu/crtn.o
                [!provide]                        PROVIDE (__executable_start = SEGMENT_START ("text-segment", 0x0))
                0x0000000000000238                . = (SEGMENT_START ("text-segment", 0x0) + SIZEOF_HEADERS)

.interp         0x0000000000000238       0x1c
 *(.interp)
 .interp        0x0000000000000238       0x1c /usr/lib/gcc/x86_64-linux-gnu/7/../../../x86_64-linux-gnu/Scrt1.o

.note.ABI-tag   0x0000000000000254       0x20
 .note.ABI-tag  0x0000000000000254       0x20 /usr/lib/gcc/x86_64-linux-gnu/7/../../../x86_64-linux-gnu/Scrt1.o

.note.gnu.build-id
                0x0000000000000274       0x24
 *(.note.gnu.build-id)
 .note.gnu.build-id
                0x0000000000000274       0x24 /usr/lib/gcc/x86_64-linux-gnu/7/../../../x86_64-linux-gnu/Scrt1.o

.hash
 *(.hash)

.gnu.hash       0x0000000000000298       0x1c
 *(.gnu.hash)
 .gnu.hash      0x0000000000000298       0x1c /usr/lib/gcc/x86_64-linux-gnu/7/../../../x86_64-linux-gnu/Scrt1.o

.dynsym         0x00000000000002b8      0x300
 *(.dynsym)
 .dynsym        0x00000000000002b8      0x300 /usr/lib/gcc/x86_64-linux-gnu/7/../../../x86_64-linux-gnu/Scrt1.o

.dynstr         0x00000000000005b8      0x185
 *(.dynstr)
 .dynstr        0x00000000000005b8      0x185 /usr/lib/gcc/x86_64-linux-gnu/7/../../../x86_64-linux-gnu/Scrt1.o

.gnu.version    0x000000000000073e       0x40
 *(.gnu.version)
 .gnu.version   0x000000000000073e       0x40 /usr/lib/gcc/x86_64-linux-gnu/7/../../../x86_64-linux-gnu/Scrt1.o

.gnu.version_d  0x0000000000000780        0x0
 *(.gnu.version_d)
 .gnu.version_d
                0x0000000000000780        0x0 /usr/lib/gcc/x86_64-linux-gnu/7/../../../x86_64-linux-gnu/Scrt1.o

.gnu.version_r  0x0000000000000780       0x50
 *(.gnu.version_r)
 .gnu.version_r
                0x0000000000000780       0x50 /usr/lib/gcc/x86_64-linux-gnu/7/../../../x86_64-linux-gnu/Scrt1.o

.rela.dyn       0x00000000000007d0      0x228
 *(.rela.init)
 *(.rela.text .rela.text.* .rela.gnu.linkonce.t.*)
 .rela.text.input_bin
                0x00000000000007d0        0x0 /usr/lib/gcc/x86_64-linux-gnu/7/../../../x86_64-linux-gnu/Scrt1.o
 .rela.text.boottest
                0x00000000000007d0        0x0 /usr/lib/gcc/x86_64-linux-gnu/7/../../../x86_64-linux-gnu/Scrt1.o
 .rela.text.main
                0x00000000000007d0        0x0 /usr/lib/gcc/x86_64-linux-gnu/7/../../../x86_64-linux-gnu/Scrt1.o
 .rela.text.ec_FPWR
                0x00000000000007d0        0x0 /usr/lib/gcc/x86_64-linux-gnu/7/../../../x86_64-linux-gnu/Scrt1.o
 .rela.text     0x00000000000007d0        0x0 /usr/lib/gcc/x86_64-linux-gnu/7/../../../x86_64-linux-gnu/Scrt1.o
 *(.rela.fini)
 *(.rela.rodata .rela.rodata.* .rela.gnu.linkonce.r.*)
 *(.rela.data .rela.data.* .rela.gnu.linkonce.d.*)
 .rela.data.rel.ro
                0x00000000000007d0        0x0 /usr/lib/gcc/x86_64-linux-gnu/7/../../../x86_64-linux-gnu/Scrt1.o
 .rela.data.rel.local
                0x00000000000007d0      0x180 /usr/lib/gcc/x86_64-linux-gnu/7/../../../x86_64-linux-gnu/Scrt1.o
 *(.rela.tdata .rela.tdata.* .rela.gnu.linkonce.td.*)
 *(.rela.tbss .rela.tbss.* .rela.gnu.linkonce.tb.*)
 *(.rela.ctors)
 *(.rela.dtors)
 *(.rela.got)
 .rela.got      0x0000000000000950       0x78 /usr/lib/gcc/x86_64-linux-gnu/7/../../../x86_64-linux-gnu/Scrt1.o
 *(.rela.bss .rela.bss.* .rela.gnu.linkonce.b.*)
 .rela.bss      0x00000000000009c8        0x0 /usr/lib/gcc/x86_64-linux-gnu/7/../../../x86_64-linux-gnu/Scrt1.o
 *(.rela.ldata .rela.ldata.* .rela.gnu.linkonce.l.*)
 *(.rela.lbss .rela.lbss.* .rela.gnu.linkonce.lb.*)
 *(.rela.lrodata .rela.lrodata.* .rela.gnu.linkonce.lr.*)
 *(.rela.ifunc)
 .rela.ifunc    0x00000000000009c8        0x0 /usr/lib/gcc/x86_64-linux-gnu/7/../../../x86_64-linux-gnu/Scrt1.o
 .rela.fini_array
                0x00000000000009c8       0x18 /usr/lib/gcc/x86_64-linux-gnu/7/../../../x86_64-linux-gnu/Scrt1.o
 .rela.init_array
                0x00000000000009e0       0x18 /usr/lib/gcc/x86_64-linux-gnu/7/../../../x86_64-linux-gnu/Scrt1.o

.rela.plt       0x00000000000009f8      0x270
 *(.rela.plt)
 .rela.plt      0x00000000000009f8      0x270 /usr/lib/gcc/x86_64-linux-gnu/7/../../../x86_64-linux-gnu/Scrt1.o
                [!provide]                        PROVIDE (__rela_iplt_start = .)
 *(.rela.iplt)
                [!provide]                        PROVIDE (__rela_iplt_end = .)

.init           0x0000000000000c68       0x17
 *(SORT_NONE(.init))
 .init          0x0000000000000c68       0x12 /usr/lib/gcc/x86_64-linux-gnu/7/../../../x86_64-linux-gnu/crti.o
                0x0000000000000c68                _init
 .init          0x0000000000000c7a        0x5 /usr/lib/gcc/x86_64-linux-gnu/7/../../../x86_64-linux-gnu/crtn.o

.plt            0x0000000000000c80      0x1b0
 *(.plt)
 .plt           0x0000000000000c80      0x1b0 /usr/lib/gcc/x86_64-linux-gnu/7/../../../x86_64-linux-gnu/Scrt1.o
 *(.iplt)

.plt.got        0x0000000000000e30        0x8
 *(.plt.got)
 .plt.got       0x0000000000000e30        0x8 /usr/lib/gcc/x86_64-linux-gnu/7/../../../x86_64-linux-gnu/Scrt1.o

.plt.sec
 *(.plt.sec)

.text           0x0000000000000e40     0x786e
 *(.text.unlikely .text.*_unlikely .text.unlikely.*)
 *(.text.exit .text.exit.*)
 *(.text.startup .text.startup.*)
 *(.text.hot .text.hot.*)
 *(.text .stub .text.* .gnu.linkonce.t.*)
 .text          0x0000000000000e40       0x2b /usr/lib/gcc/x86_64-linux-gnu/7/../../../x86_64-linux-gnu/Scrt1.o
                0x0000000000000e40                _start
 *fill*         0x0000000000000e6b        0x5 
 .text          0x0000000000000e70       0xda /usr/lib/gcc/x86_64-linux-gnu/7/crtbeginS.o
 .text.input_bin
                0x0000000000000f4a       0x9e obj/linux/firm_update.o
                0x0000000000000f4a                input_bin
 .text.boottest
                0x0000000000000fe8      0x6c1 obj/linux/firm_update.o
                0x0000000000000fe8                boottest
 .text.main     0x00000000000016a9       0xb7 obj/linux/firm_update.o
                0x00000000000016a9                main
 .text.ecx_writedatagramdata
                0x0000000000001760       0x89 /mnt/storageDevice/projects/learning_ethercat/new_SOEM/SOEM-1.3.1/lib/linux/libsoem.a(ethercatbase.o)
 .text.ecx_setupdatagram
                0x00000000000017e9      0x118 /mnt/storageDevice/projects/learning_ethercat/new_SOEM/SOEM-1.3.1/lib/linux/libsoem.a(ethercatbase.o)
                0x00000000000017e9                ecx_setupdatagram
 .text.ecx_BWR  0x0000000000001901       0xc8 /mnt/storageDevice/projects/learning_ethercat/new_SOEM/SOEM-1.3.1/lib/linux/libsoem.a(ethercatbase.o)
                0x0000000000001901                ecx_BWR
 .text.ecx_BRD  0x00000000000019c9      0x101 /mnt/storageDevice/projects/learning_ethercat/new_SOEM/SOEM-1.3.1/lib/linux/libsoem.a(ethercatbase.o)
                0x00000000000019c9                ecx_BRD
 .text.ecx_APRD
                0x0000000000001aca      0x101 /mnt/storageDevice/projects/learning_ethercat/new_SOEM/SOEM-1.3.1/lib/linux/libsoem.a(ethercatbase.o)
                0x0000000000001aca                ecx_APRD
 .text.ecx_APRDw
                0x0000000000001bcb       0x7c /mnt/storageDevice/projects/learning_ethercat/new_SOEM/SOEM-1.3.1/lib/linux/libsoem.a(ethercatbase.o)
                0x0000000000001bcb                ecx_APRDw
 .text.ecx_FPRD
                0x0000000000001c47      0x101 /mnt/storageDevice/projects/learning_ethercat/new_SOEM/SOEM-1.3.1/lib/linux/libsoem.a(ethercatbase.o)
                0x0000000000001c47                ecx_FPRD
 .text.ecx_FPRDw
                0x0000000000001d48       0x7c /mnt/storageDevice/projects/learning_ethercat/new_SOEM/SOEM-1.3.1/lib/linux/libsoem.a(ethercatbase.o)
                0x0000000000001d48                ecx_FPRDw
 .text.ecx_APWR
                0x0000000000001dc4       0xc8 /mnt/storageDevice/projects/learning_ethercat/new_SOEM/SOEM-1.3.1/lib/linux/libsoem.a(ethercatbase.o)
                0x0000000000001dc4                ecx_APWR
 .text.ecx_APWRw
                0x0000000000001e8c       0x51 /mnt/storageDevice/projects/learning_ethercat/new_SOEM/SOEM-1.3.1/lib/linux/libsoem.a(ethercatbase.o)
                0x0000000000001e8c                ecx_APWRw
 .text.ecx_FPWR
                0x0000000000001edd       0xc8 /mnt/storageDevice/projects/learning_ethercat/new_SOEM/SOEM-1.3.1/lib/linux/libsoem.a(ethercatbase.o)
                0x0000000000001edd                ecx_FPWR
 .text.ecx_FPWRw
                0x0000000000001fa5       0x51 /mnt/storageDevice/projects/learning_ethercat/new_SOEM/SOEM-1.3.1/lib/linux/libsoem.a(ethercatbase.o)
                0x0000000000001fa5                ecx_FPWRw
 .text.ec_FPWR  0x0000000000001ff6       0x54 /mnt/storageDevice/projects/learning_ethercat/new_SOEM/SOEM-1.3.1/lib/linux/libsoem.a(ethercatbase.o)
                0x0000000000001ff6                ec_FPWR
 .text.ec_findconfig
                0x000000000000204a       0xc0 /mnt/storageDevice/projects/learning_ethercat/new_SOEM/SOEM-1.3.1/lib/linux/libsoem.a(ethercatconfig.o)
                0x000000000000204a                ec_findconfig
 .text.ecx_init_context
                0x000000000000210a       0xd8 /mnt/storageDevice/projects/learning_ethercat/new_SOEM/SOEM-1.3.1/lib/linux/libsoem.a(ethercatconfig.o)
                0x000000000000210a                ecx_init_context
 .text.ecx_detect_slaves
                0x00000000000021e2      0x10f /mnt/storageDevice/projects/learning_ethercat/new_SOEM/SOEM-1.3.1/lib/linux/libsoem.a(ethercatconfig.o)
                0x00000000000021e2                ecx_detect_slaves
 .text.ecx_set_slaves_to_default
                0x00000000000022f1      0x295 /mnt/storageDevice/projects/learning_ethercat/new_SOEM/SOEM-1.3.1/lib/linux/libsoem.a(ethercatconfig.o)
 .text.ecx_config_from_table
                0x0000000000002586      0x3cc /mnt/storageDevice/projects/learning_ethercat/new_SOEM/SOEM-1.3.1/lib/linux/libsoem.a(ethercatconfig.o)
 .text.ecx_lookup_prev_sii
                0x0000000000002952      0x751 /mnt/storageDevice/projects/learning_ethercat/new_SOEM/SOEM-1.3.1/lib/linux/libsoem.a(ethercatconfig.o)
 .text.ecx_config_init
                0x00000000000030a3     0x1790 /mnt/storageDevice/projects/learning_ethercat/new_SOEM/SOEM-1.3.1/lib/linux/libsoem.a(ethercatconfig.o)
                0x00000000000030a3                ecx_config_init
 .text.ec_config_init
                0x0000000000004833       0x22 /mnt/storageDevice/projects/learning_ethercat/new_SOEM/SOEM-1.3.1/lib/linux/libsoem.a(ethercatconfig.o)
                0x0000000000004833                ec_config_init
 .text.ecx_FOEwrite
                0x0000000000004855      0x4c6 /mnt/storageDevice/projects/learning_ethercat/new_SOEM/SOEM-1.3.1/lib/linux/libsoem.a(ethercatfoe.o)
                0x0000000000004855                ecx_FOEwrite
 .text.ec_FOEwrite
                0x0000000000004d1b       0x5d /mnt/storageDevice/projects/learning_ethercat/new_SOEM/SOEM-1.3.1/lib/linux/libsoem.a(ethercatfoe.o)
                0x0000000000004d1b                ec_FOEwrite
 .text.ecx_pusherror
                0x0000000000004d78      0x11c /mnt/storageDevice/projects/learning_ethercat/new_SOEM/SOEM-1.3.1/lib/linux/libsoem.a(ethercatmain.o)
                0x0000000000004d78                ecx_pusherror
 .text.ecx_mbxerror
                0x0000000000004e94       0xa0 /mnt/storageDevice/projects/learning_ethercat/new_SOEM/SOEM-1.3.1/lib/linux/libsoem.a(ethercatmain.o)
 .text.ecx_mbxemergencyerror
                0x0000000000004f34       0xed /mnt/storageDevice/projects/learning_ethercat/new_SOEM/SOEM-1.3.1/lib/linux/libsoem.a(ethercatmain.o)
 .text.ecx_init
                0x0000000000005021       0x2e /mnt/storageDevice/projects/learning_ethercat/new_SOEM/SOEM-1.3.1/lib/linux/libsoem.a(ethercatmain.o)
                0x0000000000005021                ecx_init
 .text.ecx_close
                0x000000000000504f       0x1f /mnt/storageDevice/projects/learning_ethercat/new_SOEM/SOEM-1.3.1/lib/linux/libsoem.a(ethercatmain.o)
                0x000000000000504f                ecx_close
 .text.ecx_siigetbyte
                0x000000000000506e      0x2a9 /mnt/storageDevice/projects/learning_ethercat/new_SOEM/SOEM-1.3.1/lib/linux/libsoem.a(ethercatmain.o)
                0x000000000000506e                ecx_siigetbyte
 .text.ecx_siifind
                0x0000000000005317      0x1d4 /mnt/storageDevice/projects/learning_ethercat/new_SOEM/SOEM-1.3.1/lib/linux/libsoem.a(ethercatmain.o)
                0x0000000000005317                ecx_siifind
 .text.ecx_siistring
                0x00000000000054eb      0x1e8 /mnt/storageDevice/projects/learning_ethercat/new_SOEM/SOEM-1.3.1/lib/linux/libsoem.a(ethercatmain.o)
                0x00000000000054eb                ecx_siistring
 .text.ecx_siiFMMU
                0x00000000000056d3      0x226 /mnt/storageDevice/projects/learning_ethercat/new_SOEM/SOEM-1.3.1/lib/linux/libsoem.a(ethercatmain.o)
                0x00000000000056d3                ecx_siiFMMU
 .text.ecx_siiSM
                0x00000000000058f9      0x2c2 /mnt/storageDevice/projects/learning_ethercat/new_SOEM/SOEM-1.3.1/lib/linux/libsoem.a(ethercatmain.o)
                0x00000000000058f9                ecx_siiSM
 .text.ecx_siiSMnext
                0x0000000000005bbb      0x249 /mnt/storageDevice/projects/learning_ethercat/new_SOEM/SOEM-1.3.1/lib/linux/libsoem.a(ethercatmain.o)
                0x0000000000005bbb                ecx_siiSMnext
 .text.ecx_writestate
                0x0000000000005e04      0x121 /mnt/storageDevice/projects/learning_ethercat/new_SOEM/SOEM-1.3.1/lib/linux/libsoem.a(ethercatmain.o)
                0x0000000000005e04                ecx_writestate
 .text.ecx_statecheck
                0x0000000000005f25      0x1da /mnt/storageDevice/projects/learning_ethercat/new_SOEM/SOEM-1.3.1/lib/linux/libsoem.a(ethercatmain.o)
                0x0000000000005f25                ecx_statecheck
 .text.ec_nextmbxcnt
                0x00000000000060ff       0x24 /mnt/storageDevice/projects/learning_ethercat/new_SOEM/SOEM-1.3.1/lib/linux/libsoem.a(ethercatmain.o)
                0x00000000000060ff                ec_nextmbxcnt
 .text.ec_clearmbx
                0x0000000000006123       0x26 /mnt/storageDevice/projects/learning_ethercat/new_SOEM/SOEM-1.3.1/lib/linux/libsoem.a(ethercatmain.o)
                0x0000000000006123                ec_clearmbx
 .text.ecx_mbxempty
                0x0000000000006149      0x12c /mnt/storageDevice/projects/learning_ethercat/new_SOEM/SOEM-1.3.1/lib/linux/libsoem.a(ethercatmain.o)
                0x0000000000006149                ecx_mbxempty
 .text.ecx_mbxsend
                0x0000000000006275      0x12d /mnt/storageDevice/projects/learning_ethercat/new_SOEM/SOEM-1.3.1/lib/linux/libsoem.a(ethercatmain.o)
                0x0000000000006275                ecx_mbxsend
 .text.ecx_mbxreceive
                0x00000000000063a2      0x46f /mnt/storageDevice/projects/learning_ethercat/new_SOEM/SOEM-1.3.1/lib/linux/libsoem.a(ethercatmain.o)
                0x00000000000063a2                ecx_mbxreceive
 .text.ecx_readeeprom
                0x0000000000006811       0x7e /mnt/storageDevice/projects/learning_ethercat/new_SOEM/SOEM-1.3.1/lib/linux/libsoem.a(ethercatmain.o)
                0x0000000000006811                ecx_readeeprom
 .text.ecx_eeprom2master
                0x000000000000688f      0x181 /mnt/storageDevice/projects/learning_ethercat/new_SOEM/SOEM-1.3.1/lib/linux/libsoem.a(ethercatmain.o)
                0x000000000000688f                ecx_eeprom2master
 .text.ecx_eeprom2pdi
                0x0000000000006a10      0x12c /mnt/storageDevice/projects/learning_ethercat/new_SOEM/SOEM-1.3.1/lib/linux/libsoem.a(ethercatmain.o)
                0x0000000000006a10                ecx_eeprom2pdi
 .text.ecx_eeprom_waitnotbusyFP
                0x0000000000006b3c      0x113 /mnt/storageDevice/projects/learning_ethercat/new_SOEM/SOEM-1.3.1/lib/linux/libsoem.a(ethercatmain.o)
                0x0000000000006b3c                ecx_eeprom_waitnotbusyFP
 .text.ecx_readeepromFP
                0x0000000000006c4f      0x273 /mnt/storageDevice/projects/learning_ethercat/new_SOEM/SOEM-1.3.1/lib/linux/libsoem.a(ethercatmain.o)
                0x0000000000006c4f                ecx_readeepromFP
 .text.ecx_readeeprom1
                0x0000000000006ec2      0x15b /mnt/storageDevice/projects/learning_ethercat/new_SOEM/SOEM-1.3.1/lib/linux/libsoem.a(ethercatmain.o)
                0x0000000000006ec2                ecx_readeeprom1
 .text.ecx_readeeprom2
                0x000000000000701d       0xee /mnt/storageDevice/projects/learning_ethercat/new_SOEM/SOEM-1.3.1/lib/linux/libsoem.a(ethercatmain.o)
                0x000000000000701d                ecx_readeeprom2
 .text.ec_init  0x000000000000710b       0x22 /mnt/storageDevice/projects/learning_ethercat/new_SOEM/SOEM-1.3.1/lib/linux/libsoem.a(ethercatmain.o)
                0x000000000000710b                ec_init
 .text.ec_close
                0x000000000000712d       0x16 /mnt/storageDevice/projects/learning_ethercat/new_SOEM/SOEM-1.3.1/lib/linux/libsoem.a(ethercatmain.o)
                0x000000000000712d                ec_close
 .text.ec_writestate
                0x0000000000007143       0x23 /mnt/storageDevice/projects/learning_ethercat/new_SOEM/SOEM-1.3.1/lib/linux/libsoem.a(ethercatmain.o)
                0x0000000000007143                ec_writestate
 .text.ec_statecheck
                0x0000000000007166       0x39 /mnt/storageDevice/projects/learning_ethercat/new_SOEM/SOEM-1.3.1/lib/linux/libsoem.a(ethercatmain.o)
                0x0000000000007166                ec_statecheck
 .text.ec_readeeprom
                0x000000000000719f       0x39 /mnt/storageDevice/projects/learning_ethercat/new_SOEM/SOEM-1.3.1/lib/linux/libsoem.a(ethercatmain.o)
                0x000000000000719f                ec_readeeprom
 *fill*         0x00000000000071d8        0x8 
 .text          0x00000000000071e0       0x72 /usr/lib/x86_64-linux-gnu/libc_nonshared.a(elf-init.oS)
                0x00000000000071e0                __libc_csu_init
                0x0000000000007250                __libc_csu_fini
 .text.ecx_clear_rxbufstat
                0x0000000000007252       0x39 /mnt/storageDevice/projects/learning_ethercat/new_SOEM/SOEM-1.3.1/lib/linux/liboshw.a(nicdrv.o)
 .text.ecx_setupnic
                0x000000000000728b      0x4fc /mnt/storageDevice/projects/learning_ethercat/new_SOEM/SOEM-1.3.1/lib/linux/liboshw.a(nicdrv.o)
                0x000000000000728b                ecx_setupnic
 .text.ecx_closenic
                0x0000000000007787       0x68 /mnt/storageDevice/projects/learning_ethercat/new_SOEM/SOEM-1.3.1/lib/linux/liboshw.a(nicdrv.o)
                0x0000000000007787                ecx_closenic
 .text.ec_setupheader
                0x00000000000077ef       0xba /mnt/storageDevice/projects/learning_ethercat/new_SOEM/SOEM-1.3.1/lib/linux/liboshw.a(nicdrv.o)
                0x00000000000077ef                ec_setupheader
 .text.ecx_getindex
                0x00000000000078a9       0xf9 /mnt/storageDevice/projects/learning_ethercat/new_SOEM/SOEM-1.3.1/lib/linux/liboshw.a(nicdrv.o)
                0x00000000000078a9                ecx_getindex
 .text.ecx_setbufstat
                0x00000000000079a2       0x5b /mnt/storageDevice/projects/learning_ethercat/new_SOEM/SOEM-1.3.1/lib/linux/liboshw.a(nicdrv.o)
                0x00000000000079a2                ecx_setbufstat
 .text.ecx_outframe
                0x00000000000079fd       0xa5 /mnt/storageDevice/projects/learning_ethercat/new_SOEM/SOEM-1.3.1/lib/linux/liboshw.a(nicdrv.o)
                0x00000000000079fd                ecx_outframe
 .text.ecx_outframe_red
                0x0000000000007aa2      0x145 /mnt/storageDevice/projects/learning_ethercat/new_SOEM/SOEM-1.3.1/lib/linux/liboshw.a(nicdrv.o)
                0x0000000000007aa2                ecx_outframe_red
 .text.ecx_recvpkt
                0x0000000000007be7       0x82 /mnt/storageDevice/projects/learning_ethercat/new_SOEM/SOEM-1.3.1/lib/linux/liboshw.a(nicdrv.o)
 .text.ecx_inframe
                0x0000000000007c69      0x2fd /mnt/storageDevice/projects/learning_ethercat/new_SOEM/SOEM-1.3.1/lib/linux/liboshw.a(nicdrv.o)
                0x0000000000007c69                ecx_inframe
 .text.ecx_waitinframe_red
                0x0000000000007f66      0x361 /mnt/storageDevice/projects/learning_ethercat/new_SOEM/SOEM-1.3.1/lib/linux/liboshw.a(nicdrv.o)
 .text.ecx_srconfirm
                0x00000000000082c7       0xed /mnt/storageDevice/projects/learning_ethercat/new_SOEM/SOEM-1.3.1/lib/linux/liboshw.a(nicdrv.o)
                0x00000000000082c7                ecx_srconfirm
 .text.osal_usleep
                0x00000000000083b4       0x84 /mnt/storageDevice/projects/learning_ethercat/new_SOEM/SOEM-1.3.1/lib/linux/libosal.a(osal.o)
                0x00000000000083b4                osal_usleep
 .text.osal_gettimeofday
                0x0000000000008438       0x8a /mnt/storageDevice/projects/learning_ethercat/new_SOEM/SOEM-1.3.1/lib/linux/libosal.a(osal.o)
                0x0000000000008438                osal_gettimeofday
 .text.osal_current_time
                0x00000000000084c2       0x57 /mnt/storageDevice/projects/learning_ethercat/new_SOEM/SOEM-1.3.1/lib/linux/libosal.a(osal.o)
                0x00000000000084c2                osal_current_time
 .text.osal_timer_start
                0x0000000000008519       0xf0 /mnt/storageDevice/projects/learning_ethercat/new_SOEM/SOEM-1.3.1/lib/linux/libosal.a(osal.o)
                0x0000000000008519                osal_timer_start
 .text.osal_timer_is_expired
                0x0000000000008609       0xa5 /mnt/storageDevice/projects/learning_ethercat/new_SOEM/SOEM-1.3.1/lib/linux/libosal.a(osal.o)
                0x0000000000008609                osal_timer_is_expired
 *(.gnu.warning)

.fini           0x00000000000086b0        0x9
 *(SORT_NONE(.fini))
 .fini          0x00000000000086b0        0x4 /usr/lib/gcc/x86_64-linux-gnu/7/../../../x86_64-linux-gnu/crti.o
                0x00000000000086b0                _fini
 .fini          0x00000000000086b4        0x5 /usr/lib/gcc/x86_64-linux-gnu/7/../../../x86_64-linux-gnu/crtn.o
                [!provide]                        PROVIDE (__etext = .)
                [!provide]                        PROVIDE (_etext = .)
                [!provide]                        PROVIDE (etext = .)

.rodata         0x00000000000086c0      0xa12
 *(.rodata .rodata.* .gnu.linkonce.r.*)
 .rodata        0x00000000000086c0      0x301 obj/linux/firm_update.o
 *fill*         0x00000000000089c1        0x3 
 .rodata        0x00000000000089c4       0x2c /mnt/storageDevice/projects/learning_ethercat/new_SOEM/SOEM-1.3.1/lib/linux/libsoem.a(ethercatbase.o)
 *fill*         0x00000000000089f0       0x10 
 .rodata        0x0000000000008a00      0x6d2 /mnt/storageDevice/projects/learning_ethercat/new_SOEM/SOEM-1.3.1/lib/linux/libsoem.a(ethercatconfig.o)
                0x0000000000008a00                ec_configlist

.rodata1
 *(.rodata1)

.eh_frame_hdr   0x00000000000090d4      0x27c
 *(.eh_frame_hdr)
 .eh_frame_hdr  0x00000000000090d4      0x27c /usr/lib/gcc/x86_64-linux-gnu/7/../../../x86_64-linux-gnu/Scrt1.o
                0x00000000000090d4                __GNU_EH_FRAME_HDR
 *(.eh_frame_entry .eh_frame_entry.*)

.eh_frame       0x0000000000009350      0x89c
 *(.eh_frame)
 .eh_frame      0x0000000000009350       0x30 /usr/lib/gcc/x86_64-linux-gnu/7/../../../x86_64-linux-gnu/Scrt1.o
                                         0x2c (size before relaxing)
 *fill*         0x0000000000009380        0x0 
 .eh_frame      0x0000000000009380       0x40 /usr/lib/gcc/x86_64-linux-gnu/7/../../../x86_64-linux-gnu/Scrt1.o
 .eh_frame      0x00000000000093c0       0x18 /usr/lib/gcc/x86_64-linux-gnu/7/../../../x86_64-linux-gnu/Scrt1.o
                                         0x30 (size before relaxing)
 .eh_frame      0x00000000000093d8       0x50 obj/linux/firm_update.o
                                         0x68 (size before relaxing)
 .eh_frame      0x0000000000009428      0x188 /mnt/storageDevice/projects/learning_ethercat/new_SOEM/SOEM-1.3.1/lib/linux/libsoem.a(ethercatbase.o)
                                        0x460 (size before relaxing)
 .eh_frame      0x00000000000095b0       0xd8 /mnt/storageDevice/projects/learning_ethercat/new_SOEM/SOEM-1.3.1/lib/linux/libsoem.a(ethercatconfig.o)
                                        0x268 (size before relaxing)
 .eh_frame      0x0000000000009688       0x40 /mnt/storageDevice/projects/learning_ethercat/new_SOEM/SOEM-1.3.1/lib/linux/libsoem.a(ethercatfoe.o)
                                         0xc0 (size before relaxing)
 .eh_frame      0x00000000000096c8      0x318 /mnt/storageDevice/projects/learning_ethercat/new_SOEM/SOEM-1.3.1/lib/linux/libsoem.a(ethercatmain.o)
                                        0x8c8 (size before relaxing)
 .eh_frame      0x00000000000099e0        0x0 /mnt/storageDevice/projects/learning_ethercat/new_SOEM/SOEM-1.3.1/lib/linux/libsoem.a(ethercatsoe.o)
                                        0x110 (size before relaxing)
 .eh_frame      0x00000000000099e0        0x0 /mnt/storageDevice/projects/learning_ethercat/new_SOEM/SOEM-1.3.1/lib/linux/libsoem.a(ethercatcoe.o)
                                        0x330 (size before relaxing)
 .eh_frame      0x00000000000099e0       0x60 /usr/lib/x86_64-linux-gnu/libc_nonshared.a(elf-init.oS)
                                         0x78 (size before relaxing)
 .eh_frame      0x0000000000009a40      0x130 /mnt/storageDevice/projects/learning_ethercat/new_SOEM/SOEM-1.3.1/lib/linux/liboshw.a(nicdrv.o)
                                        0x238 (size before relaxing)
 .eh_frame      0x0000000000009b70        0x0 /mnt/storageDevice/projects/learning_ethercat/new_SOEM/SOEM-1.3.1/lib/linux/liboshw.a(oshw.o)
                                         0x80 (size before relaxing)
 .eh_frame      0x0000000000009b70       0x78 /mnt/storageDevice/projects/learning_ethercat/new_SOEM/SOEM-1.3.1/lib/linux/libosal.a(osal.o)
                                        0x110 (size before relaxing)
 .eh_frame      0x0000000000009be8        0x4 /usr/lib/gcc/x86_64-linux-gnu/7/crtendS.o
 *(.eh_frame.*)

.gcc_except_table
 *(.gcc_except_table .gcc_except_table.*)

.gnu_extab
 *(.gnu_extab*)

.exception_ranges
 *(.exception_ranges .exception_ranges*)
                0x0000000000209ce0                . = DATA_SEGMENT_ALIGN (CONSTANT (MAXPAGESIZE), CONSTANT (COMMONPAGESIZE))

.eh_frame
 *(.eh_frame)
 *(.eh_frame.*)

.gnu_extab
 *(.gnu_extab)

.gcc_except_table
 *(.gcc_except_table .gcc_except_table.*)

.exception_ranges
 *(.exception_ranges .exception_ranges*)

.tdata
 *(.tdata .tdata.* .gnu.linkonce.td.*)

.tbss
 *(.tbss .tbss.* .gnu.linkonce.tb.*)
 *(.tcommon)

.preinit_array  0x0000000000209ce0        0x0
                [!provide]                        PROVIDE (__preinit_array_start = .)
 *(.preinit_array)
                [!provide]                        PROVIDE (__preinit_array_end = .)

.init_array     0x0000000000209ce0        0x8
                0x0000000000209ce0                PROVIDE (__init_array_start = .)
 *(SORT_BY_INIT_PRIORITY(.init_array.*) SORT_BY_INIT_PRIORITY(.ctors.*))
 *(.init_array EXCLUDE_FILE(*crtend?.o *crtend.o *crtbegin?.o *crtbegin.o) .ctors)
 .init_array    0x0000000000209ce0        0x8 /usr/lib/gcc/x86_64-linux-gnu/7/crtbeginS.o
                0x0000000000209ce8                PROVIDE (__init_array_end = .)

.fini_array     0x0000000000209ce8        0x8
                [!provide]                        PROVIDE (__fini_array_start = .)
 *(SORT_BY_INIT_PRIORITY(.fini_array.*) SORT_BY_INIT_PRIORITY(.dtors.*))
 *(.fini_array EXCLUDE_FILE(*crtend?.o *crtend.o *crtbegin?.o *crtbegin.o) .dtors)
 .fini_array    0x0000000000209ce8        0x8 /usr/lib/gcc/x86_64-linux-gnu/7/crtbeginS.o
                [!provide]                        PROVIDE (__fini_array_end = .)

.ctors
 *crtbegin.o(.ctors)
 *crtbegin?.o(.ctors)
 *(EXCLUDE_FILE(*crtend?.o *crtend.o) .ctors)
 *(SORT_BY_NAME(.ctors.*))
 *(.ctors)

.dtors
 *crtbegin.o(.dtors)
 *crtbegin?.o(.dtors)
 *(EXCLUDE_FILE(*crtend?.o *crtend.o) .dtors)
 *(SORT_BY_NAME(.dtors.*))
 *(.dtors)

.jcr
 *(.jcr)

.data.rel.ro    0x0000000000209cf0        0x0
 *(.data.rel.ro.local* .gnu.linkonce.d.rel.ro.local.*)
 *(.data.rel.ro .data.rel.ro.* .gnu.linkonce.d.rel.ro.*)
 .data.rel.ro   0x0000000000209cf0        0x0 /usr/lib/gcc/x86_64-linux-gnu/7/../../../x86_64-linux-gnu/Scrt1.o

.dynamic        0x0000000000209cf0      0x200
 *(.dynamic)
 .dynamic       0x0000000000209cf0      0x200 /usr/lib/gcc/x86_64-linux-gnu/7/../../../x86_64-linux-gnu/Scrt1.o
                0x0000000000209cf0                _DYNAMIC

.got            0x0000000000209ef0      0x110
 *(.got.plt)
 .got.plt       0x0000000000209ef0       0xe8 /usr/lib/gcc/x86_64-linux-gnu/7/../../../x86_64-linux-gnu/Scrt1.o
                0x0000000000209ef0                _GLOBAL_OFFSET_TABLE_
 *(.igot.plt)
 *(.got)
 .got           0x0000000000209fd8       0x28 /usr/lib/gcc/x86_64-linux-gnu/7/../../../x86_64-linux-gnu/Scrt1.o
 *(.igot)
                0x000000000020a000                . = DATA_SEGMENT_RELRO_END (., 0x0)

.data           0x000000000020a000       0xc0
 *(.data .data.* .gnu.linkonce.d.*)
 .data.rel.local
                0x000000000020a000        0x8 /usr/lib/gcc/x86_64-linux-gnu/7/crtbeginS.o
                0x000000000020a000                __dso_handle
 *fill*         0x000000000020a008       0x18 
 .data.rel.local
                0x000000000020a020       0xa0 /mnt/storageDevice/projects/learning_ethercat/new_SOEM/SOEM-1.3.1/lib/linux/libsoem.a(ethercatmain.o)
                0x000000000020a020                ecx_context

.tm_clone_table
                0x000000000020a0c0        0x0
 .tm_clone_table
                0x000000000020a0c0        0x0 /usr/lib/gcc/x86_64-linux-gnu/7/crtbeginS.o
 .tm_clone_table
                0x000000000020a0c0        0x0 /usr/lib/gcc/x86_64-linux-gnu/7/crtendS.o

.data1
 *(.data1)
                0x000000000020a0c0                _edata = .
                [!provide]                        PROVIDE (edata = .)
                0x000000000020a0c0                . = .
                0x000000000020a0c0                __bss_start = .

.bss            0x000000000020a0c0   0x825580
 *(.dynbss)
 .dynbss        0x000000000020a0c0        0x0 /usr/lib/gcc/x86_64-linux-gnu/7/../../../x86_64-linux-gnu/Scrt1.o
 *(.bss .bss.* .gnu.linkonce.b.*)
 .bss           0x000000000020a0c0        0x1 /usr/lib/gcc/x86_64-linux-gnu/7/crtbeginS.o
 *fill*         0x000000000020a0c1       0x1f 
 .bss           0x000000000020a0e0     0x2060 /mnt/storageDevice/projects/learning_ethercat/new_SOEM/SOEM-1.3.1/lib/linux/libsoem.a(ethercatmain.o)
                0x000000000020a0e0                EcatError
 *(COMMON)
 COMMON         0x000000000020c140   0x800148 obj/linux/firm_update.o
                0x000000000020c140                j
                0x000000000020c144                argslave
                0x000000000020c146                ow
                0x000000000020c160                filename
                0x000000000020c260                data
                0x000000000020c280                filebuffer
                0x0000000000a0c280                ob
                0x0000000000a0c284                filesize
 *fill*         0x0000000000a0c288       0x18 
 COMMON         0x0000000000a0c2a0    0x233a0 /mnt/storageDevice/projects/learning_ethercat/new_SOEM/SOEM-1.3.1/lib/linux/libsoem.a(ethercatmain.o)
                0x0000000000a0c2a0                ecx_port
                0x0000000000a18de0                ecx_redport
                0x0000000000a1f370                ec_DCtime
                0x0000000000a1f378                ec_slavecount
                0x0000000000a1f380                ec_group
                0x0000000000a1f600                ec_slave
                0x0000000000a2f640                . = ALIGN ((. != 0x0)?0x8:0x1)

.lbss
 *(.dynlbss)
 *(.lbss .lbss.* .gnu.linkonce.lb.*)
 *(LARGE_COMMON)
                0x0000000000a2f640                . = ALIGN (0x8)
                0x0000000000a2f640                . = SEGMENT_START ("ldata-segment", .)

.lrodata
 *(.lrodata .lrodata.* .gnu.linkonce.lr.*)

.ldata          0x0000000000e2f640        0x0
 *(.ldata .ldata.* .gnu.linkonce.l.*)
                0x0000000000e2f640                . = ALIGN ((. != 0x0)?0x8:0x1)
                0x0000000000e2f640                . = ALIGN (0x8)
                0x0000000000e2f640                _end = .
                [!provide]                        PROVIDE (end = .)
                0x0000000000e2f640                . = DATA_SEGMENT_END (.)

.stab
 *(.stab)

.stabstr
 *(.stabstr)

.stab.excl
 *(.stab.excl)

.stab.exclstr
 *(.stab.exclstr)

.stab.index
 *(.stab.index)

.stab.indexstr
 *(.stab.indexstr)

.comment        0x0000000000000000       0x24
 *(.comment)
 .comment       0x0000000000000000       0x24 /usr/lib/gcc/x86_64-linux-gnu/7/crtbeginS.o
                                         0x25 (size before relaxing)
 .comment       0x0000000000000024       0x25 obj/linux/firm_update.o
 .comment       0x0000000000000024       0x25 /mnt/storageDevice/projects/learning_ethercat/new_SOEM/SOEM-1.3.1/lib/linux/libsoem.a(ethercatbase.o)
 .comment       0x0000000000000024       0x25 /mnt/storageDevice/projects/learning_ethercat/new_SOEM/SOEM-1.3.1/lib/linux/libsoem.a(ethercatconfig.o)
 .comment       0x0000000000000024       0x25 /mnt/storageDevice/projects/learning_ethercat/new_SOEM/SOEM-1.3.1/lib/linux/libsoem.a(ethercatfoe.o)
 .comment       0x0000000000000024       0x25 /mnt/storageDevice/projects/learning_ethercat/new_SOEM/SOEM-1.3.1/lib/linux/libsoem.a(ethercatmain.o)
 .comment       0x0000000000000024       0x25 /mnt/storageDevice/projects/learning_ethercat/new_SOEM/SOEM-1.3.1/lib/linux/libsoem.a(ethercatsoe.o)
 .comment       0x0000000000000024       0x25 /mnt/storageDevice/projects/learning_ethercat/new_SOEM/SOEM-1.3.1/lib/linux/libsoem.a(ethercatcoe.o)
 .comment       0x0000000000000024       0x25 /mnt/storageDevice/projects/learning_ethercat/new_SOEM/SOEM-1.3.1/lib/linux/liboshw.a(nicdrv.o)
 .comment       0x0000000000000024       0x25 /mnt/storageDevice/projects/learning_ethercat/new_SOEM/SOEM-1.3.1/lib/linux/liboshw.a(oshw.o)
 .comment       0x0000000000000024       0x25 /mnt/storageDevice/projects/learning_ethercat/new_SOEM/SOEM-1.3.1/lib/linux/libosal.a(osal.o)
 .comment       0x0000000000000024       0x25 /usr/lib/gcc/x86_64-linux-gnu/7/crtendS.o

.debug
 *(.debug)

.line
 *(.line)

.debug_srcinfo
 *(.debug_srcinfo)

.debug_sfnames
 *(.debug_sfnames)

.debug_aranges  0x0000000000000000      0xf20
 *(.debug_aranges)
 .debug_aranges
                0x0000000000000000       0x50 obj/linux/firm_update.o
 .debug_aranges
                0x0000000000000050      0x270 /mnt/storageDevice/projects/learning_ethercat/new_SOEM/SOEM-1.3.1/lib/linux/libsoem.a(ethercatbase.o)
 .debug_aranges
                0x00000000000002c0      0x190 /mnt/storageDevice/projects/learning_ethercat/new_SOEM/SOEM-1.3.1/lib/linux/libsoem.a(ethercatconfig.o)
 .debug_aranges
                0x0000000000000450       0x80 /mnt/storageDevice/projects/learning_ethercat/new_SOEM/SOEM-1.3.1/lib/linux/libsoem.a(ethercatfoe.o)
 .debug_aranges
                0x00000000000004d0      0x550 /mnt/storageDevice/projects/learning_ethercat/new_SOEM/SOEM-1.3.1/lib/linux/libsoem.a(ethercatmain.o)
 .debug_aranges
                0x0000000000000a20       0x90 /mnt/storageDevice/projects/learning_ethercat/new_SOEM/SOEM-1.3.1/lib/linux/libsoem.a(ethercatsoe.o)
 .debug_aranges
                0x0000000000000ab0      0x1d0 /mnt/storageDevice/projects/learning_ethercat/new_SOEM/SOEM-1.3.1/lib/linux/libsoem.a(ethercatcoe.o)
 .debug_aranges
                0x0000000000000c80      0x180 /mnt/storageDevice/projects/learning_ethercat/new_SOEM/SOEM-1.3.1/lib/linux/liboshw.a(nicdrv.o)
 .debug_aranges
                0x0000000000000e00       0x60 /mnt/storageDevice/projects/learning_ethercat/new_SOEM/SOEM-1.3.1/lib/linux/liboshw.a(oshw.o)
 .debug_aranges
                0x0000000000000e60       0xc0 /mnt/storageDevice/projects/learning_ethercat/new_SOEM/SOEM-1.3.1/lib/linux/libosal.a(osal.o)

.debug_pubnames
 *(.debug_pubnames)

.debug_info     0x0000000000000000    0x12d83
 *(.debug_info .gnu.linkonce.wi.*)
 .debug_info    0x0000000000000000     0x16b4 obj/linux/firm_update.o
 .debug_info    0x00000000000016b4     0x279c /mnt/storageDevice/projects/learning_ethercat/new_SOEM/SOEM-1.3.1/lib/linux/libsoem.a(ethercatbase.o)
 .debug_info    0x0000000000003e50     0x2054 /mnt/storageDevice/projects/learning_ethercat/new_SOEM/SOEM-1.3.1/lib/linux/libsoem.a(ethercatconfig.o)
 .debug_info    0x0000000000005ea4     0x1834 /mnt/storageDevice/projects/learning_ethercat/new_SOEM/SOEM-1.3.1/lib/linux/libsoem.a(ethercatfoe.o)
 .debug_info    0x00000000000076d8     0x3b0b /mnt/storageDevice/projects/learning_ethercat/new_SOEM/SOEM-1.3.1/lib/linux/libsoem.a(ethercatmain.o)
 .debug_info    0x000000000000b1e3     0x1a32 /mnt/storageDevice/projects/learning_ethercat/new_SOEM/SOEM-1.3.1/lib/linux/libsoem.a(ethercatsoe.o)
 .debug_info    0x000000000000cc15     0x2718 /mnt/storageDevice/projects/learning_ethercat/new_SOEM/SOEM-1.3.1/lib/linux/libsoem.a(ethercatcoe.o)
 .debug_info    0x000000000000f32d     0x1f54 /mnt/storageDevice/projects/learning_ethercat/new_SOEM/SOEM-1.3.1/lib/linux/liboshw.a(nicdrv.o)
 .debug_info    0x0000000000011281     0x14b6 /mnt/storageDevice/projects/learning_ethercat/new_SOEM/SOEM-1.3.1/lib/linux/liboshw.a(oshw.o)
 .debug_info    0x0000000000012737      0x64c /mnt/storageDevice/projects/learning_ethercat/new_SOEM/SOEM-1.3.1/lib/linux/libosal.a(osal.o)

.debug_abbrev   0x0000000000000000     0x1adb
 *(.debug_abbrev)
 .debug_abbrev  0x0000000000000000      0x25e obj/linux/firm_update.o
 .debug_abbrev  0x000000000000025e      0x2a5 /mnt/storageDevice/projects/learning_ethercat/new_SOEM/SOEM-1.3.1/lib/linux/libsoem.a(ethercatbase.o)
 .debug_abbrev  0x0000000000000503      0x33e /mnt/storageDevice/projects/learning_ethercat/new_SOEM/SOEM-1.3.1/lib/linux/libsoem.a(ethercatconfig.o)
 .debug_abbrev  0x0000000000000841      0x277 /mnt/storageDevice/projects/learning_ethercat/new_SOEM/SOEM-1.3.1/lib/linux/libsoem.a(ethercatfoe.o)
 .debug_abbrev  0x0000000000000ab8      0x39e /mnt/storageDevice/projects/learning_ethercat/new_SOEM/SOEM-1.3.1/lib/linux/libsoem.a(ethercatmain.o)
 .debug_abbrev  0x0000000000000e56      0x2a8 /mnt/storageDevice/projects/learning_ethercat/new_SOEM/SOEM-1.3.1/lib/linux/libsoem.a(ethercatsoe.o)
 .debug_abbrev  0x00000000000010fe      0x2c5 /mnt/storageDevice/projects/learning_ethercat/new_SOEM/SOEM-1.3.1/lib/linux/libsoem.a(ethercatcoe.o)
 .debug_abbrev  0x00000000000013c3      0x350 /mnt/storageDevice/projects/learning_ethercat/new_SOEM/SOEM-1.3.1/lib/linux/liboshw.a(nicdrv.o)
 .debug_abbrev  0x0000000000001713      0x24a /mnt/storageDevice/projects/learning_ethercat/new_SOEM/SOEM-1.3.1/lib/linux/liboshw.a(oshw.o)
 .debug_abbrev  0x000000000000195d      0x17e /mnt/storageDevice/projects/learning_ethercat/new_SOEM/SOEM-1.3.1/lib/linux/libosal.a(osal.o)

.debug_line     0x0000000000000000     0x45b6
 *(.debug_line .debug_line.* .debug_line_end)
 .debug_line    0x0000000000000000      0x36f obj/linux/firm_update.o
 .debug_line    0x000000000000036f      0x6bd /mnt/storageDevice/projects/learning_ethercat/new_SOEM/SOEM-1.3.1/lib/linux/libsoem.a(ethercatbase.o)
 .debug_line    0x0000000000000a2c      0xc98 /mnt/storageDevice/projects/learning_ethercat/new_SOEM/SOEM-1.3.1/lib/linux/libsoem.a(ethercatconfig.o)
 .debug_line    0x00000000000016c4      0x39f /mnt/storageDevice/projects/learning_ethercat/new_SOEM/SOEM-1.3.1/lib/linux/libsoem.a(ethercatfoe.o)
 .debug_line    0x0000000000001a63     0x10db /mnt/storageDevice/projects/learning_ethercat/new_SOEM/SOEM-1.3.1/lib/linux/libsoem.a(ethercatmain.o)
 .debug_line    0x0000000000002b3e      0x477 /mnt/storageDevice/projects/learning_ethercat/new_SOEM/SOEM-1.3.1/lib/linux/libsoem.a(ethercatsoe.o)
 .debug_line    0x0000000000002fb5      0x980 /mnt/storageDevice/projects/learning_ethercat/new_SOEM/SOEM-1.3.1/lib/linux/libsoem.a(ethercatcoe.o)
 .debug_line    0x0000000000003935      0x6b7 /mnt/storageDevice/projects/learning_ethercat/new_SOEM/SOEM-1.3.1/lib/linux/liboshw.a(nicdrv.o)
 .debug_line    0x0000000000003fec      0x2aa /mnt/storageDevice/projects/learning_ethercat/new_SOEM/SOEM-1.3.1/lib/linux/liboshw.a(oshw.o)
 .debug_line    0x0000000000004296      0x320 /mnt/storageDevice/projects/learning_ethercat/new_SOEM/SOEM-1.3.1/lib/linux/libosal.a(osal.o)

.debug_frame
 *(.debug_frame)

.debug_str      0x0000000000000000     0x2cb9
 *(.debug_str)
 .debug_str     0x0000000000000000      0xf3a obj/linux/firm_update.o
                                       0x10c8 (size before relaxing)
 .debug_str     0x0000000000000f3a      0x327 /mnt/storageDevice/projects/learning_ethercat/new_SOEM/SOEM-1.3.1/lib/linux/libsoem.a(ethercatbase.o)
                                       0x120a (size before relaxing)
 .debug_str     0x0000000000001261      0x349 /mnt/storageDevice/projects/learning_ethercat/new_SOEM/SOEM-1.3.1/lib/linux/libsoem.a(ethercatconfig.o)
                                       0x1381 (size before relaxing)
 .debug_str     0x00000000000015aa      0x208 /mnt/storageDevice/projects/learning_ethercat/new_SOEM/SOEM-1.3.1/lib/linux/libsoem.a(ethercatfoe.o)
                                        0xe14 (size before relaxing)
 .debug_str     0x00000000000017b2      0x770 /mnt/storageDevice/projects/learning_ethercat/new_SOEM/SOEM-1.3.1/lib/linux/libsoem.a(ethercatmain.o)
                                       0x18b2 (size before relaxing)
 .debug_str     0x0000000000001f22      0x1ee /mnt/storageDevice/projects/learning_ethercat/new_SOEM/SOEM-1.3.1/lib/linux/libsoem.a(ethercatsoe.o)
                                        0xeb0 (size before relaxing)
 .debug_str     0x0000000000002110      0x46d /mnt/storageDevice/projects/learning_ethercat/new_SOEM/SOEM-1.3.1/lib/linux/libsoem.a(ethercatcoe.o)
                                       0x1157 (size before relaxing)
 .debug_str     0x000000000000257d      0x4fe /mnt/storageDevice/projects/learning_ethercat/new_SOEM/SOEM-1.3.1/lib/linux/liboshw.a(nicdrv.o)
                                       0x119b (size before relaxing)
 .debug_str     0x0000000000002a7b       0x93 /mnt/storageDevice/projects/learning_ethercat/new_SOEM/SOEM-1.3.1/lib/linux/liboshw.a(oshw.o)
                                        0xcee (size before relaxing)
 .debug_str     0x0000000000002b0e      0x1ab /mnt/storageDevice/projects/learning_ethercat/new_SOEM/SOEM-1.3.1/lib/linux/libosal.a(osal.o)
                                        0x43c (size before relaxing)

.debug_loc
 *(.debug_loc)

.debug_macinfo
 *(.debug_macinfo)

.debug_weaknames
 *(.debug_weaknames)

.debug_funcnames
 *(.debug_funcnames)

.debug_typenames
 *(.debug_typenames)

.debug_varnames
 *(.debug_varnames)

.debug_pubtypes
 *(.debug_pubtypes)

.debug_ranges   0x0000000000000000      0xe80
 *(.debug_ranges)
 .debug_ranges  0x0000000000000000       0x40 obj/linux/firm_update.o
 .debug_ranges  0x0000000000000040      0x260 /mnt/storageDevice/projects/learning_ethercat/new_SOEM/SOEM-1.3.1/lib/linux/libsoem.a(ethercatbase.o)
 .debug_ranges  0x00000000000002a0      0x180 /mnt/storageDevice/projects/learning_ethercat/new_SOEM/SOEM-1.3.1/lib/linux/libsoem.a(ethercatconfig.o)
 .debug_ranges  0x0000000000000420       0x70 /mnt/storageDevice/projects/learning_ethercat/new_SOEM/SOEM-1.3.1/lib/linux/libsoem.a(ethercatfoe.o)
 .debug_ranges  0x0000000000000490      0x540 /mnt/storageDevice/projects/learning_ethercat/new_SOEM/SOEM-1.3.1/lib/linux/libsoem.a(ethercatmain.o)
 .debug_ranges  0x00000000000009d0       0x80 /mnt/storageDevice/projects/learning_ethercat/new_SOEM/SOEM-1.3.1/lib/linux/libsoem.a(ethercatsoe.o)
 .debug_ranges  0x0000000000000a50      0x1c0 /mnt/storageDevice/projects/learning_ethercat/new_SOEM/SOEM-1.3.1/lib/linux/libsoem.a(ethercatcoe.o)
 .debug_ranges  0x0000000000000c10      0x170 /mnt/storageDevice/projects/learning_ethercat/new_SOEM/SOEM-1.3.1/lib/linux/liboshw.a(nicdrv.o)
 .debug_ranges  0x0000000000000d80       0x50 /mnt/storageDevice/projects/learning_ethercat/new_SOEM/SOEM-1.3.1/lib/linux/liboshw.a(oshw.o)
 .debug_ranges  0x0000000000000dd0       0xb0 /mnt/storageDevice/projects/learning_ethercat/new_SOEM/SOEM-1.3.1/lib/linux/libosal.a(osal.o)

.debug_macro
 *(.debug_macro)

.debug_addr
 *(.debug_addr)

.gnu.attributes
 *(.gnu.attributes)

/DISCARD/
 *(.note.GNU-stack)
 *(.gnu_debuglink)
 *(.gnu.lto_*)
OUTPUT(firm_update elf64-x86-64)
