Archive member included to satisfy reference by file (symbol)

/mnt/storageDevice/projects/learning_ethercat/new_SOEM/SOEM-1.3.1/lib/linux/libsoem.a(ethercatcoe.o)
                              obj/linux/slaveinfo.o (ec_SDOread)
/mnt/storageDevice/projects/learning_ethercat/new_SOEM/SOEM-1.3.1/lib/linux/libsoem.a(ethercatconfig.o)
                              obj/linux/slaveinfo.o (ec_config)
/mnt/storageDevice/projects/learning_ethercat/new_SOEM/SOEM-1.3.1/lib/linux/libsoem.a(ethercatdc.o)
                              obj/linux/slaveinfo.o (ec_configdc)
/mnt/storageDevice/projects/learning_ethercat/new_SOEM/SOEM-1.3.1/lib/linux/libsoem.a(ethercatmain.o)
                              obj/linux/slaveinfo.o (ec_slave)
/mnt/storageDevice/projects/learning_ethercat/new_SOEM/SOEM-1.3.1/lib/linux/libsoem.a(ethercatprint.o)
                              obj/linux/slaveinfo.o (ec_ALstatuscode2string)
/mnt/storageDevice/projects/learning_ethercat/new_SOEM/SOEM-1.3.1/lib/linux/libsoem.a(ethercatsoe.o)
                              /mnt/storageDevice/projects/learning_ethercat/new_SOEM/SOEM-1.3.1/lib/linux/libsoem.a(ethercatconfig.o) (ecx_readIDNmap)
/mnt/storageDevice/projects/learning_ethercat/new_SOEM/SOEM-1.3.1/lib/linux/libsoem.a(ethercatbase.o)
                              /mnt/storageDevice/projects/learning_ethercat/new_SOEM/SOEM-1.3.1/lib/linux/libsoem.a(ethercatmain.o) (ecx_setupdatagram)
/usr/lib/x86_64-linux-gnu/libc_nonshared.a(elf-init.oS)
                              /usr/lib/gcc/x86_64-linux-gnu/7/../../../x86_64-linux-gnu/Scrt1.o (__libc_csu_init)
/mnt/storageDevice/projects/learning_ethercat/new_SOEM/SOEM-1.3.1/lib/linux/liboshw.a(nicdrv.o)
                              /mnt/storageDevice/projects/learning_ethercat/new_SOEM/SOEM-1.3.1/lib/linux/libsoem.a(ethercatmain.o) (secMAC)
/mnt/storageDevice/projects/learning_ethercat/new_SOEM/SOEM-1.3.1/lib/linux/liboshw.a(oshw.o)
                              /mnt/storageDevice/projects/learning_ethercat/new_SOEM/SOEM-1.3.1/lib/linux/libsoem.a(ethercatmain.o) (oshw_htons)
/mnt/storageDevice/projects/learning_ethercat/new_SOEM/SOEM-1.3.1/lib/linux/libosal.a(osal.o)
                              /mnt/storageDevice/projects/learning_ethercat/new_SOEM/SOEM-1.3.1/lib/linux/libsoem.a(ethercatconfig.o) (osal_usleep)

As-needed library included to satisfy reference by file (symbol)

libc.so.6                     obj/linux/slaveinfo.o (strcpy@@GLIBC_2.2.5)
libpthread.so.0               /mnt/storageDevice/projects/learning_ethercat/new_SOEM/SOEM-1.3.1/lib/linux/libosal.a(osal.o) (pthread_create@@GLIBC_2.2.5)

Allocating common symbols
Common symbol       size              file

IOmap               0x1000            obj/linux/slaveinfo.o
ecx_port            0xcb30            /mnt/storageDevice/projects/learning_ethercat/new_SOEM/SOEM-1.3.1/lib/linux/libsoem.a(ethercatmain.o)
ecx_redport         0x6590            /mnt/storageDevice/projects/learning_ethercat/new_SOEM/SOEM-1.3.1/lib/linux/libsoem.a(ethercatmain.o)
OElist              0x3002            obj/linux/slaveinfo.o
ecx_mapt            0xc0              /mnt/storageDevice/projects/learning_ethercat/new_SOEM/SOEM-1.3.1/lib/linux/libsoem.a(ethercatconfig.o)
hstr                0x400             obj/linux/slaveinfo.o
ecx_threadh         0x40              /mnt/storageDevice/projects/learning_ethercat/new_SOEM/SOEM-1.3.1/lib/linux/libsoem.a(ethercatconfig.o)
ec_DCtime           0x8               /mnt/storageDevice/projects/learning_ethercat/new_SOEM/SOEM-1.3.1/lib/linux/libsoem.a(ethercatmain.o)
ODlist              0xbc04            obj/linux/slaveinfo.o
usdo                0x80              obj/linux/slaveinfo.o
estring             0x7f              /mnt/storageDevice/projects/learning_ethercat/new_SOEM/SOEM-1.3.1/lib/linux/libsoem.a(ethercatprint.o)
ec_slavecount       0x4               /mnt/storageDevice/projects/learning_ethercat/new_SOEM/SOEM-1.3.1/lib/linux/libsoem.a(ethercatmain.o)
ec_group            0x270             /mnt/storageDevice/projects/learning_ethercat/new_SOEM/SOEM-1.3.1/lib/linux/libsoem.a(ethercatmain.o)
ec_slave            0x10040           /mnt/storageDevice/projects/learning_ethercat/new_SOEM/SOEM-1.3.1/lib/linux/libsoem.a(ethercatmain.o)

Discarded input sections

 .rodata.cst4   0x0000000000000000        0x4 /usr/lib/gcc/x86_64-linux-gnu/7/../../../x86_64-linux-gnu/Scrt1.o
 .data          0x0000000000000000        0x4 /usr/lib/gcc/x86_64-linux-gnu/7/../../../x86_64-linux-gnu/Scrt1.o
 .bss           0x0000000000000000        0x0 /usr/lib/gcc/x86_64-linux-gnu/7/../../../x86_64-linux-gnu/Scrt1.o
 .note.GNU-stack
                0x0000000000000000        0x0 /usr/lib/gcc/x86_64-linux-gnu/7/../../../x86_64-linux-gnu/Scrt1.o
 .text          0x0000000000000000        0x0 /usr/lib/gcc/x86_64-linux-gnu/7/../../../x86_64-linux-gnu/crti.o
 .data          0x0000000000000000        0x0 /usr/lib/gcc/x86_64-linux-gnu/7/../../../x86_64-linux-gnu/crti.o
 .bss           0x0000000000000000        0x0 /usr/lib/gcc/x86_64-linux-gnu/7/../../../x86_64-linux-gnu/crti.o
 .note.GNU-stack
                0x0000000000000000        0x0 /usr/lib/gcc/x86_64-linux-gnu/7/../../../x86_64-linux-gnu/crti.o
 .data          0x0000000000000000        0x0 /usr/lib/gcc/x86_64-linux-gnu/7/crtbeginS.o
 .note.GNU-stack
                0x0000000000000000        0x0 /usr/lib/gcc/x86_64-linux-gnu/7/crtbeginS.o
 .text          0x0000000000000000        0x0 obj/linux/slaveinfo.o
 .data          0x0000000000000000        0x0 obj/linux/slaveinfo.o
 .note.GNU-stack
                0x0000000000000000        0x0 obj/linux/slaveinfo.o
 .text          0x0000000000000000        0x0 /mnt/storageDevice/projects/learning_ethercat/new_SOEM/SOEM-1.3.1/lib/linux/libsoem.a(ethercatcoe.o)
 .data          0x0000000000000000        0x0 /mnt/storageDevice/projects/learning_ethercat/new_SOEM/SOEM-1.3.1/lib/linux/libsoem.a(ethercatcoe.o)
 .bss           0x0000000000000000        0x0 /mnt/storageDevice/projects/learning_ethercat/new_SOEM/SOEM-1.3.1/lib/linux/libsoem.a(ethercatcoe.o)
 .text.ecx_SDOwrite
                0x0000000000000000      0x87f /mnt/storageDevice/projects/learning_ethercat/new_SOEM/SOEM-1.3.1/lib/linux/libsoem.a(ethercatcoe.o)
 .text.ecx_RxPDO
                0x0000000000000000      0x1f3 /mnt/storageDevice/projects/learning_ethercat/new_SOEM/SOEM-1.3.1/lib/linux/libsoem.a(ethercatcoe.o)
 .text.ecx_TxPDO
                0x0000000000000000      0x2d7 /mnt/storageDevice/projects/learning_ethercat/new_SOEM/SOEM-1.3.1/lib/linux/libsoem.a(ethercatcoe.o)
 .text.ec_SDOerror
                0x0000000000000000       0x44 /mnt/storageDevice/projects/learning_ethercat/new_SOEM/SOEM-1.3.1/lib/linux/libsoem.a(ethercatcoe.o)
 .text.ec_SDOwrite
                0x0000000000000000       0x64 /mnt/storageDevice/projects/learning_ethercat/new_SOEM/SOEM-1.3.1/lib/linux/libsoem.a(ethercatcoe.o)
 .text.ec_RxPDO
                0x0000000000000000       0x44 /mnt/storageDevice/projects/learning_ethercat/new_SOEM/SOEM-1.3.1/lib/linux/libsoem.a(ethercatcoe.o)
 .text.ec_TxPDO
                0x0000000000000000       0x52 /mnt/storageDevice/projects/learning_ethercat/new_SOEM/SOEM-1.3.1/lib/linux/libsoem.a(ethercatcoe.o)
 .text.ec_readPDOassign
                0x0000000000000000       0x2f /mnt/storageDevice/projects/learning_ethercat/new_SOEM/SOEM-1.3.1/lib/linux/libsoem.a(ethercatcoe.o)
 .text.ec_readPDOassignCA
                0x0000000000000000       0x2f /mnt/storageDevice/projects/learning_ethercat/new_SOEM/SOEM-1.3.1/lib/linux/libsoem.a(ethercatcoe.o)
 .text.ec_readPDOmap
                0x0000000000000000       0x37 /mnt/storageDevice/projects/learning_ethercat/new_SOEM/SOEM-1.3.1/lib/linux/libsoem.a(ethercatcoe.o)
 .text.ec_readPDOmapCA
                0x0000000000000000       0x37 /mnt/storageDevice/projects/learning_ethercat/new_SOEM/SOEM-1.3.1/lib/linux/libsoem.a(ethercatcoe.o)
 .note.GNU-stack
                0x0000000000000000        0x0 /mnt/storageDevice/projects/learning_ethercat/new_SOEM/SOEM-1.3.1/lib/linux/libsoem.a(ethercatcoe.o)
 .text          0x0000000000000000        0x0 /mnt/storageDevice/projects/learning_ethercat/new_SOEM/SOEM-1.3.1/lib/linux/libsoem.a(ethercatconfig.o)
 .data          0x0000000000000000        0x0 /mnt/storageDevice/projects/learning_ethercat/new_SOEM/SOEM-1.3.1/lib/linux/libsoem.a(ethercatconfig.o)
 .bss           0x0000000000000000        0x0 /mnt/storageDevice/projects/learning_ethercat/new_SOEM/SOEM-1.3.1/lib/linux/libsoem.a(ethercatconfig.o)
 .text.ecx_recover_slave
                0x0000000000000000      0x39c /mnt/storageDevice/projects/learning_ethercat/new_SOEM/SOEM-1.3.1/lib/linux/libsoem.a(ethercatconfig.o)
 .text.ecx_reconfig_slave
                0x0000000000000000      0x34c /mnt/storageDevice/projects/learning_ethercat/new_SOEM/SOEM-1.3.1/lib/linux/libsoem.a(ethercatconfig.o)
 .text.ec_recover_slave
                0x0000000000000000       0x2b /mnt/storageDevice/projects/learning_ethercat/new_SOEM/SOEM-1.3.1/lib/linux/libsoem.a(ethercatconfig.o)
 .text.ec_reconfig_slave
                0x0000000000000000       0x2b /mnt/storageDevice/projects/learning_ethercat/new_SOEM/SOEM-1.3.1/lib/linux/libsoem.a(ethercatconfig.o)
 .note.GNU-stack
                0x0000000000000000        0x0 /mnt/storageDevice/projects/learning_ethercat/new_SOEM/SOEM-1.3.1/lib/linux/libsoem.a(ethercatconfig.o)
 .text          0x0000000000000000        0x0 /mnt/storageDevice/projects/learning_ethercat/new_SOEM/SOEM-1.3.1/lib/linux/libsoem.a(ethercatdc.o)
 .data          0x0000000000000000        0x0 /mnt/storageDevice/projects/learning_ethercat/new_SOEM/SOEM-1.3.1/lib/linux/libsoem.a(ethercatdc.o)
 .bss           0x0000000000000000        0x0 /mnt/storageDevice/projects/learning_ethercat/new_SOEM/SOEM-1.3.1/lib/linux/libsoem.a(ethercatdc.o)
 .rodata        0x0000000000000000       0x8f /mnt/storageDevice/projects/learning_ethercat/new_SOEM/SOEM-1.3.1/lib/linux/libsoem.a(ethercatdc.o)
 .text.print_sync0
                0x0000000000000000       0x72 /mnt/storageDevice/projects/learning_ethercat/new_SOEM/SOEM-1.3.1/lib/linux/libsoem.a(ethercatdc.o)
 .text.ecx_dcsync0
                0x0000000000000000      0x315 /mnt/storageDevice/projects/learning_ethercat/new_SOEM/SOEM-1.3.1/lib/linux/libsoem.a(ethercatdc.o)
 .text.ecx_dcsync01
                0x0000000000000000      0x264 /mnt/storageDevice/projects/learning_ethercat/new_SOEM/SOEM-1.3.1/lib/linux/libsoem.a(ethercatdc.o)
 .text.ec_dcsync0
                0x0000000000000000       0x40 /mnt/storageDevice/projects/learning_ethercat/new_SOEM/SOEM-1.3.1/lib/linux/libsoem.a(ethercatdc.o)
 .text.ec_dcsync01
                0x0000000000000000       0x4e /mnt/storageDevice/projects/learning_ethercat/new_SOEM/SOEM-1.3.1/lib/linux/libsoem.a(ethercatdc.o)
 .note.GNU-stack
                0x0000000000000000        0x0 /mnt/storageDevice/projects/learning_ethercat/new_SOEM/SOEM-1.3.1/lib/linux/libsoem.a(ethercatdc.o)
 .text          0x0000000000000000        0x0 /mnt/storageDevice/projects/learning_ethercat/new_SOEM/SOEM-1.3.1/lib/linux/libsoem.a(ethercatmain.o)
 .data          0x0000000000000000        0x0 /mnt/storageDevice/projects/learning_ethercat/new_SOEM/SOEM-1.3.1/lib/linux/libsoem.a(ethercatmain.o)
 .text.ec_find_adapters
                0x0000000000000000       0x18 /mnt/storageDevice/projects/learning_ethercat/new_SOEM/SOEM-1.3.1/lib/linux/libsoem.a(ethercatmain.o)
 .text.ec_free_adapters
                0x0000000000000000       0x1c /mnt/storageDevice/projects/learning_ethercat/new_SOEM/SOEM-1.3.1/lib/linux/libsoem.a(ethercatmain.o)
 .text.ecx_iserror
                0x0000000000000000       0x25 /mnt/storageDevice/projects/learning_ethercat/new_SOEM/SOEM-1.3.1/lib/linux/libsoem.a(ethercatmain.o)
 .text.ecx_init_redundant
                0x0000000000000000      0x120 /mnt/storageDevice/projects/learning_ethercat/new_SOEM/SOEM-1.3.1/lib/linux/libsoem.a(ethercatmain.o)
 .text.ecx_writestate
                0x0000000000000000      0x121 /mnt/storageDevice/projects/learning_ethercat/new_SOEM/SOEM-1.3.1/lib/linux/libsoem.a(ethercatmain.o)
 .text.ecx_esidump
                0x0000000000000000      0x163 /mnt/storageDevice/projects/learning_ethercat/new_SOEM/SOEM-1.3.1/lib/linux/libsoem.a(ethercatmain.o)
 .text.ecx_readeeprom
                0x0000000000000000       0x7e /mnt/storageDevice/projects/learning_ethercat/new_SOEM/SOEM-1.3.1/lib/linux/libsoem.a(ethercatmain.o)
 .text.ecx_writeeeprom
                0x0000000000000000       0x8c /mnt/storageDevice/projects/learning_ethercat/new_SOEM/SOEM-1.3.1/lib/linux/libsoem.a(ethercatmain.o)
 .text.ecx_eeprom_waitnotbusyAP
                0x0000000000000000      0x113 /mnt/storageDevice/projects/learning_ethercat/new_SOEM/SOEM-1.3.1/lib/linux/libsoem.a(ethercatmain.o)
 .text.ecx_readeepromAP
                0x0000000000000000      0x273 /mnt/storageDevice/projects/learning_ethercat/new_SOEM/SOEM-1.3.1/lib/linux/libsoem.a(ethercatmain.o)
 .text.ecx_writeeepromAP
                0x0000000000000000      0x208 /mnt/storageDevice/projects/learning_ethercat/new_SOEM/SOEM-1.3.1/lib/linux/libsoem.a(ethercatmain.o)
 .text.ecx_writeeepromFP
                0x0000000000000000      0x208 /mnt/storageDevice/projects/learning_ethercat/new_SOEM/SOEM-1.3.1/lib/linux/libsoem.a(ethercatmain.o)
 .text.ecx_pushindex
                0x0000000000000000       0xb3 /mnt/storageDevice/projects/learning_ethercat/new_SOEM/SOEM-1.3.1/lib/linux/libsoem.a(ethercatmain.o)
 .text.ecx_pullindex
                0x0000000000000000       0x56 /mnt/storageDevice/projects/learning_ethercat/new_SOEM/SOEM-1.3.1/lib/linux/libsoem.a(ethercatmain.o)
 .text.ecx_send_processdata_group
                0x0000000000000000      0x950 /mnt/storageDevice/projects/learning_ethercat/new_SOEM/SOEM-1.3.1/lib/linux/libsoem.a(ethercatmain.o)
 .text.ecx_receive_processdata_group
                0x0000000000000000      0x3a3 /mnt/storageDevice/projects/learning_ethercat/new_SOEM/SOEM-1.3.1/lib/linux/libsoem.a(ethercatmain.o)
 .text.ecx_send_processdata
                0x0000000000000000       0x20 /mnt/storageDevice/projects/learning_ethercat/new_SOEM/SOEM-1.3.1/lib/linux/libsoem.a(ethercatmain.o)
 .text.ecx_receive_processdata
                0x0000000000000000       0x28 /mnt/storageDevice/projects/learning_ethercat/new_SOEM/SOEM-1.3.1/lib/linux/libsoem.a(ethercatmain.o)
 .text.ec_pusherror
                0x0000000000000000       0x21 /mnt/storageDevice/projects/learning_ethercat/new_SOEM/SOEM-1.3.1/lib/linux/libsoem.a(ethercatmain.o)
 .text.ec_poperror
                0x0000000000000000       0x20 /mnt/storageDevice/projects/learning_ethercat/new_SOEM/SOEM-1.3.1/lib/linux/libsoem.a(ethercatmain.o)
 .text.ec_iserror
                0x0000000000000000        0xd /mnt/storageDevice/projects/learning_ethercat/new_SOEM/SOEM-1.3.1/lib/linux/libsoem.a(ethercatmain.o)
 .text.ec_packeterror
                0x0000000000000000       0x46 /mnt/storageDevice/projects/learning_ethercat/new_SOEM/SOEM-1.3.1/lib/linux/libsoem.a(ethercatmain.o)
 .text.ec_init_redundant
                0x0000000000000000       0x34 /mnt/storageDevice/projects/learning_ethercat/new_SOEM/SOEM-1.3.1/lib/linux/libsoem.a(ethercatmain.o)
 .text.ec_siiFMMU
                0x0000000000000000       0x2b /mnt/storageDevice/projects/learning_ethercat/new_SOEM/SOEM-1.3.1/lib/linux/libsoem.a(ethercatmain.o)
 .text.ec_siiSM
                0x0000000000000000       0x2b /mnt/storageDevice/projects/learning_ethercat/new_SOEM/SOEM-1.3.1/lib/linux/libsoem.a(ethercatmain.o)
 .text.ec_siiSMnext
                0x0000000000000000       0x39 /mnt/storageDevice/projects/learning_ethercat/new_SOEM/SOEM-1.3.1/lib/linux/libsoem.a(ethercatmain.o)
 .text.ec_siiPDO
                0x0000000000000000       0x38 /mnt/storageDevice/projects/learning_ethercat/new_SOEM/SOEM-1.3.1/lib/linux/libsoem.a(ethercatmain.o)
 .text.ec_writestate
                0x0000000000000000       0x23 /mnt/storageDevice/projects/learning_ethercat/new_SOEM/SOEM-1.3.1/lib/linux/libsoem.a(ethercatmain.o)
 .text.ec_mbxempty
                0x0000000000000000       0x2b /mnt/storageDevice/projects/learning_ethercat/new_SOEM/SOEM-1.3.1/lib/linux/libsoem.a(ethercatmain.o)
 .text.ec_mbxsend
                0x0000000000000000       0x33 /mnt/storageDevice/projects/learning_ethercat/new_SOEM/SOEM-1.3.1/lib/linux/libsoem.a(ethercatmain.o)
 .text.ec_mbxreceive
                0x0000000000000000       0x33 /mnt/storageDevice/projects/learning_ethercat/new_SOEM/SOEM-1.3.1/lib/linux/libsoem.a(ethercatmain.o)
 .text.ec_esidump
                0x0000000000000000       0x2c /mnt/storageDevice/projects/learning_ethercat/new_SOEM/SOEM-1.3.1/lib/linux/libsoem.a(ethercatmain.o)
 .text.ec_readeeprom
                0x0000000000000000       0x39 /mnt/storageDevice/projects/learning_ethercat/new_SOEM/SOEM-1.3.1/lib/linux/libsoem.a(ethercatmain.o)
 .text.ec_writeeeprom
                0x0000000000000000       0x44 /mnt/storageDevice/projects/learning_ethercat/new_SOEM/SOEM-1.3.1/lib/linux/libsoem.a(ethercatmain.o)
 .text.ec_eeprom2master
                0x0000000000000000       0x23 /mnt/storageDevice/projects/learning_ethercat/new_SOEM/SOEM-1.3.1/lib/linux/libsoem.a(ethercatmain.o)
 .text.ec_eeprom_waitnotbusyAP
                0x0000000000000000       0x33 /mnt/storageDevice/projects/learning_ethercat/new_SOEM/SOEM-1.3.1/lib/linux/libsoem.a(ethercatmain.o)
 .text.ec_readeepromAP
                0x0000000000000000       0x39 /mnt/storageDevice/projects/learning_ethercat/new_SOEM/SOEM-1.3.1/lib/linux/libsoem.a(ethercatmain.o)
 .text.ec_writeeepromAP
                0x0000000000000000       0x44 /mnt/storageDevice/projects/learning_ethercat/new_SOEM/SOEM-1.3.1/lib/linux/libsoem.a(ethercatmain.o)
 .text.ec_eeprom_waitnotbusyFP
                0x0000000000000000       0x33 /mnt/storageDevice/projects/learning_ethercat/new_SOEM/SOEM-1.3.1/lib/linux/libsoem.a(ethercatmain.o)
 .text.ec_readeepromFP
                0x0000000000000000       0x39 /mnt/storageDevice/projects/learning_ethercat/new_SOEM/SOEM-1.3.1/lib/linux/libsoem.a(ethercatmain.o)
 .text.ec_writeeepromFP
                0x0000000000000000       0x44 /mnt/storageDevice/projects/learning_ethercat/new_SOEM/SOEM-1.3.1/lib/linux/libsoem.a(ethercatmain.o)
 .text.ec_readeeprom1
                0x0000000000000000       0x30 /mnt/storageDevice/projects/learning_ethercat/new_SOEM/SOEM-1.3.1/lib/linux/libsoem.a(ethercatmain.o)
 .text.ec_readeeprom2
                0x0000000000000000       0x2b /mnt/storageDevice/projects/learning_ethercat/new_SOEM/SOEM-1.3.1/lib/linux/libsoem.a(ethercatmain.o)
 .text.ec_send_processdata_group
                0x0000000000000000       0x22 /mnt/storageDevice/projects/learning_ethercat/new_SOEM/SOEM-1.3.1/lib/linux/libsoem.a(ethercatmain.o)
 .text.ec_receive_processdata_group
                0x0000000000000000       0x2a /mnt/storageDevice/projects/learning_ethercat/new_SOEM/SOEM-1.3.1/lib/linux/libsoem.a(ethercatmain.o)
 .text.ec_send_processdata
                0x0000000000000000       0x13 /mnt/storageDevice/projects/learning_ethercat/new_SOEM/SOEM-1.3.1/lib/linux/libsoem.a(ethercatmain.o)
 .text.ec_receive_processdata
                0x0000000000000000       0x1d /mnt/storageDevice/projects/learning_ethercat/new_SOEM/SOEM-1.3.1/lib/linux/libsoem.a(ethercatmain.o)
 .note.GNU-stack
                0x0000000000000000        0x0 /mnt/storageDevice/projects/learning_ethercat/new_SOEM/SOEM-1.3.1/lib/linux/libsoem.a(ethercatmain.o)
 .text          0x0000000000000000        0x0 /mnt/storageDevice/projects/learning_ethercat/new_SOEM/SOEM-1.3.1/lib/linux/libsoem.a(ethercatprint.o)
 .data          0x0000000000000000        0x0 /mnt/storageDevice/projects/learning_ethercat/new_SOEM/SOEM-1.3.1/lib/linux/libsoem.a(ethercatprint.o)
 .bss           0x0000000000000000        0x0 /mnt/storageDevice/projects/learning_ethercat/new_SOEM/SOEM-1.3.1/lib/linux/libsoem.a(ethercatprint.o)
 .note.GNU-stack
                0x0000000000000000        0x0 /mnt/storageDevice/projects/learning_ethercat/new_SOEM/SOEM-1.3.1/lib/linux/libsoem.a(ethercatprint.o)
 .text          0x0000000000000000        0x0 /mnt/storageDevice/projects/learning_ethercat/new_SOEM/SOEM-1.3.1/lib/linux/libsoem.a(ethercatsoe.o)
 .data          0x0000000000000000        0x0 /mnt/storageDevice/projects/learning_ethercat/new_SOEM/SOEM-1.3.1/lib/linux/libsoem.a(ethercatsoe.o)
 .bss           0x0000000000000000        0x0 /mnt/storageDevice/projects/learning_ethercat/new_SOEM/SOEM-1.3.1/lib/linux/libsoem.a(ethercatsoe.o)
 .text.ecx_SoEwrite
                0x0000000000000000      0x476 /mnt/storageDevice/projects/learning_ethercat/new_SOEM/SOEM-1.3.1/lib/linux/libsoem.a(ethercatsoe.o)
 .text.ec_SoEread
                0x0000000000000000       0x64 /mnt/storageDevice/projects/learning_ethercat/new_SOEM/SOEM-1.3.1/lib/linux/libsoem.a(ethercatsoe.o)
 .text.ec_SoEwrite
                0x0000000000000000       0x64 /mnt/storageDevice/projects/learning_ethercat/new_SOEM/SOEM-1.3.1/lib/linux/libsoem.a(ethercatsoe.o)
 .text.ec_readIDNmap
                0x0000000000000000       0x37 /mnt/storageDevice/projects/learning_ethercat/new_SOEM/SOEM-1.3.1/lib/linux/libsoem.a(ethercatsoe.o)
 .note.GNU-stack
                0x0000000000000000        0x0 /mnt/storageDevice/projects/learning_ethercat/new_SOEM/SOEM-1.3.1/lib/linux/libsoem.a(ethercatsoe.o)
 .text          0x0000000000000000        0x0 /mnt/storageDevice/projects/learning_ethercat/new_SOEM/SOEM-1.3.1/lib/linux/libsoem.a(ethercatbase.o)
 .data          0x0000000000000000        0x0 /mnt/storageDevice/projects/learning_ethercat/new_SOEM/SOEM-1.3.1/lib/linux/libsoem.a(ethercatbase.o)
 .bss           0x0000000000000000        0x0 /mnt/storageDevice/projects/learning_ethercat/new_SOEM/SOEM-1.3.1/lib/linux/libsoem.a(ethercatbase.o)
 .text.ecx_ARMW
                0x0000000000000000      0x101 /mnt/storageDevice/projects/learning_ethercat/new_SOEM/SOEM-1.3.1/lib/linux/libsoem.a(ethercatbase.o)
 .text.ecx_FRMW
                0x0000000000000000      0x101 /mnt/storageDevice/projects/learning_ethercat/new_SOEM/SOEM-1.3.1/lib/linux/libsoem.a(ethercatbase.o)
 .text.ecx_LRW  0x0000000000000000      0x124 /mnt/storageDevice/projects/learning_ethercat/new_SOEM/SOEM-1.3.1/lib/linux/libsoem.a(ethercatbase.o)
 .text.ecx_LRD  0x0000000000000000      0x124 /mnt/storageDevice/projects/learning_ethercat/new_SOEM/SOEM-1.3.1/lib/linux/libsoem.a(ethercatbase.o)
 .text.ecx_LWR  0x0000000000000000       0xc9 /mnt/storageDevice/projects/learning_ethercat/new_SOEM/SOEM-1.3.1/lib/linux/libsoem.a(ethercatbase.o)
 .text.ecx_LRWDC
                0x0000000000000000      0x23b /mnt/storageDevice/projects/learning_ethercat/new_SOEM/SOEM-1.3.1/lib/linux/libsoem.a(ethercatbase.o)
 .text.ec_setupdatagram
                0x0000000000000000       0x6e /mnt/storageDevice/projects/learning_ethercat/new_SOEM/SOEM-1.3.1/lib/linux/libsoem.a(ethercatbase.o)
 .text.ec_adddatagram
                0x0000000000000000       0x83 /mnt/storageDevice/projects/learning_ethercat/new_SOEM/SOEM-1.3.1/lib/linux/libsoem.a(ethercatbase.o)
 .text.ec_BWR   0x0000000000000000       0x54 /mnt/storageDevice/projects/learning_ethercat/new_SOEM/SOEM-1.3.1/lib/linux/libsoem.a(ethercatbase.o)
 .text.ec_BRD   0x0000000000000000       0x54 /mnt/storageDevice/projects/learning_ethercat/new_SOEM/SOEM-1.3.1/lib/linux/libsoem.a(ethercatbase.o)
 .text.ec_APRD  0x0000000000000000       0x54 /mnt/storageDevice/projects/learning_ethercat/new_SOEM/SOEM-1.3.1/lib/linux/libsoem.a(ethercatbase.o)
 .text.ec_ARMW  0x0000000000000000       0x54 /mnt/storageDevice/projects/learning_ethercat/new_SOEM/SOEM-1.3.1/lib/linux/libsoem.a(ethercatbase.o)
 .text.ec_FRMW  0x0000000000000000       0x54 /mnt/storageDevice/projects/learning_ethercat/new_SOEM/SOEM-1.3.1/lib/linux/libsoem.a(ethercatbase.o)
 .text.ec_APRDw
                0x0000000000000000       0x73 /mnt/storageDevice/projects/learning_ethercat/new_SOEM/SOEM-1.3.1/lib/linux/libsoem.a(ethercatbase.o)
 .text.ec_FPRD  0x0000000000000000       0x54 /mnt/storageDevice/projects/learning_ethercat/new_SOEM/SOEM-1.3.1/lib/linux/libsoem.a(ethercatbase.o)
 .text.ec_FPRDw
                0x0000000000000000       0x73 /mnt/storageDevice/projects/learning_ethercat/new_SOEM/SOEM-1.3.1/lib/linux/libsoem.a(ethercatbase.o)
 .text.ec_APWR  0x0000000000000000       0x54 /mnt/storageDevice/projects/learning_ethercat/new_SOEM/SOEM-1.3.1/lib/linux/libsoem.a(ethercatbase.o)
 .text.ec_APWRw
                0x0000000000000000       0x45 /mnt/storageDevice/projects/learning_ethercat/new_SOEM/SOEM-1.3.1/lib/linux/libsoem.a(ethercatbase.o)
 .text.ec_FPWR  0x0000000000000000       0x54 /mnt/storageDevice/projects/learning_ethercat/new_SOEM/SOEM-1.3.1/lib/linux/libsoem.a(ethercatbase.o)
 .text.ec_FPWRw
                0x0000000000000000       0x45 /mnt/storageDevice/projects/learning_ethercat/new_SOEM/SOEM-1.3.1/lib/linux/libsoem.a(ethercatbase.o)
 .text.ec_LRW   0x0000000000000000       0x40 /mnt/storageDevice/projects/learning_ethercat/new_SOEM/SOEM-1.3.1/lib/linux/libsoem.a(ethercatbase.o)
 .text.ec_LRD   0x0000000000000000       0x40 /mnt/storageDevice/projects/learning_ethercat/new_SOEM/SOEM-1.3.1/lib/linux/libsoem.a(ethercatbase.o)
 .text.ec_LWR   0x0000000000000000       0x40 /mnt/storageDevice/projects/learning_ethercat/new_SOEM/SOEM-1.3.1/lib/linux/libsoem.a(ethercatbase.o)
 .text.ec_LRWDC
                0x0000000000000000       0x61 /mnt/storageDevice/projects/learning_ethercat/new_SOEM/SOEM-1.3.1/lib/linux/libsoem.a(ethercatbase.o)
 .note.GNU-stack
                0x0000000000000000        0x0 /mnt/storageDevice/projects/learning_ethercat/new_SOEM/SOEM-1.3.1/lib/linux/libsoem.a(ethercatbase.o)
 .data          0x0000000000000000        0x0 /usr/lib/x86_64-linux-gnu/libc_nonshared.a(elf-init.oS)
 .bss           0x0000000000000000        0x0 /usr/lib/x86_64-linux-gnu/libc_nonshared.a(elf-init.oS)
 .note.GNU-stack
                0x0000000000000000        0x0 /usr/lib/x86_64-linux-gnu/libc_nonshared.a(elf-init.oS)
 .text          0x0000000000000000        0x0 /mnt/storageDevice/projects/learning_ethercat/new_SOEM/SOEM-1.3.1/lib/linux/liboshw.a(nicdrv.o)
 .data          0x0000000000000000        0x0 /mnt/storageDevice/projects/learning_ethercat/new_SOEM/SOEM-1.3.1/lib/linux/liboshw.a(nicdrv.o)
 .bss           0x0000000000000000        0x0 /mnt/storageDevice/projects/learning_ethercat/new_SOEM/SOEM-1.3.1/lib/linux/liboshw.a(nicdrv.o)
 .rodata        0x0000000000000000        0xc /mnt/storageDevice/projects/learning_ethercat/new_SOEM/SOEM-1.3.1/lib/linux/liboshw.a(nicdrv.o)
 .text.ecx_waitinframe
                0x0000000000000000       0x8b /mnt/storageDevice/projects/learning_ethercat/new_SOEM/SOEM-1.3.1/lib/linux/liboshw.a(nicdrv.o)
 .text.ec_setupnic
                0x0000000000000000       0x2a /mnt/storageDevice/projects/learning_ethercat/new_SOEM/SOEM-1.3.1/lib/linux/liboshw.a(nicdrv.o)
 .text.ec_closenic
                0x0000000000000000       0x15 /mnt/storageDevice/projects/learning_ethercat/new_SOEM/SOEM-1.3.1/lib/linux/liboshw.a(nicdrv.o)
 .text.ec_getindex
                0x0000000000000000       0x15 /mnt/storageDevice/projects/learning_ethercat/new_SOEM/SOEM-1.3.1/lib/linux/liboshw.a(nicdrv.o)
 .text.ec_setbufstat
                0x0000000000000000       0x26 /mnt/storageDevice/projects/learning_ethercat/new_SOEM/SOEM-1.3.1/lib/linux/liboshw.a(nicdrv.o)
 .text.ec_outframe
                0x0000000000000000       0x27 /mnt/storageDevice/projects/learning_ethercat/new_SOEM/SOEM-1.3.1/lib/linux/liboshw.a(nicdrv.o)
 .text.ec_outframe_red
                0x0000000000000000       0x1f /mnt/storageDevice/projects/learning_ethercat/new_SOEM/SOEM-1.3.1/lib/linux/liboshw.a(nicdrv.o)
 .text.ec_inframe
                0x0000000000000000       0x27 /mnt/storageDevice/projects/learning_ethercat/new_SOEM/SOEM-1.3.1/lib/linux/liboshw.a(nicdrv.o)
 .text.ec_waitinframe
                0x0000000000000000       0x27 /mnt/storageDevice/projects/learning_ethercat/new_SOEM/SOEM-1.3.1/lib/linux/liboshw.a(nicdrv.o)
 .text.ec_srconfirm
                0x0000000000000000       0x27 /mnt/storageDevice/projects/learning_ethercat/new_SOEM/SOEM-1.3.1/lib/linux/liboshw.a(nicdrv.o)
 .note.GNU-stack
                0x0000000000000000        0x0 /mnt/storageDevice/projects/learning_ethercat/new_SOEM/SOEM-1.3.1/lib/linux/liboshw.a(nicdrv.o)
 .text          0x0000000000000000        0x0 /mnt/storageDevice/projects/learning_ethercat/new_SOEM/SOEM-1.3.1/lib/linux/liboshw.a(oshw.o)
 .data          0x0000000000000000        0x0 /mnt/storageDevice/projects/learning_ethercat/new_SOEM/SOEM-1.3.1/lib/linux/liboshw.a(oshw.o)
 .bss           0x0000000000000000        0x0 /mnt/storageDevice/projects/learning_ethercat/new_SOEM/SOEM-1.3.1/lib/linux/liboshw.a(oshw.o)
 .text.oshw_htons
                0x0000000000000000       0x26 /mnt/storageDevice/projects/learning_ethercat/new_SOEM/SOEM-1.3.1/lib/linux/liboshw.a(oshw.o)
 .text.oshw_ntohs
                0x0000000000000000       0x26 /mnt/storageDevice/projects/learning_ethercat/new_SOEM/SOEM-1.3.1/lib/linux/liboshw.a(oshw.o)
 .text.oshw_find_adapters
                0x0000000000000000      0x19e /mnt/storageDevice/projects/learning_ethercat/new_SOEM/SOEM-1.3.1/lib/linux/liboshw.a(oshw.o)
 .text.oshw_free_adapters
                0x0000000000000000       0x67 /mnt/storageDevice/projects/learning_ethercat/new_SOEM/SOEM-1.3.1/lib/linux/liboshw.a(oshw.o)
 .note.GNU-stack
                0x0000000000000000        0x0 /mnt/storageDevice/projects/learning_ethercat/new_SOEM/SOEM-1.3.1/lib/linux/liboshw.a(oshw.o)
 .text          0x0000000000000000        0x0 /mnt/storageDevice/projects/learning_ethercat/new_SOEM/SOEM-1.3.1/lib/linux/libosal.a(osal.o)
 .data          0x0000000000000000        0x0 /mnt/storageDevice/projects/learning_ethercat/new_SOEM/SOEM-1.3.1/lib/linux/libosal.a(osal.o)
 .bss           0x0000000000000000        0x0 /mnt/storageDevice/projects/learning_ethercat/new_SOEM/SOEM-1.3.1/lib/linux/libosal.a(osal.o)
 .text.osal_time_diff
                0x0000000000000000       0x75 /mnt/storageDevice/projects/learning_ethercat/new_SOEM/SOEM-1.3.1/lib/linux/libosal.a(osal.o)
 .text.osal_malloc
                0x0000000000000000       0x1b /mnt/storageDevice/projects/learning_ethercat/new_SOEM/SOEM-1.3.1/lib/linux/libosal.a(osal.o)
 .text.osal_free
                0x0000000000000000       0x1c /mnt/storageDevice/projects/learning_ethercat/new_SOEM/SOEM-1.3.1/lib/linux/libosal.a(osal.o)
 .text.osal_thread_create_rt
                0x0000000000000000       0xf8 /mnt/storageDevice/projects/learning_ethercat/new_SOEM/SOEM-1.3.1/lib/linux/libosal.a(osal.o)
 .note.GNU-stack
                0x0000000000000000        0x0 /mnt/storageDevice/projects/learning_ethercat/new_SOEM/SOEM-1.3.1/lib/linux/libosal.a(osal.o)
 .text          0x0000000000000000        0x0 /usr/lib/gcc/x86_64-linux-gnu/7/crtendS.o
 .data          0x0000000000000000        0x0 /usr/lib/gcc/x86_64-linux-gnu/7/crtendS.o
 .bss           0x0000000000000000        0x0 /usr/lib/gcc/x86_64-linux-gnu/7/crtendS.o
 .note.GNU-stack
                0x0000000000000000        0x0 /usr/lib/gcc/x86_64-linux-gnu/7/crtendS.o
 .text          0x0000000000000000        0x0 /usr/lib/gcc/x86_64-linux-gnu/7/../../../x86_64-linux-gnu/crtn.o
 .data          0x0000000000000000        0x0 /usr/lib/gcc/x86_64-linux-gnu/7/../../../x86_64-linux-gnu/crtn.o
 .bss           0x0000000000000000        0x0 /usr/lib/gcc/x86_64-linux-gnu/7/../../../x86_64-linux-gnu/crtn.o
 .note.GNU-stack
                0x0000000000000000        0x0 /usr/lib/gcc/x86_64-linux-gnu/7/../../../x86_64-linux-gnu/crtn.o

Memory Configuration

Name             Origin             Length             Attributes
*default*        0x0000000000000000 0xffffffffffffffff

Linker script and memory map

LOAD /usr/lib/gcc/x86_64-linux-gnu/7/../../../x86_64-linux-gnu/Scrt1.o
LOAD /usr/lib/gcc/x86_64-linux-gnu/7/../../../x86_64-linux-gnu/crti.o
LOAD /usr/lib/gcc/x86_64-linux-gnu/7/crtbeginS.o
LOAD obj/linux/slaveinfo.o
START GROUP
LOAD /mnt/storageDevice/projects/learning_ethercat/new_SOEM/SOEM-1.3.1/lib/linux/liboshw.a
LOAD /mnt/storageDevice/projects/learning_ethercat/new_SOEM/SOEM-1.3.1/lib/linux/libosal.a
LOAD /mnt/storageDevice/projects/learning_ethercat/new_SOEM/SOEM-1.3.1/lib/linux/libsoem.a
LOAD /usr/lib/gcc/x86_64-linux-gnu/7/../../../x86_64-linux-gnu/libc.so
START GROUP
LOAD /lib/x86_64-linux-gnu/libc.so.6
LOAD /usr/lib/x86_64-linux-gnu/libc_nonshared.a
LOAD /lib/x86_64-linux-gnu/ld-linux-x86-64.so.2
END GROUP
LOAD /usr/lib/gcc/x86_64-linux-gnu/7/../../../x86_64-linux-gnu/libm.so
START GROUP
LOAD /lib/x86_64-linux-gnu/libm.so.6
LOAD /usr/lib/x86_64-linux-gnu/libmvec_nonshared.a
LOAD /lib/x86_64-linux-gnu/libmvec.so.1
END GROUP
END GROUP
LOAD /usr/lib/gcc/x86_64-linux-gnu/7/../../../x86_64-linux-gnu/libpthread.so
START GROUP
LOAD /lib/x86_64-linux-gnu/libpthread.so.0
LOAD /usr/lib/x86_64-linux-gnu/libpthread_nonshared.a
END GROUP
LOAD /usr/lib/gcc/x86_64-linux-gnu/7/../../../x86_64-linux-gnu/librt.so
LOAD /usr/lib/gcc/x86_64-linux-gnu/7/libgcc.a
LOAD /usr/lib/gcc/x86_64-linux-gnu/7/libgcc_s.so
START GROUP
LOAD /usr/lib/gcc/x86_64-linux-gnu/7/libgcc_s.so.1
LOAD /usr/lib/gcc/x86_64-linux-gnu/7/libgcc.a
END GROUP
LOAD /usr/lib/gcc/x86_64-linux-gnu/7/../../../x86_64-linux-gnu/libc.so
START GROUP
LOAD /lib/x86_64-linux-gnu/libc.so.6
LOAD /usr/lib/x86_64-linux-gnu/libc_nonshared.a
LOAD /lib/x86_64-linux-gnu/ld-linux-x86-64.so.2
END GROUP
LOAD /usr/lib/gcc/x86_64-linux-gnu/7/libgcc.a
LOAD /usr/lib/gcc/x86_64-linux-gnu/7/libgcc_s.so
START GROUP
LOAD /usr/lib/gcc/x86_64-linux-gnu/7/libgcc_s.so.1
LOAD /usr/lib/gcc/x86_64-linux-gnu/7/libgcc.a
END GROUP
LOAD /usr/lib/gcc/x86_64-linux-gnu/7/crtendS.o
LOAD /usr/lib/gcc/x86_64-linux-gnu/7/../../../x86_64-linux-gnu/crtn.o
                [!provide]                        PROVIDE (__executable_start = SEGMENT_START ("text-segment", 0x0))
                0x0000000000000238                . = (SEGMENT_START ("text-segment", 0x0) + SIZEOF_HEADERS)

.interp         0x0000000000000238       0x1c
 *(.interp)
 .interp        0x0000000000000238       0x1c /usr/lib/gcc/x86_64-linux-gnu/7/../../../x86_64-linux-gnu/Scrt1.o

.note.ABI-tag   0x0000000000000254       0x20
 .note.ABI-tag  0x0000000000000254       0x20 /usr/lib/gcc/x86_64-linux-gnu/7/../../../x86_64-linux-gnu/Scrt1.o

.note.gnu.build-id
                0x0000000000000274       0x24
 *(.note.gnu.build-id)
 .note.gnu.build-id
                0x0000000000000274       0x24 /usr/lib/gcc/x86_64-linux-gnu/7/../../../x86_64-linux-gnu/Scrt1.o

.hash
 *(.hash)

.gnu.hash       0x0000000000000298       0x1c
 *(.gnu.hash)
 .gnu.hash      0x0000000000000298       0x1c /usr/lib/gcc/x86_64-linux-gnu/7/../../../x86_64-linux-gnu/Scrt1.o

.dynsym         0x00000000000002b8      0x330
 *(.dynsym)
 .dynsym        0x00000000000002b8      0x330 /usr/lib/gcc/x86_64-linux-gnu/7/../../../x86_64-linux-gnu/Scrt1.o

.dynstr         0x00000000000005e8      0x1c6
 *(.dynstr)
 .dynstr        0x00000000000005e8      0x1c6 /usr/lib/gcc/x86_64-linux-gnu/7/../../../x86_64-linux-gnu/Scrt1.o

.gnu.version    0x00000000000007ae       0x44
 *(.gnu.version)
 .gnu.version   0x00000000000007ae       0x44 /usr/lib/gcc/x86_64-linux-gnu/7/../../../x86_64-linux-gnu/Scrt1.o

.gnu.version_d  0x00000000000007f8        0x0
 *(.gnu.version_d)
 .gnu.version_d
                0x00000000000007f8        0x0 /usr/lib/gcc/x86_64-linux-gnu/7/../../../x86_64-linux-gnu/Scrt1.o

.gnu.version_r  0x00000000000007f8       0x70
 *(.gnu.version_r)
 .gnu.version_r
                0x00000000000007f8       0x70 /usr/lib/gcc/x86_64-linux-gnu/7/../../../x86_64-linux-gnu/Scrt1.o

.rela.dyn       0x0000000000000868      0x228
 *(.rela.init)
 *(.rela.text .rela.text.* .rela.gnu.linkonce.t.*)
 .rela.text.dtype2string
                0x0000000000000868        0x0 /usr/lib/gcc/x86_64-linux-gnu/7/../../../x86_64-linux-gnu/Scrt1.o
 .rela.text.SDO2string
                0x0000000000000868        0x0 /usr/lib/gcc/x86_64-linux-gnu/7/../../../x86_64-linux-gnu/Scrt1.o
 .rela.text.si_PDOassign
                0x0000000000000868        0x0 /usr/lib/gcc/x86_64-linux-gnu/7/../../../x86_64-linux-gnu/Scrt1.o
 .rela.text.si_map_sdo
                0x0000000000000868        0x0 /usr/lib/gcc/x86_64-linux-gnu/7/../../../x86_64-linux-gnu/Scrt1.o
 .rela.text.si_siiPDO
                0x0000000000000868        0x0 /usr/lib/gcc/x86_64-linux-gnu/7/../../../x86_64-linux-gnu/Scrt1.o
 .rela.text.si_map_sii
                0x0000000000000868        0x0 /usr/lib/gcc/x86_64-linux-gnu/7/../../../x86_64-linux-gnu/Scrt1.o
 .rela.text.si_sdo
                0x0000000000000868        0x0 /usr/lib/gcc/x86_64-linux-gnu/7/../../../x86_64-linux-gnu/Scrt1.o
 .rela.text.slaveinfo
                0x0000000000000868        0x0 /usr/lib/gcc/x86_64-linux-gnu/7/../../../x86_64-linux-gnu/Scrt1.o
 .rela.text.ecx_find_mapt
                0x0000000000000868        0x0 /usr/lib/gcc/x86_64-linux-gnu/7/../../../x86_64-linux-gnu/Scrt1.o
 .rela.text.ecx_get_threadcount
                0x0000000000000868        0x0 /usr/lib/gcc/x86_64-linux-gnu/7/../../../x86_64-linux-gnu/Scrt1.o
 .rela.text.ecx_config_map_group
                0x0000000000000868        0x0 /usr/lib/gcc/x86_64-linux-gnu/7/../../../x86_64-linux-gnu/Scrt1.o
 .rela.text.ecx_elist2string
                0x0000000000000868        0x0 /usr/lib/gcc/x86_64-linux-gnu/7/../../../x86_64-linux-gnu/Scrt1.o
 .rela.text     0x0000000000000868        0x0 /usr/lib/gcc/x86_64-linux-gnu/7/../../../x86_64-linux-gnu/Scrt1.o
 *(.rela.fini)
 *(.rela.rodata .rela.rodata.* .rela.gnu.linkonce.r.*)
 *(.rela.data .rela.data.* .rela.gnu.linkonce.d.*)
 .rela.data.rel.ro
                0x0000000000000868        0x0 /usr/lib/gcc/x86_64-linux-gnu/7/../../../x86_64-linux-gnu/Scrt1.o
 .rela.data.rel.local
                0x0000000000000868      0x180 /usr/lib/gcc/x86_64-linux-gnu/7/../../../x86_64-linux-gnu/Scrt1.o
 *(.rela.tdata .rela.tdata.* .rela.gnu.linkonce.td.*)
 *(.rela.tbss .rela.tbss.* .rela.gnu.linkonce.tb.*)
 *(.rela.ctors)
 *(.rela.dtors)
 *(.rela.got)
 .rela.got      0x00000000000009e8       0x78 /usr/lib/gcc/x86_64-linux-gnu/7/../../../x86_64-linux-gnu/Scrt1.o
 *(.rela.bss .rela.bss.* .rela.gnu.linkonce.b.*)
 .rela.bss      0x0000000000000a60        0x0 /usr/lib/gcc/x86_64-linux-gnu/7/../../../x86_64-linux-gnu/Scrt1.o
 *(.rela.ldata .rela.ldata.* .rela.gnu.linkonce.l.*)
 *(.rela.lbss .rela.lbss.* .rela.gnu.linkonce.lb.*)
 *(.rela.lrodata .rela.lrodata.* .rela.gnu.linkonce.lr.*)
 *(.rela.ifunc)
 .rela.ifunc    0x0000000000000a60        0x0 /usr/lib/gcc/x86_64-linux-gnu/7/../../../x86_64-linux-gnu/Scrt1.o
 .rela.fini_array
                0x0000000000000a60       0x18 /usr/lib/gcc/x86_64-linux-gnu/7/../../../x86_64-linux-gnu/Scrt1.o
 .rela.init_array
                0x0000000000000a78       0x18 /usr/lib/gcc/x86_64-linux-gnu/7/../../../x86_64-linux-gnu/Scrt1.o

.rela.plt       0x0000000000000a90      0x2a0
 *(.rela.plt)
 .rela.plt      0x0000000000000a90      0x2a0 /usr/lib/gcc/x86_64-linux-gnu/7/../../../x86_64-linux-gnu/Scrt1.o
                [!provide]                        PROVIDE (__rela_iplt_start = .)
 *(.rela.iplt)
                [!provide]                        PROVIDE (__rela_iplt_end = .)

.init           0x0000000000000d30       0x17
 *(SORT_NONE(.init))
 .init          0x0000000000000d30       0x12 /usr/lib/gcc/x86_64-linux-gnu/7/../../../x86_64-linux-gnu/crti.o
                0x0000000000000d30                _init
 .init          0x0000000000000d42        0x5 /usr/lib/gcc/x86_64-linux-gnu/7/../../../x86_64-linux-gnu/crtn.o

.plt            0x0000000000000d50      0x1d0
 *(.plt)
 .plt           0x0000000000000d50      0x1d0 /usr/lib/gcc/x86_64-linux-gnu/7/../../../x86_64-linux-gnu/Scrt1.o
 *(.iplt)

.plt.got        0x0000000000000f20        0x8
 *(.plt.got)
 .plt.got       0x0000000000000f20        0x8 /usr/lib/gcc/x86_64-linux-gnu/7/../../../x86_64-linux-gnu/Scrt1.o

.plt.sec
 *(.plt.sec)

.text           0x0000000000000f30    0x1108e
 *(.text.unlikely .text.*_unlikely .text.unlikely.*)
 *(.text.exit .text.exit.*)
 *(.text.startup .text.startup.*)
 *(.text.hot .text.hot.*)
 *(.text .stub .text.* .gnu.linkonce.t.*)
 .text          0x0000000000000f30       0x2b /usr/lib/gcc/x86_64-linux-gnu/7/../../../x86_64-linux-gnu/Scrt1.o
                0x0000000000000f30                _start
 *fill*         0x0000000000000f5b        0x5 
 .text          0x0000000000000f60       0xda /usr/lib/gcc/x86_64-linux-gnu/7/crtbeginS.o
 .text.dtype2string
                0x000000000000103a      0x309 obj/linux/slaveinfo.o
                0x000000000000103a                dtype2string
 .text.SDO2string
                0x0000000000001343      0x485 obj/linux/slaveinfo.o
                0x0000000000001343                SDO2string
 .text.si_PDOassign
                0x00000000000017c8      0x3a3 obj/linux/slaveinfo.o
                0x00000000000017c8                si_PDOassign
 .text.si_map_sdo
                0x0000000000001b6b      0x2cb obj/linux/slaveinfo.o
                0x0000000000001b6b                si_map_sdo
 .text.si_siiPDO
                0x0000000000001e36      0x789 obj/linux/slaveinfo.o
                0x0000000000001e36                si_siiPDO
 .text.si_map_sii
                0x00000000000025bf      0x111 obj/linux/slaveinfo.o
                0x00000000000025bf                si_map_sii
 .text.si_sdo   0x00000000000026d0      0x372 obj/linux/slaveinfo.o
                0x00000000000026d0                si_sdo
 .text.slaveinfo
                0x0000000000002a42      0xf8c obj/linux/slaveinfo.o
                0x0000000000002a42                slaveinfo
 .text.main     0x00000000000039ce       0xb8 obj/linux/slaveinfo.o
                0x00000000000039ce                main
 .text.ecx_SDOerror
                0x0000000000003a86       0xba /mnt/storageDevice/projects/learning_ethercat/new_SOEM/SOEM-1.3.1/lib/linux/libsoem.a(ethercatcoe.o)
                0x0000000000003a86                ecx_SDOerror
 .text.ecx_SDOinfoerror
                0x0000000000003b40       0xb0 /mnt/storageDevice/projects/learning_ethercat/new_SOEM/SOEM-1.3.1/lib/linux/libsoem.a(ethercatcoe.o)
 .text.ecx_SDOread
                0x0000000000003bf0      0x728 /mnt/storageDevice/projects/learning_ethercat/new_SOEM/SOEM-1.3.1/lib/linux/libsoem.a(ethercatcoe.o)
                0x0000000000003bf0                ecx_SDOread
 .text.ecx_readPDOassign
                0x0000000000004318      0x269 /mnt/storageDevice/projects/learning_ethercat/new_SOEM/SOEM-1.3.1/lib/linux/libsoem.a(ethercatcoe.o)
                0x0000000000004318                ecx_readPDOassign
 .text.ecx_readPDOassignCA
                0x0000000000004581      0x1ec /mnt/storageDevice/projects/learning_ethercat/new_SOEM/SOEM-1.3.1/lib/linux/libsoem.a(ethercatcoe.o)
                0x0000000000004581                ecx_readPDOassignCA
 .text.ecx_readPDOmap
                0x000000000000476d      0x34c /mnt/storageDevice/projects/learning_ethercat/new_SOEM/SOEM-1.3.1/lib/linux/libsoem.a(ethercatcoe.o)
                0x000000000000476d                ecx_readPDOmap
 .text.ecx_readPDOmapCA
                0x0000000000004ab9      0x304 /mnt/storageDevice/projects/learning_ethercat/new_SOEM/SOEM-1.3.1/lib/linux/libsoem.a(ethercatcoe.o)
                0x0000000000004ab9                ecx_readPDOmapCA
 .text.ecx_readODlist
                0x0000000000004dbd      0x42b /mnt/storageDevice/projects/learning_ethercat/new_SOEM/SOEM-1.3.1/lib/linux/libsoem.a(ethercatcoe.o)
                0x0000000000004dbd                ecx_readODlist
 .text.ecx_readODdescription
                0x00000000000051e8      0x417 /mnt/storageDevice/projects/learning_ethercat/new_SOEM/SOEM-1.3.1/lib/linux/libsoem.a(ethercatcoe.o)
                0x00000000000051e8                ecx_readODdescription
 .text.ecx_readOEsingle
                0x00000000000055ff      0x3f9 /mnt/storageDevice/projects/learning_ethercat/new_SOEM/SOEM-1.3.1/lib/linux/libsoem.a(ethercatcoe.o)
                0x00000000000055ff                ecx_readOEsingle
 .text.ecx_readOE
                0x00000000000059f8       0x97 /mnt/storageDevice/projects/learning_ethercat/new_SOEM/SOEM-1.3.1/lib/linux/libsoem.a(ethercatcoe.o)
                0x00000000000059f8                ecx_readOE
 .text.ec_SDOread
                0x0000000000005a8f       0x64 /mnt/storageDevice/projects/learning_ethercat/new_SOEM/SOEM-1.3.1/lib/linux/libsoem.a(ethercatcoe.o)
                0x0000000000005a8f                ec_SDOread
 .text.ec_readODlist
                0x0000000000005af3       0x2b /mnt/storageDevice/projects/learning_ethercat/new_SOEM/SOEM-1.3.1/lib/linux/libsoem.a(ethercatcoe.o)
                0x0000000000005af3                ec_readODlist
 .text.ec_readODdescription
                0x0000000000005b1e       0x2b /mnt/storageDevice/projects/learning_ethercat/new_SOEM/SOEM-1.3.1/lib/linux/libsoem.a(ethercatcoe.o)
                0x0000000000005b1e                ec_readODdescription
 .text.ec_readOEsingle
                0x0000000000005b49       0x45 /mnt/storageDevice/projects/learning_ethercat/new_SOEM/SOEM-1.3.1/lib/linux/libsoem.a(ethercatcoe.o)
                0x0000000000005b49                ec_readOEsingle
 .text.ec_readOE
                0x0000000000005b8e       0x37 /mnt/storageDevice/projects/learning_ethercat/new_SOEM/SOEM-1.3.1/lib/linux/libsoem.a(ethercatcoe.o)
                0x0000000000005b8e                ec_readOE
 .text.ec_findconfig
                0x0000000000005bc5       0xc0 /mnt/storageDevice/projects/learning_ethercat/new_SOEM/SOEM-1.3.1/lib/linux/libsoem.a(ethercatconfig.o)
                0x0000000000005bc5                ec_findconfig
 .text.ecx_init_context
                0x0000000000005c85       0xd8 /mnt/storageDevice/projects/learning_ethercat/new_SOEM/SOEM-1.3.1/lib/linux/libsoem.a(ethercatconfig.o)
                0x0000000000005c85                ecx_init_context
 .text.ecx_detect_slaves
                0x0000000000005d5d      0x10f /mnt/storageDevice/projects/learning_ethercat/new_SOEM/SOEM-1.3.1/lib/linux/libsoem.a(ethercatconfig.o)
                0x0000000000005d5d                ecx_detect_slaves
 .text.ecx_set_slaves_to_default
                0x0000000000005e6c      0x295 /mnt/storageDevice/projects/learning_ethercat/new_SOEM/SOEM-1.3.1/lib/linux/libsoem.a(ethercatconfig.o)
 .text.ecx_config_from_table
                0x0000000000006101      0x3cc /mnt/storageDevice/projects/learning_ethercat/new_SOEM/SOEM-1.3.1/lib/linux/libsoem.a(ethercatconfig.o)
 .text.ecx_lookup_prev_sii
                0x00000000000064cd      0x751 /mnt/storageDevice/projects/learning_ethercat/new_SOEM/SOEM-1.3.1/lib/linux/libsoem.a(ethercatconfig.o)
 .text.ecx_config_init
                0x0000000000006c1e     0x1790 /mnt/storageDevice/projects/learning_ethercat/new_SOEM/SOEM-1.3.1/lib/linux/libsoem.a(ethercatconfig.o)
                0x0000000000006c1e                ecx_config_init
 .text.ecx_lookup_mapping
                0x00000000000083ae      0x33b /mnt/storageDevice/projects/learning_ethercat/new_SOEM/SOEM-1.3.1/lib/linux/libsoem.a(ethercatconfig.o)
 .text.ecx_map_coe_soe
                0x00000000000086e9      0x31d /mnt/storageDevice/projects/learning_ethercat/new_SOEM/SOEM-1.3.1/lib/linux/libsoem.a(ethercatconfig.o)
 .text.ecx_map_sii
                0x0000000000008a06      0x332 /mnt/storageDevice/projects/learning_ethercat/new_SOEM/SOEM-1.3.1/lib/linux/libsoem.a(ethercatconfig.o)
 .text.ecx_map_sm
                0x0000000000008d38      0x45f /mnt/storageDevice/projects/learning_ethercat/new_SOEM/SOEM-1.3.1/lib/linux/libsoem.a(ethercatconfig.o)
 .text.ecx_mapper_thread
                0x0000000000009197       0x43 /mnt/storageDevice/projects/learning_ethercat/new_SOEM/SOEM-1.3.1/lib/linux/libsoem.a(ethercatconfig.o)
                0x0000000000009197                ecx_mapper_thread
 .text.ecx_find_mapt
                0x00000000000091da       0x4d /mnt/storageDevice/projects/learning_ethercat/new_SOEM/SOEM-1.3.1/lib/linux/libsoem.a(ethercatconfig.o)
 .text.ecx_get_threadcount
                0x0000000000009227       0x48 /mnt/storageDevice/projects/learning_ethercat/new_SOEM/SOEM-1.3.1/lib/linux/libsoem.a(ethercatconfig.o)
 .text.ecx_config_map_group
                0x000000000000926f     0x1dc0 /mnt/storageDevice/projects/learning_ethercat/new_SOEM/SOEM-1.3.1/lib/linux/libsoem.a(ethercatconfig.o)
                0x000000000000926f                ecx_config_map_group
 .text.ec_config_init
                0x000000000000b02f       0x22 /mnt/storageDevice/projects/learning_ethercat/new_SOEM/SOEM-1.3.1/lib/linux/libsoem.a(ethercatconfig.o)
                0x000000000000b02f                ec_config_init
 .text.ec_config_map_group
                0x000000000000b051       0x2d /mnt/storageDevice/projects/learning_ethercat/new_SOEM/SOEM-1.3.1/lib/linux/libsoem.a(ethercatconfig.o)
                0x000000000000b051                ec_config_map_group
 .text.ec_config_map
                0x000000000000b07e       0x20 /mnt/storageDevice/projects/learning_ethercat/new_SOEM/SOEM-1.3.1/lib/linux/libsoem.a(ethercatconfig.o)
                0x000000000000b07e                ec_config_map
 .text.ec_config
                0x000000000000b09e       0x3a /mnt/storageDevice/projects/learning_ethercat/new_SOEM/SOEM-1.3.1/lib/linux/libsoem.a(ethercatconfig.o)
                0x000000000000b09e                ec_config
 .text.ecx_porttime
                0x000000000000b0d8      0x118 /mnt/storageDevice/projects/learning_ethercat/new_SOEM/SOEM-1.3.1/lib/linux/libsoem.a(ethercatdc.o)
 .text.ecx_prevport
                0x000000000000b1f0      0x184 /mnt/storageDevice/projects/learning_ethercat/new_SOEM/SOEM-1.3.1/lib/linux/libsoem.a(ethercatdc.o)
 .text.ecx_parentport
                0x000000000000b374       0xd8 /mnt/storageDevice/projects/learning_ethercat/new_SOEM/SOEM-1.3.1/lib/linux/libsoem.a(ethercatdc.o)
 .text.ecx_configdc
                0x000000000000b44c      0xe04 /mnt/storageDevice/projects/learning_ethercat/new_SOEM/SOEM-1.3.1/lib/linux/libsoem.a(ethercatdc.o)
                0x000000000000b44c                ecx_configdc
 .text.ec_configdc
                0x000000000000c250       0x15 /mnt/storageDevice/projects/learning_ethercat/new_SOEM/SOEM-1.3.1/lib/linux/libsoem.a(ethercatdc.o)
                0x000000000000c250                ec_configdc
 .text.ecx_pusherror
                0x000000000000c265      0x11c /mnt/storageDevice/projects/learning_ethercat/new_SOEM/SOEM-1.3.1/lib/linux/libsoem.a(ethercatmain.o)
                0x000000000000c265                ecx_pusherror
 .text.ecx_poperror
                0x000000000000c381       0xfd /mnt/storageDevice/projects/learning_ethercat/new_SOEM/SOEM-1.3.1/lib/linux/libsoem.a(ethercatmain.o)
                0x000000000000c381                ecx_poperror
 .text.ecx_packeterror
                0x000000000000c47e       0xc1 /mnt/storageDevice/projects/learning_ethercat/new_SOEM/SOEM-1.3.1/lib/linux/libsoem.a(ethercatmain.o)
                0x000000000000c47e                ecx_packeterror
 .text.ecx_mbxerror
                0x000000000000c53f       0xa0 /mnt/storageDevice/projects/learning_ethercat/new_SOEM/SOEM-1.3.1/lib/linux/libsoem.a(ethercatmain.o)
 .text.ecx_mbxemergencyerror
                0x000000000000c5df       0xed /mnt/storageDevice/projects/learning_ethercat/new_SOEM/SOEM-1.3.1/lib/linux/libsoem.a(ethercatmain.o)
 .text.ecx_init
                0x000000000000c6cc       0x2e /mnt/storageDevice/projects/learning_ethercat/new_SOEM/SOEM-1.3.1/lib/linux/libsoem.a(ethercatmain.o)
                0x000000000000c6cc                ecx_init
 .text.ecx_close
                0x000000000000c6fa       0x1f /mnt/storageDevice/projects/learning_ethercat/new_SOEM/SOEM-1.3.1/lib/linux/libsoem.a(ethercatmain.o)
                0x000000000000c6fa                ecx_close
 .text.ecx_siigetbyte
                0x000000000000c719      0x2a9 /mnt/storageDevice/projects/learning_ethercat/new_SOEM/SOEM-1.3.1/lib/linux/libsoem.a(ethercatmain.o)
                0x000000000000c719                ecx_siigetbyte
 .text.ecx_siifind
                0x000000000000c9c2      0x1d4 /mnt/storageDevice/projects/learning_ethercat/new_SOEM/SOEM-1.3.1/lib/linux/libsoem.a(ethercatmain.o)
                0x000000000000c9c2                ecx_siifind
 .text.ecx_siistring
                0x000000000000cb96      0x1e8 /mnt/storageDevice/projects/learning_ethercat/new_SOEM/SOEM-1.3.1/lib/linux/libsoem.a(ethercatmain.o)
                0x000000000000cb96                ecx_siistring
 .text.ecx_siiFMMU
                0x000000000000cd7e      0x226 /mnt/storageDevice/projects/learning_ethercat/new_SOEM/SOEM-1.3.1/lib/linux/libsoem.a(ethercatmain.o)
                0x000000000000cd7e                ecx_siiFMMU
 .text.ecx_siiSM
                0x000000000000cfa4      0x2c2 /mnt/storageDevice/projects/learning_ethercat/new_SOEM/SOEM-1.3.1/lib/linux/libsoem.a(ethercatmain.o)
                0x000000000000cfa4                ecx_siiSM
 .text.ecx_siiSMnext
                0x000000000000d266      0x249 /mnt/storageDevice/projects/learning_ethercat/new_SOEM/SOEM-1.3.1/lib/linux/libsoem.a(ethercatmain.o)
                0x000000000000d266                ecx_siiSMnext
 .text.ecx_siiPDO
                0x000000000000d4af      0x4e8 /mnt/storageDevice/projects/learning_ethercat/new_SOEM/SOEM-1.3.1/lib/linux/libsoem.a(ethercatmain.o)
                0x000000000000d4af                ecx_siiPDO
 .text.ecx_FPRD_multi
                0x000000000000d997      0x301 /mnt/storageDevice/projects/learning_ethercat/new_SOEM/SOEM-1.3.1/lib/linux/libsoem.a(ethercatmain.o)
                0x000000000000d997                ecx_FPRD_multi
 .text.ecx_readstate
                0x000000000000dc98      0x336 /mnt/storageDevice/projects/learning_ethercat/new_SOEM/SOEM-1.3.1/lib/linux/libsoem.a(ethercatmain.o)
                0x000000000000dc98                ecx_readstate
 .text.ecx_statecheck
                0x000000000000dfce      0x1da /mnt/storageDevice/projects/learning_ethercat/new_SOEM/SOEM-1.3.1/lib/linux/libsoem.a(ethercatmain.o)
                0x000000000000dfce                ecx_statecheck
 .text.ec_nextmbxcnt
                0x000000000000e1a8       0x24 /mnt/storageDevice/projects/learning_ethercat/new_SOEM/SOEM-1.3.1/lib/linux/libsoem.a(ethercatmain.o)
                0x000000000000e1a8                ec_nextmbxcnt
 .text.ec_clearmbx
                0x000000000000e1cc       0x26 /mnt/storageDevice/projects/learning_ethercat/new_SOEM/SOEM-1.3.1/lib/linux/libsoem.a(ethercatmain.o)
                0x000000000000e1cc                ec_clearmbx
 .text.ecx_mbxempty
                0x000000000000e1f2      0x12c /mnt/storageDevice/projects/learning_ethercat/new_SOEM/SOEM-1.3.1/lib/linux/libsoem.a(ethercatmain.o)
                0x000000000000e1f2                ecx_mbxempty
 .text.ecx_mbxsend
                0x000000000000e31e      0x12d /mnt/storageDevice/projects/learning_ethercat/new_SOEM/SOEM-1.3.1/lib/linux/libsoem.a(ethercatmain.o)
                0x000000000000e31e                ecx_mbxsend
 .text.ecx_mbxreceive
                0x000000000000e44b      0x46f /mnt/storageDevice/projects/learning_ethercat/new_SOEM/SOEM-1.3.1/lib/linux/libsoem.a(ethercatmain.o)
                0x000000000000e44b                ecx_mbxreceive
 .text.ecx_eeprom2master
                0x000000000000e8ba      0x181 /mnt/storageDevice/projects/learning_ethercat/new_SOEM/SOEM-1.3.1/lib/linux/libsoem.a(ethercatmain.o)
                0x000000000000e8ba                ecx_eeprom2master
 .text.ecx_eeprom2pdi
                0x000000000000ea3b      0x12c /mnt/storageDevice/projects/learning_ethercat/new_SOEM/SOEM-1.3.1/lib/linux/libsoem.a(ethercatmain.o)
                0x000000000000ea3b                ecx_eeprom2pdi
 .text.ecx_eeprom_waitnotbusyFP
                0x000000000000eb67      0x113 /mnt/storageDevice/projects/learning_ethercat/new_SOEM/SOEM-1.3.1/lib/linux/libsoem.a(ethercatmain.o)
                0x000000000000eb67                ecx_eeprom_waitnotbusyFP
 .text.ecx_readeepromFP
                0x000000000000ec7a      0x273 /mnt/storageDevice/projects/learning_ethercat/new_SOEM/SOEM-1.3.1/lib/linux/libsoem.a(ethercatmain.o)
                0x000000000000ec7a                ecx_readeepromFP
 .text.ecx_readeeprom1
                0x000000000000eeed      0x15b /mnt/storageDevice/projects/learning_ethercat/new_SOEM/SOEM-1.3.1/lib/linux/libsoem.a(ethercatmain.o)
                0x000000000000eeed                ecx_readeeprom1
 .text.ecx_readeeprom2
                0x000000000000f048       0xee /mnt/storageDevice/projects/learning_ethercat/new_SOEM/SOEM-1.3.1/lib/linux/libsoem.a(ethercatmain.o)
                0x000000000000f048                ecx_readeeprom2
 .text.ec_init  0x000000000000f136       0x22 /mnt/storageDevice/projects/learning_ethercat/new_SOEM/SOEM-1.3.1/lib/linux/libsoem.a(ethercatmain.o)
                0x000000000000f136                ec_init
 .text.ec_close
                0x000000000000f158       0x16 /mnt/storageDevice/projects/learning_ethercat/new_SOEM/SOEM-1.3.1/lib/linux/libsoem.a(ethercatmain.o)
                0x000000000000f158                ec_close
 .text.ec_siigetbyte
                0x000000000000f16e       0x2f /mnt/storageDevice/projects/learning_ethercat/new_SOEM/SOEM-1.3.1/lib/linux/libsoem.a(ethercatmain.o)
                0x000000000000f16e                ec_siigetbyte
 .text.ec_siifind
                0x000000000000f19d       0x2f /mnt/storageDevice/projects/learning_ethercat/new_SOEM/SOEM-1.3.1/lib/linux/libsoem.a(ethercatmain.o)
                0x000000000000f19d                ec_siifind
 .text.ec_siistring
                0x000000000000f1cc       0x3b /mnt/storageDevice/projects/learning_ethercat/new_SOEM/SOEM-1.3.1/lib/linux/libsoem.a(ethercatmain.o)
                0x000000000000f1cc                ec_siistring
 .text.ec_readstate
                0x000000000000f207       0x15 /mnt/storageDevice/projects/learning_ethercat/new_SOEM/SOEM-1.3.1/lib/linux/libsoem.a(ethercatmain.o)
                0x000000000000f207                ec_readstate
 .text.ec_statecheck
                0x000000000000f21c       0x39 /mnt/storageDevice/projects/learning_ethercat/new_SOEM/SOEM-1.3.1/lib/linux/libsoem.a(ethercatmain.o)
                0x000000000000f21c                ec_statecheck
 .text.ec_eeprom2pdi
                0x000000000000f255       0x23 /mnt/storageDevice/projects/learning_ethercat/new_SOEM/SOEM-1.3.1/lib/linux/libsoem.a(ethercatmain.o)
                0x000000000000f255                ec_eeprom2pdi
 .text.ec_sdoerror2string
                0x000000000000f278       0x86 /mnt/storageDevice/projects/learning_ethercat/new_SOEM/SOEM-1.3.1/lib/linux/libsoem.a(ethercatprint.o)
                0x000000000000f278                ec_sdoerror2string
 .text.ec_ALstatuscode2string
                0x000000000000f2fe       0x8a /mnt/storageDevice/projects/learning_ethercat/new_SOEM/SOEM-1.3.1/lib/linux/libsoem.a(ethercatprint.o)
                0x000000000000f2fe                ec_ALstatuscode2string
 .text.ec_soeerror2string
                0x000000000000f388       0x8a /mnt/storageDevice/projects/learning_ethercat/new_SOEM/SOEM-1.3.1/lib/linux/libsoem.a(ethercatprint.o)
                0x000000000000f388                ec_soeerror2string
 .text.ec_mbxerror2string
                0x000000000000f412       0x8a /mnt/storageDevice/projects/learning_ethercat/new_SOEM/SOEM-1.3.1/lib/linux/libsoem.a(ethercatprint.o)
                0x000000000000f412                ec_mbxerror2string
 .text.ecx_elist2string
                0x000000000000f49c      0x30a /mnt/storageDevice/projects/learning_ethercat/new_SOEM/SOEM-1.3.1/lib/linux/libsoem.a(ethercatprint.o)
                0x000000000000f49c                ecx_elist2string
 .text.ec_elist2string
                0x000000000000f7a6       0x15 /mnt/storageDevice/projects/learning_ethercat/new_SOEM/SOEM-1.3.1/lib/linux/libsoem.a(ethercatprint.o)
                0x000000000000f7a6                ec_elist2string
 .text.ecx_SoEerror
                0x000000000000f7bb       0xb4 /mnt/storageDevice/projects/learning_ethercat/new_SOEM/SOEM-1.3.1/lib/linux/libsoem.a(ethercatsoe.o)
                0x000000000000f7bb                ecx_SoEerror
 .text.ecx_SoEread
                0x000000000000f86f      0x467 /mnt/storageDevice/projects/learning_ethercat/new_SOEM/SOEM-1.3.1/lib/linux/libsoem.a(ethercatsoe.o)
                0x000000000000f86f                ecx_SoEread
 .text.ecx_readIDNmap
                0x000000000000fcd6      0x32f /mnt/storageDevice/projects/learning_ethercat/new_SOEM/SOEM-1.3.1/lib/linux/libsoem.a(ethercatsoe.o)
                0x000000000000fcd6                ecx_readIDNmap
 .text.ecx_writedatagramdata
                0x0000000000010005       0x89 /mnt/storageDevice/projects/learning_ethercat/new_SOEM/SOEM-1.3.1/lib/linux/libsoem.a(ethercatbase.o)
 .text.ecx_setupdatagram
                0x000000000001008e      0x118 /mnt/storageDevice/projects/learning_ethercat/new_SOEM/SOEM-1.3.1/lib/linux/libsoem.a(ethercatbase.o)
                0x000000000001008e                ecx_setupdatagram
 .text.ecx_adddatagram
                0x00000000000101a6      0x1ae /mnt/storageDevice/projects/learning_ethercat/new_SOEM/SOEM-1.3.1/lib/linux/libsoem.a(ethercatbase.o)
                0x00000000000101a6                ecx_adddatagram
 .text.ecx_BWR  0x0000000000010354       0xc8 /mnt/storageDevice/projects/learning_ethercat/new_SOEM/SOEM-1.3.1/lib/linux/libsoem.a(ethercatbase.o)
                0x0000000000010354                ecx_BWR
 .text.ecx_BRD  0x000000000001041c      0x101 /mnt/storageDevice/projects/learning_ethercat/new_SOEM/SOEM-1.3.1/lib/linux/libsoem.a(ethercatbase.o)
                0x000000000001041c                ecx_BRD
 .text.ecx_APRD
                0x000000000001051d      0x101 /mnt/storageDevice/projects/learning_ethercat/new_SOEM/SOEM-1.3.1/lib/linux/libsoem.a(ethercatbase.o)
                0x000000000001051d                ecx_APRD
 .text.ecx_APRDw
                0x000000000001061e       0x7c /mnt/storageDevice/projects/learning_ethercat/new_SOEM/SOEM-1.3.1/lib/linux/libsoem.a(ethercatbase.o)
                0x000000000001061e                ecx_APRDw
 .text.ecx_FPRD
                0x000000000001069a      0x101 /mnt/storageDevice/projects/learning_ethercat/new_SOEM/SOEM-1.3.1/lib/linux/libsoem.a(ethercatbase.o)
                0x000000000001069a                ecx_FPRD
 .text.ecx_FPRDw
                0x000000000001079b       0x7c /mnt/storageDevice/projects/learning_ethercat/new_SOEM/SOEM-1.3.1/lib/linux/libsoem.a(ethercatbase.o)
                0x000000000001079b                ecx_FPRDw
 .text.ecx_APWR
                0x0000000000010817       0xc8 /mnt/storageDevice/projects/learning_ethercat/new_SOEM/SOEM-1.3.1/lib/linux/libsoem.a(ethercatbase.o)
                0x0000000000010817                ecx_APWR
 .text.ecx_APWRw
                0x00000000000108df       0x51 /mnt/storageDevice/projects/learning_ethercat/new_SOEM/SOEM-1.3.1/lib/linux/libsoem.a(ethercatbase.o)
                0x00000000000108df                ecx_APWRw
 .text.ecx_FPWR
                0x0000000000010930       0xc8 /mnt/storageDevice/projects/learning_ethercat/new_SOEM/SOEM-1.3.1/lib/linux/libsoem.a(ethercatbase.o)
                0x0000000000010930                ecx_FPWR
 .text.ecx_FPWRw
                0x00000000000109f8       0x51 /mnt/storageDevice/projects/learning_ethercat/new_SOEM/SOEM-1.3.1/lib/linux/libsoem.a(ethercatbase.o)
                0x00000000000109f8                ecx_FPWRw
 *fill*         0x0000000000010a49        0x7 
 .text          0x0000000000010a50       0x72 /usr/lib/x86_64-linux-gnu/libc_nonshared.a(elf-init.oS)
                0x0000000000010a50                __libc_csu_init
                0x0000000000010ac0                __libc_csu_fini
 .text.ecx_clear_rxbufstat
                0x0000000000010ac2       0x39 /mnt/storageDevice/projects/learning_ethercat/new_SOEM/SOEM-1.3.1/lib/linux/liboshw.a(nicdrv.o)
 .text.ecx_setupnic
                0x0000000000010afb      0x4fc /mnt/storageDevice/projects/learning_ethercat/new_SOEM/SOEM-1.3.1/lib/linux/liboshw.a(nicdrv.o)
                0x0000000000010afb                ecx_setupnic
 .text.ecx_closenic
                0x0000000000010ff7       0x68 /mnt/storageDevice/projects/learning_ethercat/new_SOEM/SOEM-1.3.1/lib/linux/liboshw.a(nicdrv.o)
                0x0000000000010ff7                ecx_closenic
 .text.ec_setupheader
                0x000000000001105f       0xba /mnt/storageDevice/projects/learning_ethercat/new_SOEM/SOEM-1.3.1/lib/linux/liboshw.a(nicdrv.o)
                0x000000000001105f                ec_setupheader
 .text.ecx_getindex
                0x0000000000011119       0xf9 /mnt/storageDevice/projects/learning_ethercat/new_SOEM/SOEM-1.3.1/lib/linux/liboshw.a(nicdrv.o)
                0x0000000000011119                ecx_getindex
 .text.ecx_setbufstat
                0x0000000000011212       0x5b /mnt/storageDevice/projects/learning_ethercat/new_SOEM/SOEM-1.3.1/lib/linux/liboshw.a(nicdrv.o)
                0x0000000000011212                ecx_setbufstat
 .text.ecx_outframe
                0x000000000001126d       0xa5 /mnt/storageDevice/projects/learning_ethercat/new_SOEM/SOEM-1.3.1/lib/linux/liboshw.a(nicdrv.o)
                0x000000000001126d                ecx_outframe
 .text.ecx_outframe_red
                0x0000000000011312      0x145 /mnt/storageDevice/projects/learning_ethercat/new_SOEM/SOEM-1.3.1/lib/linux/liboshw.a(nicdrv.o)
                0x0000000000011312                ecx_outframe_red
 .text.ecx_recvpkt
                0x0000000000011457       0x82 /mnt/storageDevice/projects/learning_ethercat/new_SOEM/SOEM-1.3.1/lib/linux/liboshw.a(nicdrv.o)
 .text.ecx_inframe
                0x00000000000114d9      0x2fd /mnt/storageDevice/projects/learning_ethercat/new_SOEM/SOEM-1.3.1/lib/linux/liboshw.a(nicdrv.o)
                0x00000000000114d9                ecx_inframe
 .text.ecx_waitinframe_red
                0x00000000000117d6      0x361 /mnt/storageDevice/projects/learning_ethercat/new_SOEM/SOEM-1.3.1/lib/linux/liboshw.a(nicdrv.o)
 .text.ecx_srconfirm
                0x0000000000011b37       0xed /mnt/storageDevice/projects/learning_ethercat/new_SOEM/SOEM-1.3.1/lib/linux/liboshw.a(nicdrv.o)
                0x0000000000011b37                ecx_srconfirm
 .text.osal_usleep
                0x0000000000011c24       0x84 /mnt/storageDevice/projects/learning_ethercat/new_SOEM/SOEM-1.3.1/lib/linux/libosal.a(osal.o)
                0x0000000000011c24                osal_usleep
 .text.osal_gettimeofday
                0x0000000000011ca8       0x8a /mnt/storageDevice/projects/learning_ethercat/new_SOEM/SOEM-1.3.1/lib/linux/libosal.a(osal.o)
                0x0000000000011ca8                osal_gettimeofday
 .text.osal_current_time
                0x0000000000011d32       0x57 /mnt/storageDevice/projects/learning_ethercat/new_SOEM/SOEM-1.3.1/lib/linux/libosal.a(osal.o)
                0x0000000000011d32                osal_current_time
 .text.osal_timer_start
                0x0000000000011d89       0xf0 /mnt/storageDevice/projects/learning_ethercat/new_SOEM/SOEM-1.3.1/lib/linux/libosal.a(osal.o)
                0x0000000000011d89                osal_timer_start
 .text.osal_timer_is_expired
                0x0000000000011e79       0xa5 /mnt/storageDevice/projects/learning_ethercat/new_SOEM/SOEM-1.3.1/lib/linux/libosal.a(osal.o)
                0x0000000000011e79                osal_timer_is_expired
 .text.osal_thread_create
                0x0000000000011f1e       0xa0 /mnt/storageDevice/projects/learning_ethercat/new_SOEM/SOEM-1.3.1/lib/linux/libosal.a(osal.o)
                0x0000000000011f1e                osal_thread_create
 *(.gnu.warning)

.fini           0x0000000000011fc0        0x9
 *(SORT_NONE(.fini))
 .fini          0x0000000000011fc0        0x4 /usr/lib/gcc/x86_64-linux-gnu/7/../../../x86_64-linux-gnu/crti.o
                0x0000000000011fc0                _fini
 .fini          0x0000000000011fc4        0x5 /usr/lib/gcc/x86_64-linux-gnu/7/../../../x86_64-linux-gnu/crtn.o
                [!provide]                        PROVIDE (__etext = .)
                [!provide]                        PROVIDE (_etext = .)
                [!provide]                        PROVIDE (etext = .)

.rodata         0x0000000000011fe0     0x5b14
 *(.rodata .rodata.* .gnu.linkonce.r.*)
 .rodata        0x0000000000011fe0      0x8bf obj/linux/slaveinfo.o
 *fill*         0x000000000001289f        0x1 
 .rodata        0x00000000000128a0      0x6d2 /mnt/storageDevice/projects/learning_ethercat/new_SOEM/SOEM-1.3.1/lib/linux/libsoem.a(ethercatconfig.o)
                0x00000000000128a0                ec_configlist
 *fill*         0x0000000000012f72        0xe 
 .rodata        0x0000000000012f80     0x4b48 /mnt/storageDevice/projects/learning_ethercat/new_SOEM/SOEM-1.3.1/lib/linux/libsoem.a(ethercatprint.o)
                0x0000000000012f80                ec_sdoerrorlist
                0x0000000000014000                ec_ALstatuscodelist
                0x0000000000015a80                ec_soeerrorlist
                0x0000000000017480                ec_mbxerrorlist
 .rodata        0x0000000000017ac8       0x2c /mnt/storageDevice/projects/learning_ethercat/new_SOEM/SOEM-1.3.1/lib/linux/libsoem.a(ethercatbase.o)

.rodata1
 *(.rodata1)

.eh_frame_hdr   0x0000000000017af4      0x41c
 *(.eh_frame_hdr)
 .eh_frame_hdr  0x0000000000017af4      0x41c /usr/lib/gcc/x86_64-linux-gnu/7/../../../x86_64-linux-gnu/Scrt1.o
                0x0000000000017af4                __GNU_EH_FRAME_HDR
 *(.eh_frame_entry .eh_frame_entry.*)

.eh_frame       0x0000000000017f10      0xf08
 *(.eh_frame)
 .eh_frame      0x0000000000017f10       0x30 /usr/lib/gcc/x86_64-linux-gnu/7/../../../x86_64-linux-gnu/Scrt1.o
                                         0x2c (size before relaxing)
 *fill*         0x0000000000017f40        0x0 
 .eh_frame      0x0000000000017f40       0x40 /usr/lib/gcc/x86_64-linux-gnu/7/../../../x86_64-linux-gnu/Scrt1.o
 .eh_frame      0x0000000000017f80       0x18 /usr/lib/gcc/x86_64-linux-gnu/7/../../../x86_64-linux-gnu/Scrt1.o
                                         0x30 (size before relaxing)
 .eh_frame      0x0000000000017f98      0x168 obj/linux/slaveinfo.o
                                        0x180 (size before relaxing)
 .eh_frame      0x0000000000018100      0x1f8 /mnt/storageDevice/projects/learning_ethercat/new_SOEM/SOEM-1.3.1/lib/linux/libsoem.a(ethercatcoe.o)
                                        0x330 (size before relaxing)
 .eh_frame      0x00000000000182f8      0x1e8 /mnt/storageDevice/projects/learning_ethercat/new_SOEM/SOEM-1.3.1/lib/linux/libsoem.a(ethercatconfig.o)
                                        0x268 (size before relaxing)
 .eh_frame      0x00000000000184e0       0x78 /mnt/storageDevice/projects/learning_ethercat/new_SOEM/SOEM-1.3.1/lib/linux/libsoem.a(ethercatdc.o)
                                        0x110 (size before relaxing)
 .eh_frame      0x0000000000018558      0x3e0 /mnt/storageDevice/projects/learning_ethercat/new_SOEM/SOEM-1.3.1/lib/linux/libsoem.a(ethercatmain.o)
                                        0x8c8 (size before relaxing)
 .eh_frame      0x0000000000018938       0xa8 /mnt/storageDevice/projects/learning_ethercat/new_SOEM/SOEM-1.3.1/lib/linux/libsoem.a(ethercatprint.o)
                                         0xc0 (size before relaxing)
 .eh_frame      0x00000000000189e0       0x88 /mnt/storageDevice/projects/learning_ethercat/new_SOEM/SOEM-1.3.1/lib/linux/libsoem.a(ethercatsoe.o)
                                        0x110 (size before relaxing)
 .eh_frame      0x0000000000018a68      0x188 /mnt/storageDevice/projects/learning_ethercat/new_SOEM/SOEM-1.3.1/lib/linux/libsoem.a(ethercatbase.o)
                                        0x460 (size before relaxing)
 .eh_frame      0x0000000000018bf0       0x60 /usr/lib/x86_64-linux-gnu/libc_nonshared.a(elf-init.oS)
                                         0x78 (size before relaxing)
 .eh_frame      0x0000000000018c50      0x130 /mnt/storageDevice/projects/learning_ethercat/new_SOEM/SOEM-1.3.1/lib/linux/liboshw.a(nicdrv.o)
                                        0x238 (size before relaxing)
 .eh_frame      0x0000000000018d80        0x0 /mnt/storageDevice/projects/learning_ethercat/new_SOEM/SOEM-1.3.1/lib/linux/liboshw.a(oshw.o)
                                         0x80 (size before relaxing)
 .eh_frame      0x0000000000018d80       0x94 /mnt/storageDevice/projects/learning_ethercat/new_SOEM/SOEM-1.3.1/lib/linux/libosal.a(osal.o)
                                        0x110 (size before relaxing)
 .eh_frame      0x0000000000018e14        0x4 /usr/lib/gcc/x86_64-linux-gnu/7/crtendS.o
 *(.eh_frame.*)

.gcc_except_table
 *(.gcc_except_table .gcc_except_table.*)

.gnu_extab
 *(.gnu_extab*)

.exception_ranges
 *(.exception_ranges .exception_ranges*)
                0x0000000000219cd0                . = DATA_SEGMENT_ALIGN (CONSTANT (MAXPAGESIZE), CONSTANT (COMMONPAGESIZE))

.eh_frame
 *(.eh_frame)
 *(.eh_frame.*)

.gnu_extab
 *(.gnu_extab)

.gcc_except_table
 *(.gcc_except_table .gcc_except_table.*)

.exception_ranges
 *(.exception_ranges .exception_ranges*)

.tdata
 *(.tdata .tdata.* .gnu.linkonce.td.*)

.tbss
 *(.tbss .tbss.* .gnu.linkonce.tb.*)
 *(.tcommon)

.preinit_array  0x0000000000219cd0        0x0
                [!provide]                        PROVIDE (__preinit_array_start = .)
 *(.preinit_array)
                [!provide]                        PROVIDE (__preinit_array_end = .)

.init_array     0x0000000000219cd0        0x8
                0x0000000000219cd0                PROVIDE (__init_array_start = .)
 *(SORT_BY_INIT_PRIORITY(.init_array.*) SORT_BY_INIT_PRIORITY(.ctors.*))
 *(.init_array EXCLUDE_FILE(*crtend?.o *crtend.o *crtbegin?.o *crtbegin.o) .ctors)
 .init_array    0x0000000000219cd0        0x8 /usr/lib/gcc/x86_64-linux-gnu/7/crtbeginS.o
                0x0000000000219cd8                PROVIDE (__init_array_end = .)

.fini_array     0x0000000000219cd8        0x8
                [!provide]                        PROVIDE (__fini_array_start = .)
 *(SORT_BY_INIT_PRIORITY(.fini_array.*) SORT_BY_INIT_PRIORITY(.dtors.*))
 *(.fini_array EXCLUDE_FILE(*crtend?.o *crtend.o *crtbegin?.o *crtbegin.o) .dtors)
 .fini_array    0x0000000000219cd8        0x8 /usr/lib/gcc/x86_64-linux-gnu/7/crtbeginS.o
                [!provide]                        PROVIDE (__fini_array_end = .)

.ctors
 *crtbegin.o(.ctors)
 *crtbegin?.o(.ctors)
 *(EXCLUDE_FILE(*crtend?.o *crtend.o) .ctors)
 *(SORT_BY_NAME(.ctors.*))
 *(.ctors)

.dtors
 *crtbegin.o(.dtors)
 *crtbegin?.o(.dtors)
 *(EXCLUDE_FILE(*crtend?.o *crtend.o) .dtors)
 *(SORT_BY_NAME(.dtors.*))
 *(.dtors)

.jcr
 *(.jcr)

.data.rel.ro    0x0000000000219ce0        0x0
 *(.data.rel.ro.local* .gnu.linkonce.d.rel.ro.local.*)
 *(.data.rel.ro .data.rel.ro.* .gnu.linkonce.d.rel.ro.*)
 .data.rel.ro   0x0000000000219ce0        0x0 /usr/lib/gcc/x86_64-linux-gnu/7/../../../x86_64-linux-gnu/Scrt1.o

.dynamic        0x0000000000219ce0      0x200
 *(.dynamic)
 .dynamic       0x0000000000219ce0      0x200 /usr/lib/gcc/x86_64-linux-gnu/7/../../../x86_64-linux-gnu/Scrt1.o
                0x0000000000219ce0                _DYNAMIC

.got            0x0000000000219ee0      0x120
 *(.got.plt)
 .got.plt       0x0000000000219ee0       0xf8 /usr/lib/gcc/x86_64-linux-gnu/7/../../../x86_64-linux-gnu/Scrt1.o
                0x0000000000219ee0                _GLOBAL_OFFSET_TABLE_
 *(.igot.plt)
 *(.got)
 .got           0x0000000000219fd8       0x28 /usr/lib/gcc/x86_64-linux-gnu/7/../../../x86_64-linux-gnu/Scrt1.o
 *(.igot)
                0x000000000021a000                . = DATA_SEGMENT_RELRO_END (., 0x0)

.data           0x000000000021a000       0xc0
 *(.data .data.* .gnu.linkonce.d.*)
 .data.rel.local
                0x000000000021a000        0x8 /usr/lib/gcc/x86_64-linux-gnu/7/crtbeginS.o
                0x000000000021a000                __dso_handle
 *fill*         0x000000000021a008       0x18 
 .data.rel.local
                0x000000000021a020       0xa0 /mnt/storageDevice/projects/learning_ethercat/new_SOEM/SOEM-1.3.1/lib/linux/libsoem.a(ethercatmain.o)
                0x000000000021a020                ecx_context

.tm_clone_table
                0x000000000021a0c0        0x0
 .tm_clone_table
                0x000000000021a0c0        0x0 /usr/lib/gcc/x86_64-linux-gnu/7/crtbeginS.o
 .tm_clone_table
                0x000000000021a0c0        0x0 /usr/lib/gcc/x86_64-linux-gnu/7/crtendS.o

.data1
 *(.data1)
                0x000000000021a0c0                _edata = .
                [!provide]                        PROVIDE (edata = .)
                0x000000000021a0c0                . = .
                0x000000000021a0c0                __bss_start = .

.bss            0x000000000021a0c0    0x35660
 *(.dynbss)
 .dynbss        0x000000000021a0c0        0x0 /usr/lib/gcc/x86_64-linux-gnu/7/../../../x86_64-linux-gnu/Scrt1.o
 *(.bss .bss.* .gnu.linkonce.b.*)
 .bss           0x000000000021a0c0        0x1 /usr/lib/gcc/x86_64-linux-gnu/7/crtbeginS.o
 .bss           0x000000000021a0c1        0x2 obj/linux/slaveinfo.o
                0x000000000021a0c1                printSDO
                0x000000000021a0c2                printMAP
 *fill*         0x000000000021a0c3       0x1d 
 .bss           0x000000000021a0e0     0x2060 /mnt/storageDevice/projects/learning_ethercat/new_SOEM/SOEM-1.3.1/lib/linux/libsoem.a(ethercatmain.o)
                0x000000000021a0e0                EcatError
 *(COMMON)
 COMMON         0x000000000021c140    0x100c0 obj/linux/slaveinfo.o
                0x000000000021c140                IOmap
                0x000000000021d140                OElist
                0x0000000000220160                hstr
                0x0000000000220560                ODlist
                0x000000000022c180                usdo
 COMMON         0x000000000022c200      0x100 /mnt/storageDevice/projects/learning_ethercat/new_SOEM/SOEM-1.3.1/lib/linux/libsoem.a(ethercatconfig.o)
                0x000000000022c200                ecx_mapt
                0x000000000022c2c0                ecx_threadh
 COMMON         0x000000000022c300    0x233a0 /mnt/storageDevice/projects/learning_ethercat/new_SOEM/SOEM-1.3.1/lib/linux/libsoem.a(ethercatmain.o)
                0x000000000022c300                ecx_port
                0x0000000000238e40                ecx_redport
                0x000000000023f3d0                ec_DCtime
                0x000000000023f3d8                ec_slavecount
                0x000000000023f3e0                ec_group
                0x000000000023f660                ec_slave
 COMMON         0x000000000024f6a0       0x7f /mnt/storageDevice/projects/learning_ethercat/new_SOEM/SOEM-1.3.1/lib/linux/libsoem.a(ethercatprint.o)
                0x000000000024f6a0                estring
                0x000000000024f720                . = ALIGN ((. != 0x0)?0x8:0x1)
 *fill*         0x000000000024f71f        0x1 

.lbss
 *(.dynlbss)
 *(.lbss .lbss.* .gnu.linkonce.lb.*)
 *(LARGE_COMMON)
                0x000000000024f720                . = ALIGN (0x8)
                0x000000000024f720                . = SEGMENT_START ("ldata-segment", .)

.lrodata
 *(.lrodata .lrodata.* .gnu.linkonce.lr.*)

.ldata          0x000000000064f720        0x0
 *(.ldata .ldata.* .gnu.linkonce.l.*)
                0x000000000064f720                . = ALIGN ((. != 0x0)?0x8:0x1)
                0x000000000064f720                . = ALIGN (0x8)
                0x000000000064f720                _end = .
                [!provide]                        PROVIDE (end = .)
                0x000000000064f720                . = DATA_SEGMENT_END (.)

.stab
 *(.stab)

.stabstr
 *(.stabstr)

.stab.excl
 *(.stab.excl)

.stab.exclstr
 *(.stab.exclstr)

.stab.index
 *(.stab.index)

.stab.indexstr
 *(.stab.indexstr)

.comment        0x0000000000000000       0x24
 *(.comment)
 .comment       0x0000000000000000       0x24 /usr/lib/gcc/x86_64-linux-gnu/7/crtbeginS.o
                                         0x25 (size before relaxing)
 .comment       0x0000000000000024       0x25 obj/linux/slaveinfo.o
 .comment       0x0000000000000024       0x25 /mnt/storageDevice/projects/learning_ethercat/new_SOEM/SOEM-1.3.1/lib/linux/libsoem.a(ethercatcoe.o)
 .comment       0x0000000000000024       0x25 /mnt/storageDevice/projects/learning_ethercat/new_SOEM/SOEM-1.3.1/lib/linux/libsoem.a(ethercatconfig.o)
 .comment       0x0000000000000024       0x25 /mnt/storageDevice/projects/learning_ethercat/new_SOEM/SOEM-1.3.1/lib/linux/libsoem.a(ethercatdc.o)
 .comment       0x0000000000000024       0x25 /mnt/storageDevice/projects/learning_ethercat/new_SOEM/SOEM-1.3.1/lib/linux/libsoem.a(ethercatmain.o)
 .comment       0x0000000000000024       0x25 /mnt/storageDevice/projects/learning_ethercat/new_SOEM/SOEM-1.3.1/lib/linux/libsoem.a(ethercatprint.o)
 .comment       0x0000000000000024       0x25 /mnt/storageDevice/projects/learning_ethercat/new_SOEM/SOEM-1.3.1/lib/linux/libsoem.a(ethercatsoe.o)
 .comment       0x0000000000000024       0x25 /mnt/storageDevice/projects/learning_ethercat/new_SOEM/SOEM-1.3.1/lib/linux/libsoem.a(ethercatbase.o)
 .comment       0x0000000000000024       0x25 /mnt/storageDevice/projects/learning_ethercat/new_SOEM/SOEM-1.3.1/lib/linux/liboshw.a(nicdrv.o)
 .comment       0x0000000000000024       0x25 /mnt/storageDevice/projects/learning_ethercat/new_SOEM/SOEM-1.3.1/lib/linux/liboshw.a(oshw.o)
 .comment       0x0000000000000024       0x25 /mnt/storageDevice/projects/learning_ethercat/new_SOEM/SOEM-1.3.1/lib/linux/libosal.a(osal.o)
 .comment       0x0000000000000024       0x25 /usr/lib/gcc/x86_64-linux-gnu/7/crtendS.o

.debug
 *(.debug)

.line
 *(.line)

.debug_srcinfo
 *(.debug_srcinfo)

.debug_sfnames
 *(.debug_sfnames)

.debug_aranges  0x0000000000000000     0x1040
 *(.debug_aranges)
 .debug_aranges
                0x0000000000000000       0xb0 obj/linux/slaveinfo.o
 .debug_aranges
                0x00000000000000b0      0x1d0 /mnt/storageDevice/projects/learning_ethercat/new_SOEM/SOEM-1.3.1/lib/linux/libsoem.a(ethercatcoe.o)
 .debug_aranges
                0x0000000000000280      0x190 /mnt/storageDevice/projects/learning_ethercat/new_SOEM/SOEM-1.3.1/lib/linux/libsoem.a(ethercatconfig.o)
 .debug_aranges
                0x0000000000000410       0xc0 /mnt/storageDevice/projects/learning_ethercat/new_SOEM/SOEM-1.3.1/lib/linux/libsoem.a(ethercatdc.o)
 .debug_aranges
                0x00000000000004d0      0x550 /mnt/storageDevice/projects/learning_ethercat/new_SOEM/SOEM-1.3.1/lib/linux/libsoem.a(ethercatmain.o)
 .debug_aranges
                0x0000000000000a20       0x80 /mnt/storageDevice/projects/learning_ethercat/new_SOEM/SOEM-1.3.1/lib/linux/libsoem.a(ethercatprint.o)
 .debug_aranges
                0x0000000000000aa0       0x90 /mnt/storageDevice/projects/learning_ethercat/new_SOEM/SOEM-1.3.1/lib/linux/libsoem.a(ethercatsoe.o)
 .debug_aranges
                0x0000000000000b30      0x270 /mnt/storageDevice/projects/learning_ethercat/new_SOEM/SOEM-1.3.1/lib/linux/libsoem.a(ethercatbase.o)
 .debug_aranges
                0x0000000000000da0      0x180 /mnt/storageDevice/projects/learning_ethercat/new_SOEM/SOEM-1.3.1/lib/linux/liboshw.a(nicdrv.o)
 .debug_aranges
                0x0000000000000f20       0x60 /mnt/storageDevice/projects/learning_ethercat/new_SOEM/SOEM-1.3.1/lib/linux/liboshw.a(oshw.o)
 .debug_aranges
                0x0000000000000f80       0xc0 /mnt/storageDevice/projects/learning_ethercat/new_SOEM/SOEM-1.3.1/lib/linux/libosal.a(osal.o)

.debug_pubnames
 *(.debug_pubnames)

.debug_info     0x0000000000000000    0x1481a
 *(.debug_info .gnu.linkonce.wi.*)
 .debug_info    0x0000000000000000     0x1ce6 obj/linux/slaveinfo.o
 .debug_info    0x0000000000001ce6     0x2718 /mnt/storageDevice/projects/learning_ethercat/new_SOEM/SOEM-1.3.1/lib/linux/libsoem.a(ethercatcoe.o)
 .debug_info    0x00000000000043fe     0x2054 /mnt/storageDevice/projects/learning_ethercat/new_SOEM/SOEM-1.3.1/lib/linux/libsoem.a(ethercatconfig.o)
 .debug_info    0x0000000000006452     0x1708 /mnt/storageDevice/projects/learning_ethercat/new_SOEM/SOEM-1.3.1/lib/linux/libsoem.a(ethercatdc.o)
 .debug_info    0x0000000000007b5a     0x3b0b /mnt/storageDevice/projects/learning_ethercat/new_SOEM/SOEM-1.3.1/lib/linux/libsoem.a(ethercatmain.o)
 .debug_info    0x000000000000b665     0x1591 /mnt/storageDevice/projects/learning_ethercat/new_SOEM/SOEM-1.3.1/lib/linux/libsoem.a(ethercatprint.o)
 .debug_info    0x000000000000cbf6     0x1a32 /mnt/storageDevice/projects/learning_ethercat/new_SOEM/SOEM-1.3.1/lib/linux/libsoem.a(ethercatsoe.o)
 .debug_info    0x000000000000e628     0x279c /mnt/storageDevice/projects/learning_ethercat/new_SOEM/SOEM-1.3.1/lib/linux/libsoem.a(ethercatbase.o)
 .debug_info    0x0000000000010dc4     0x1f54 /mnt/storageDevice/projects/learning_ethercat/new_SOEM/SOEM-1.3.1/lib/linux/liboshw.a(nicdrv.o)
 .debug_info    0x0000000000012d18     0x14b6 /mnt/storageDevice/projects/learning_ethercat/new_SOEM/SOEM-1.3.1/lib/linux/liboshw.a(oshw.o)
 .debug_info    0x00000000000141ce      0x64c /mnt/storageDevice/projects/learning_ethercat/new_SOEM/SOEM-1.3.1/lib/linux/libosal.a(osal.o)

.debug_abbrev   0x0000000000000000     0x1e22
 *(.debug_abbrev)
 .debug_abbrev  0x0000000000000000      0x2b5 obj/linux/slaveinfo.o
 .debug_abbrev  0x00000000000002b5      0x2c5 /mnt/storageDevice/projects/learning_ethercat/new_SOEM/SOEM-1.3.1/lib/linux/libsoem.a(ethercatcoe.o)
 .debug_abbrev  0x000000000000057a      0x33e /mnt/storageDevice/projects/learning_ethercat/new_SOEM/SOEM-1.3.1/lib/linux/libsoem.a(ethercatconfig.o)
 .debug_abbrev  0x00000000000008b8      0x2ff /mnt/storageDevice/projects/learning_ethercat/new_SOEM/SOEM-1.3.1/lib/linux/libsoem.a(ethercatdc.o)
 .debug_abbrev  0x0000000000000bb7      0x39e /mnt/storageDevice/projects/learning_ethercat/new_SOEM/SOEM-1.3.1/lib/linux/libsoem.a(ethercatmain.o)
 .debug_abbrev  0x0000000000000f55      0x268 /mnt/storageDevice/projects/learning_ethercat/new_SOEM/SOEM-1.3.1/lib/linux/libsoem.a(ethercatprint.o)
 .debug_abbrev  0x00000000000011bd      0x2a8 /mnt/storageDevice/projects/learning_ethercat/new_SOEM/SOEM-1.3.1/lib/linux/libsoem.a(ethercatsoe.o)
 .debug_abbrev  0x0000000000001465      0x2a5 /mnt/storageDevice/projects/learning_ethercat/new_SOEM/SOEM-1.3.1/lib/linux/libsoem.a(ethercatbase.o)
 .debug_abbrev  0x000000000000170a      0x350 /mnt/storageDevice/projects/learning_ethercat/new_SOEM/SOEM-1.3.1/lib/linux/liboshw.a(nicdrv.o)
 .debug_abbrev  0x0000000000001a5a      0x24a /mnt/storageDevice/projects/learning_ethercat/new_SOEM/SOEM-1.3.1/lib/linux/liboshw.a(oshw.o)
 .debug_abbrev  0x0000000000001ca4      0x17e /mnt/storageDevice/projects/learning_ethercat/new_SOEM/SOEM-1.3.1/lib/linux/libosal.a(osal.o)

.debug_line     0x0000000000000000     0x4e38
 *(.debug_line .debug_line.* .debug_line_end)
 .debug_line    0x0000000000000000      0x77f obj/linux/slaveinfo.o
 .debug_line    0x000000000000077f      0x980 /mnt/storageDevice/projects/learning_ethercat/new_SOEM/SOEM-1.3.1/lib/linux/libsoem.a(ethercatcoe.o)
 .debug_line    0x00000000000010ff      0xc98 /mnt/storageDevice/projects/learning_ethercat/new_SOEM/SOEM-1.3.1/lib/linux/libsoem.a(ethercatconfig.o)
 .debug_line    0x0000000000001d97      0x4b9 /mnt/storageDevice/projects/learning_ethercat/new_SOEM/SOEM-1.3.1/lib/linux/libsoem.a(ethercatdc.o)
 .debug_line    0x0000000000002250     0x10db /mnt/storageDevice/projects/learning_ethercat/new_SOEM/SOEM-1.3.1/lib/linux/libsoem.a(ethercatmain.o)
 .debug_line    0x000000000000332b      0x358 /mnt/storageDevice/projects/learning_ethercat/new_SOEM/SOEM-1.3.1/lib/linux/libsoem.a(ethercatprint.o)
 .debug_line    0x0000000000003683      0x477 /mnt/storageDevice/projects/learning_ethercat/new_SOEM/SOEM-1.3.1/lib/linux/libsoem.a(ethercatsoe.o)
 .debug_line    0x0000000000003afa      0x6bd /mnt/storageDevice/projects/learning_ethercat/new_SOEM/SOEM-1.3.1/lib/linux/libsoem.a(ethercatbase.o)
 .debug_line    0x00000000000041b7      0x6b7 /mnt/storageDevice/projects/learning_ethercat/new_SOEM/SOEM-1.3.1/lib/linux/liboshw.a(nicdrv.o)
 .debug_line    0x000000000000486e      0x2aa /mnt/storageDevice/projects/learning_ethercat/new_SOEM/SOEM-1.3.1/lib/linux/liboshw.a(oshw.o)
 .debug_line    0x0000000000004b18      0x320 /mnt/storageDevice/projects/learning_ethercat/new_SOEM/SOEM-1.3.1/lib/linux/libosal.a(osal.o)

.debug_frame
 *(.debug_frame)

.debug_str      0x0000000000000000     0x2fbf
 *(.debug_str)
 .debug_str     0x0000000000000000      0xe6e obj/linux/slaveinfo.o
                                       0x1055 (size before relaxing)
 .debug_str     0x0000000000000e6e      0x500 /mnt/storageDevice/projects/learning_ethercat/new_SOEM/SOEM-1.3.1/lib/linux/libsoem.a(ethercatcoe.o)
                                       0x1157 (size before relaxing)
 .debug_str     0x000000000000136e      0x68c /mnt/storageDevice/projects/learning_ethercat/new_SOEM/SOEM-1.3.1/lib/linux/libsoem.a(ethercatconfig.o)
                                       0x1381 (size before relaxing)
 .debug_str     0x00000000000019fa      0x111 /mnt/storageDevice/projects/learning_ethercat/new_SOEM/SOEM-1.3.1/lib/linux/libsoem.a(ethercatdc.o)
                                        0xe8e (size before relaxing)
 .debug_str     0x0000000000001b0b      0x854 /mnt/storageDevice/projects/learning_ethercat/new_SOEM/SOEM-1.3.1/lib/linux/libsoem.a(ethercatmain.o)
                                       0x18b2 (size before relaxing)
 .debug_str     0x000000000000235f      0x157 /mnt/storageDevice/projects/learning_ethercat/new_SOEM/SOEM-1.3.1/lib/linux/libsoem.a(ethercatprint.o)
                                        0xd38 (size before relaxing)
 .debug_str     0x00000000000024b6      0x1c3 /mnt/storageDevice/projects/learning_ethercat/new_SOEM/SOEM-1.3.1/lib/linux/libsoem.a(ethercatsoe.o)
                                        0xeb0 (size before relaxing)
 .debug_str     0x0000000000002679      0x1ca /mnt/storageDevice/projects/learning_ethercat/new_SOEM/SOEM-1.3.1/lib/linux/libsoem.a(ethercatbase.o)
                                       0x120a (size before relaxing)
 .debug_str     0x0000000000002843      0x53e /mnt/storageDevice/projects/learning_ethercat/new_SOEM/SOEM-1.3.1/lib/linux/liboshw.a(nicdrv.o)
                                       0x119b (size before relaxing)
 .debug_str     0x0000000000002d81       0x93 /mnt/storageDevice/projects/learning_ethercat/new_SOEM/SOEM-1.3.1/lib/linux/liboshw.a(oshw.o)
                                        0xcee (size before relaxing)
 .debug_str     0x0000000000002e14      0x1ab /mnt/storageDevice/projects/learning_ethercat/new_SOEM/SOEM-1.3.1/lib/linux/libosal.a(osal.o)
                                        0x43c (size before relaxing)

.debug_loc
 *(.debug_loc)

.debug_macinfo
 *(.debug_macinfo)

.debug_weaknames
 *(.debug_weaknames)

.debug_funcnames
 *(.debug_funcnames)

.debug_typenames
 *(.debug_typenames)

.debug_varnames
 *(.debug_varnames)

.debug_pubtypes
 *(.debug_pubtypes)

.debug_ranges   0x0000000000000000      0xf90
 *(.debug_ranges)
 .debug_ranges  0x0000000000000000       0xa0 obj/linux/slaveinfo.o
 .debug_ranges  0x00000000000000a0      0x1c0 /mnt/storageDevice/projects/learning_ethercat/new_SOEM/SOEM-1.3.1/lib/linux/libsoem.a(ethercatcoe.o)
 .debug_ranges  0x0000000000000260      0x180 /mnt/storageDevice/projects/learning_ethercat/new_SOEM/SOEM-1.3.1/lib/linux/libsoem.a(ethercatconfig.o)
 .debug_ranges  0x00000000000003e0       0xb0 /mnt/storageDevice/projects/learning_ethercat/new_SOEM/SOEM-1.3.1/lib/linux/libsoem.a(ethercatdc.o)
 .debug_ranges  0x0000000000000490      0x540 /mnt/storageDevice/projects/learning_ethercat/new_SOEM/SOEM-1.3.1/lib/linux/libsoem.a(ethercatmain.o)
 .debug_ranges  0x00000000000009d0       0x70 /mnt/storageDevice/projects/learning_ethercat/new_SOEM/SOEM-1.3.1/lib/linux/libsoem.a(ethercatprint.o)
 .debug_ranges  0x0000000000000a40       0x80 /mnt/storageDevice/projects/learning_ethercat/new_SOEM/SOEM-1.3.1/lib/linux/libsoem.a(ethercatsoe.o)
 .debug_ranges  0x0000000000000ac0      0x260 /mnt/storageDevice/projects/learning_ethercat/new_SOEM/SOEM-1.3.1/lib/linux/libsoem.a(ethercatbase.o)
 .debug_ranges  0x0000000000000d20      0x170 /mnt/storageDevice/projects/learning_ethercat/new_SOEM/SOEM-1.3.1/lib/linux/liboshw.a(nicdrv.o)
 .debug_ranges  0x0000000000000e90       0x50 /mnt/storageDevice/projects/learning_ethercat/new_SOEM/SOEM-1.3.1/lib/linux/liboshw.a(oshw.o)
 .debug_ranges  0x0000000000000ee0       0xb0 /mnt/storageDevice/projects/learning_ethercat/new_SOEM/SOEM-1.3.1/lib/linux/libosal.a(osal.o)

.debug_macro
 *(.debug_macro)

.debug_addr
 *(.debug_addr)

.gnu.attributes
 *(.gnu.attributes)

/DISCARD/
 *(.note.GNU-stack)
 *(.gnu_debuglink)
 *(.gnu.lto_*)
OUTPUT(slaveinfo elf64-x86-64)
