Archive member included to satisfy reference by file (symbol)

/mnt/storageDevice/projects/learning_ethercat/new_SOEM/SOEM-1.3.1/lib/linux/libosal.a(osal.o)
                              obj/linux/simple_test.o (osal_thread_create)
/mnt/storageDevice/projects/learning_ethercat/new_SOEM/SOEM-1.3.1/lib/linux/libsoem.a(ethercatconfig.o)
                              obj/linux/simple_test.o (ec_config_init)
/mnt/storageDevice/projects/learning_ethercat/new_SOEM/SOEM-1.3.1/lib/linux/libsoem.a(ethercatdc.o)
                              obj/linux/simple_test.o (ec_configdc)
/mnt/storageDevice/projects/learning_ethercat/new_SOEM/SOEM-1.3.1/lib/linux/libsoem.a(ethercatmain.o)
                              obj/linux/simple_test.o (ec_slave)
/mnt/storageDevice/projects/learning_ethercat/new_SOEM/SOEM-1.3.1/lib/linux/libsoem.a(ethercatprint.o)
                              obj/linux/simple_test.o (ec_ALstatuscode2string)
/mnt/storageDevice/projects/learning_ethercat/new_SOEM/SOEM-1.3.1/lib/linux/libsoem.a(ethercatsoe.o)
                              /mnt/storageDevice/projects/learning_ethercat/new_SOEM/SOEM-1.3.1/lib/linux/libsoem.a(ethercatconfig.o) (ecx_readIDNmap)
/mnt/storageDevice/projects/learning_ethercat/new_SOEM/SOEM-1.3.1/lib/linux/libsoem.a(ethercatbase.o)
                              /mnt/storageDevice/projects/learning_ethercat/new_SOEM/SOEM-1.3.1/lib/linux/libsoem.a(ethercatmain.o) (ecx_setupdatagram)
/mnt/storageDevice/projects/learning_ethercat/new_SOEM/SOEM-1.3.1/lib/linux/libsoem.a(ethercatcoe.o)
                              /mnt/storageDevice/projects/learning_ethercat/new_SOEM/SOEM-1.3.1/lib/linux/libsoem.a(ethercatconfig.o) (ecx_readPDOmap)
/usr/lib/x86_64-linux-gnu/libc_nonshared.a(elf-init.oS)
                              /usr/lib/gcc/x86_64-linux-gnu/7/../../../x86_64-linux-gnu/Scrt1.o (__libc_csu_init)
/mnt/storageDevice/projects/learning_ethercat/new_SOEM/SOEM-1.3.1/lib/linux/liboshw.a(nicdrv.o)
                              /mnt/storageDevice/projects/learning_ethercat/new_SOEM/SOEM-1.3.1/lib/linux/libsoem.a(ethercatmain.o) (secMAC)
/mnt/storageDevice/projects/learning_ethercat/new_SOEM/SOEM-1.3.1/lib/linux/liboshw.a(oshw.o)
                              /mnt/storageDevice/projects/learning_ethercat/new_SOEM/SOEM-1.3.1/lib/linux/libsoem.a(ethercatmain.o) (oshw_htons)

As-needed library included to satisfy reference by file (symbol)

libc.so.6                     /mnt/storageDevice/projects/learning_ethercat/new_SOEM/SOEM-1.3.1/lib/linux/libsoem.a(ethercatconfig.o) (strcpy@@GLIBC_2.2.5)
libpthread.so.0               /mnt/storageDevice/projects/learning_ethercat/new_SOEM/SOEM-1.3.1/lib/linux/libosal.a(osal.o) (pthread_create@@GLIBC_2.2.5)

Allocating common symbols
Common symbol       size              file

IOmap               0x1000            obj/linux/simple_test.o
ecx_port            0xcb30            /mnt/storageDevice/projects/learning_ethercat/new_SOEM/SOEM-1.3.1/lib/linux/libsoem.a(ethercatmain.o)
ecx_redport         0x6590            /mnt/storageDevice/projects/learning_ethercat/new_SOEM/SOEM-1.3.1/lib/linux/libsoem.a(ethercatmain.o)
ecx_mapt            0xc0              /mnt/storageDevice/projects/learning_ethercat/new_SOEM/SOEM-1.3.1/lib/linux/libsoem.a(ethercatconfig.o)
ecx_threadh         0x40              /mnt/storageDevice/projects/learning_ethercat/new_SOEM/SOEM-1.3.1/lib/linux/libsoem.a(ethercatconfig.o)
inOP                0x1               obj/linux/simple_test.o
ec_DCtime           0x8               /mnt/storageDevice/projects/learning_ethercat/new_SOEM/SOEM-1.3.1/lib/linux/libsoem.a(ethercatmain.o)
thread1             0x8               obj/linux/simple_test.o
expectedWKC         0x4               obj/linux/simple_test.o
estring             0x7f              /mnt/storageDevice/projects/learning_ethercat/new_SOEM/SOEM-1.3.1/lib/linux/libsoem.a(ethercatprint.o)
needlf              0x1               obj/linux/simple_test.o
ec_slavecount       0x4               /mnt/storageDevice/projects/learning_ethercat/new_SOEM/SOEM-1.3.1/lib/linux/libsoem.a(ethercatmain.o)
wkc                 0x4               obj/linux/simple_test.o
ec_group            0x270             /mnt/storageDevice/projects/learning_ethercat/new_SOEM/SOEM-1.3.1/lib/linux/libsoem.a(ethercatmain.o)
ec_slave            0x10040           /mnt/storageDevice/projects/learning_ethercat/new_SOEM/SOEM-1.3.1/lib/linux/libsoem.a(ethercatmain.o)

Discarded input sections

 .rodata.cst4   0x0000000000000000        0x4 /usr/lib/gcc/x86_64-linux-gnu/7/../../../x86_64-linux-gnu/Scrt1.o
 .data          0x0000000000000000        0x4 /usr/lib/gcc/x86_64-linux-gnu/7/../../../x86_64-linux-gnu/Scrt1.o
 .bss           0x0000000000000000        0x0 /usr/lib/gcc/x86_64-linux-gnu/7/../../../x86_64-linux-gnu/Scrt1.o
 .note.GNU-stack
                0x0000000000000000        0x0 /usr/lib/gcc/x86_64-linux-gnu/7/../../../x86_64-linux-gnu/Scrt1.o
 .text          0x0000000000000000        0x0 /usr/lib/gcc/x86_64-linux-gnu/7/../../../x86_64-linux-gnu/crti.o
 .data          0x0000000000000000        0x0 /usr/lib/gcc/x86_64-linux-gnu/7/../../../x86_64-linux-gnu/crti.o
 .bss           0x0000000000000000        0x0 /usr/lib/gcc/x86_64-linux-gnu/7/../../../x86_64-linux-gnu/crti.o
 .note.GNU-stack
                0x0000000000000000        0x0 /usr/lib/gcc/x86_64-linux-gnu/7/../../../x86_64-linux-gnu/crti.o
 .data          0x0000000000000000        0x0 /usr/lib/gcc/x86_64-linux-gnu/7/crtbeginS.o
 .note.GNU-stack
                0x0000000000000000        0x0 /usr/lib/gcc/x86_64-linux-gnu/7/crtbeginS.o
 .text          0x0000000000000000        0x0 obj/linux/simple_test.o
 .data          0x0000000000000000        0x0 obj/linux/simple_test.o
 .note.GNU-stack
                0x0000000000000000        0x0 obj/linux/simple_test.o
 .text          0x0000000000000000        0x0 /mnt/storageDevice/projects/learning_ethercat/new_SOEM/SOEM-1.3.1/lib/linux/libosal.a(osal.o)
 .data          0x0000000000000000        0x0 /mnt/storageDevice/projects/learning_ethercat/new_SOEM/SOEM-1.3.1/lib/linux/libosal.a(osal.o)
 .bss           0x0000000000000000        0x0 /mnt/storageDevice/projects/learning_ethercat/new_SOEM/SOEM-1.3.1/lib/linux/libosal.a(osal.o)
 .text.osal_time_diff
                0x0000000000000000       0x75 /mnt/storageDevice/projects/learning_ethercat/new_SOEM/SOEM-1.3.1/lib/linux/libosal.a(osal.o)
 .text.osal_malloc
                0x0000000000000000       0x1b /mnt/storageDevice/projects/learning_ethercat/new_SOEM/SOEM-1.3.1/lib/linux/libosal.a(osal.o)
 .text.osal_free
                0x0000000000000000       0x1c /mnt/storageDevice/projects/learning_ethercat/new_SOEM/SOEM-1.3.1/lib/linux/libosal.a(osal.o)
 .text.osal_thread_create_rt
                0x0000000000000000       0xf8 /mnt/storageDevice/projects/learning_ethercat/new_SOEM/SOEM-1.3.1/lib/linux/libosal.a(osal.o)
 .note.GNU-stack
                0x0000000000000000        0x0 /mnt/storageDevice/projects/learning_ethercat/new_SOEM/SOEM-1.3.1/lib/linux/libosal.a(osal.o)
 .text          0x0000000000000000        0x0 /mnt/storageDevice/projects/learning_ethercat/new_SOEM/SOEM-1.3.1/lib/linux/libsoem.a(ethercatconfig.o)
 .data          0x0000000000000000        0x0 /mnt/storageDevice/projects/learning_ethercat/new_SOEM/SOEM-1.3.1/lib/linux/libsoem.a(ethercatconfig.o)
 .bss           0x0000000000000000        0x0 /mnt/storageDevice/projects/learning_ethercat/new_SOEM/SOEM-1.3.1/lib/linux/libsoem.a(ethercatconfig.o)
 .text.ec_config
                0x0000000000000000       0x3a /mnt/storageDevice/projects/learning_ethercat/new_SOEM/SOEM-1.3.1/lib/linux/libsoem.a(ethercatconfig.o)
 .note.GNU-stack
                0x0000000000000000        0x0 /mnt/storageDevice/projects/learning_ethercat/new_SOEM/SOEM-1.3.1/lib/linux/libsoem.a(ethercatconfig.o)
 .text          0x0000000000000000        0x0 /mnt/storageDevice/projects/learning_ethercat/new_SOEM/SOEM-1.3.1/lib/linux/libsoem.a(ethercatdc.o)
 .data          0x0000000000000000        0x0 /mnt/storageDevice/projects/learning_ethercat/new_SOEM/SOEM-1.3.1/lib/linux/libsoem.a(ethercatdc.o)
 .bss           0x0000000000000000        0x0 /mnt/storageDevice/projects/learning_ethercat/new_SOEM/SOEM-1.3.1/lib/linux/libsoem.a(ethercatdc.o)
 .rodata        0x0000000000000000       0x8f /mnt/storageDevice/projects/learning_ethercat/new_SOEM/SOEM-1.3.1/lib/linux/libsoem.a(ethercatdc.o)
 .text.print_sync0
                0x0000000000000000       0x72 /mnt/storageDevice/projects/learning_ethercat/new_SOEM/SOEM-1.3.1/lib/linux/libsoem.a(ethercatdc.o)
 .text.ecx_dcsync0
                0x0000000000000000      0x315 /mnt/storageDevice/projects/learning_ethercat/new_SOEM/SOEM-1.3.1/lib/linux/libsoem.a(ethercatdc.o)
 .text.ecx_dcsync01
                0x0000000000000000      0x264 /mnt/storageDevice/projects/learning_ethercat/new_SOEM/SOEM-1.3.1/lib/linux/libsoem.a(ethercatdc.o)
 .text.ec_dcsync0
                0x0000000000000000       0x40 /mnt/storageDevice/projects/learning_ethercat/new_SOEM/SOEM-1.3.1/lib/linux/libsoem.a(ethercatdc.o)
 .text.ec_dcsync01
                0x0000000000000000       0x4e /mnt/storageDevice/projects/learning_ethercat/new_SOEM/SOEM-1.3.1/lib/linux/libsoem.a(ethercatdc.o)
 .note.GNU-stack
                0x0000000000000000        0x0 /mnt/storageDevice/projects/learning_ethercat/new_SOEM/SOEM-1.3.1/lib/linux/libsoem.a(ethercatdc.o)
 .text          0x0000000000000000        0x0 /mnt/storageDevice/projects/learning_ethercat/new_SOEM/SOEM-1.3.1/lib/linux/libsoem.a(ethercatmain.o)
 .data          0x0000000000000000        0x0 /mnt/storageDevice/projects/learning_ethercat/new_SOEM/SOEM-1.3.1/lib/linux/libsoem.a(ethercatmain.o)
 .text.ec_find_adapters
                0x0000000000000000       0x18 /mnt/storageDevice/projects/learning_ethercat/new_SOEM/SOEM-1.3.1/lib/linux/libsoem.a(ethercatmain.o)
 .text.ec_free_adapters
                0x0000000000000000       0x1c /mnt/storageDevice/projects/learning_ethercat/new_SOEM/SOEM-1.3.1/lib/linux/libsoem.a(ethercatmain.o)
 .text.ecx_iserror
                0x0000000000000000       0x25 /mnt/storageDevice/projects/learning_ethercat/new_SOEM/SOEM-1.3.1/lib/linux/libsoem.a(ethercatmain.o)
 .text.ecx_init_redundant
                0x0000000000000000      0x120 /mnt/storageDevice/projects/learning_ethercat/new_SOEM/SOEM-1.3.1/lib/linux/libsoem.a(ethercatmain.o)
 .text.ecx_esidump
                0x0000000000000000      0x163 /mnt/storageDevice/projects/learning_ethercat/new_SOEM/SOEM-1.3.1/lib/linux/libsoem.a(ethercatmain.o)
 .text.ecx_writeeeprom
                0x0000000000000000       0x8c /mnt/storageDevice/projects/learning_ethercat/new_SOEM/SOEM-1.3.1/lib/linux/libsoem.a(ethercatmain.o)
 .text.ecx_eeprom_waitnotbusyAP
                0x0000000000000000      0x113 /mnt/storageDevice/projects/learning_ethercat/new_SOEM/SOEM-1.3.1/lib/linux/libsoem.a(ethercatmain.o)
 .text.ecx_readeepromAP
                0x0000000000000000      0x273 /mnt/storageDevice/projects/learning_ethercat/new_SOEM/SOEM-1.3.1/lib/linux/libsoem.a(ethercatmain.o)
 .text.ecx_writeeepromAP
                0x0000000000000000      0x208 /mnt/storageDevice/projects/learning_ethercat/new_SOEM/SOEM-1.3.1/lib/linux/libsoem.a(ethercatmain.o)
 .text.ecx_writeeepromFP
                0x0000000000000000      0x208 /mnt/storageDevice/projects/learning_ethercat/new_SOEM/SOEM-1.3.1/lib/linux/libsoem.a(ethercatmain.o)
 .text.ecx_send_processdata
                0x0000000000000000       0x20 /mnt/storageDevice/projects/learning_ethercat/new_SOEM/SOEM-1.3.1/lib/linux/libsoem.a(ethercatmain.o)
 .text.ecx_receive_processdata
                0x0000000000000000       0x28 /mnt/storageDevice/projects/learning_ethercat/new_SOEM/SOEM-1.3.1/lib/linux/libsoem.a(ethercatmain.o)
 .text.ec_pusherror
                0x0000000000000000       0x21 /mnt/storageDevice/projects/learning_ethercat/new_SOEM/SOEM-1.3.1/lib/linux/libsoem.a(ethercatmain.o)
 .text.ec_poperror
                0x0000000000000000       0x20 /mnt/storageDevice/projects/learning_ethercat/new_SOEM/SOEM-1.3.1/lib/linux/libsoem.a(ethercatmain.o)
 .text.ec_iserror
                0x0000000000000000        0xd /mnt/storageDevice/projects/learning_ethercat/new_SOEM/SOEM-1.3.1/lib/linux/libsoem.a(ethercatmain.o)
 .text.ec_packeterror
                0x0000000000000000       0x46 /mnt/storageDevice/projects/learning_ethercat/new_SOEM/SOEM-1.3.1/lib/linux/libsoem.a(ethercatmain.o)
 .text.ec_init_redundant
                0x0000000000000000       0x34 /mnt/storageDevice/projects/learning_ethercat/new_SOEM/SOEM-1.3.1/lib/linux/libsoem.a(ethercatmain.o)
 .text.ec_siigetbyte
                0x0000000000000000       0x2f /mnt/storageDevice/projects/learning_ethercat/new_SOEM/SOEM-1.3.1/lib/linux/libsoem.a(ethercatmain.o)
 .text.ec_siifind
                0x0000000000000000       0x2f /mnt/storageDevice/projects/learning_ethercat/new_SOEM/SOEM-1.3.1/lib/linux/libsoem.a(ethercatmain.o)
 .text.ec_siistring
                0x0000000000000000       0x3b /mnt/storageDevice/projects/learning_ethercat/new_SOEM/SOEM-1.3.1/lib/linux/libsoem.a(ethercatmain.o)
 .text.ec_siiFMMU
                0x0000000000000000       0x2b /mnt/storageDevice/projects/learning_ethercat/new_SOEM/SOEM-1.3.1/lib/linux/libsoem.a(ethercatmain.o)
 .text.ec_siiSM
                0x0000000000000000       0x2b /mnt/storageDevice/projects/learning_ethercat/new_SOEM/SOEM-1.3.1/lib/linux/libsoem.a(ethercatmain.o)
 .text.ec_siiSMnext
                0x0000000000000000       0x39 /mnt/storageDevice/projects/learning_ethercat/new_SOEM/SOEM-1.3.1/lib/linux/libsoem.a(ethercatmain.o)
 .text.ec_siiPDO
                0x0000000000000000       0x38 /mnt/storageDevice/projects/learning_ethercat/new_SOEM/SOEM-1.3.1/lib/linux/libsoem.a(ethercatmain.o)
 .text.ec_mbxempty
                0x0000000000000000       0x2b /mnt/storageDevice/projects/learning_ethercat/new_SOEM/SOEM-1.3.1/lib/linux/libsoem.a(ethercatmain.o)
 .text.ec_mbxsend
                0x0000000000000000       0x33 /mnt/storageDevice/projects/learning_ethercat/new_SOEM/SOEM-1.3.1/lib/linux/libsoem.a(ethercatmain.o)
 .text.ec_mbxreceive
                0x0000000000000000       0x33 /mnt/storageDevice/projects/learning_ethercat/new_SOEM/SOEM-1.3.1/lib/linux/libsoem.a(ethercatmain.o)
 .text.ec_esidump
                0x0000000000000000       0x2c /mnt/storageDevice/projects/learning_ethercat/new_SOEM/SOEM-1.3.1/lib/linux/libsoem.a(ethercatmain.o)
 .text.ec_readeeprom
                0x0000000000000000       0x39 /mnt/storageDevice/projects/learning_ethercat/new_SOEM/SOEM-1.3.1/lib/linux/libsoem.a(ethercatmain.o)
 .text.ec_writeeeprom
                0x0000000000000000       0x44 /mnt/storageDevice/projects/learning_ethercat/new_SOEM/SOEM-1.3.1/lib/linux/libsoem.a(ethercatmain.o)
 .text.ec_eeprom2master
                0x0000000000000000       0x23 /mnt/storageDevice/projects/learning_ethercat/new_SOEM/SOEM-1.3.1/lib/linux/libsoem.a(ethercatmain.o)
 .text.ec_eeprom2pdi
                0x0000000000000000       0x23 /mnt/storageDevice/projects/learning_ethercat/new_SOEM/SOEM-1.3.1/lib/linux/libsoem.a(ethercatmain.o)
 .text.ec_eeprom_waitnotbusyAP
                0x0000000000000000       0x33 /mnt/storageDevice/projects/learning_ethercat/new_SOEM/SOEM-1.3.1/lib/linux/libsoem.a(ethercatmain.o)
 .text.ec_readeepromAP
                0x0000000000000000       0x39 /mnt/storageDevice/projects/learning_ethercat/new_SOEM/SOEM-1.3.1/lib/linux/libsoem.a(ethercatmain.o)
 .text.ec_writeeepromAP
                0x0000000000000000       0x44 /mnt/storageDevice/projects/learning_ethercat/new_SOEM/SOEM-1.3.1/lib/linux/libsoem.a(ethercatmain.o)
 .text.ec_eeprom_waitnotbusyFP
                0x0000000000000000       0x33 /mnt/storageDevice/projects/learning_ethercat/new_SOEM/SOEM-1.3.1/lib/linux/libsoem.a(ethercatmain.o)
 .text.ec_readeepromFP
                0x0000000000000000       0x39 /mnt/storageDevice/projects/learning_ethercat/new_SOEM/SOEM-1.3.1/lib/linux/libsoem.a(ethercatmain.o)
 .text.ec_writeeepromFP
                0x0000000000000000       0x44 /mnt/storageDevice/projects/learning_ethercat/new_SOEM/SOEM-1.3.1/lib/linux/libsoem.a(ethercatmain.o)
 .text.ec_readeeprom1
                0x0000000000000000       0x30 /mnt/storageDevice/projects/learning_ethercat/new_SOEM/SOEM-1.3.1/lib/linux/libsoem.a(ethercatmain.o)
 .text.ec_readeeprom2
                0x0000000000000000       0x2b /mnt/storageDevice/projects/learning_ethercat/new_SOEM/SOEM-1.3.1/lib/linux/libsoem.a(ethercatmain.o)
 .note.GNU-stack
                0x0000000000000000        0x0 /mnt/storageDevice/projects/learning_ethercat/new_SOEM/SOEM-1.3.1/lib/linux/libsoem.a(ethercatmain.o)
 .text          0x0000000000000000        0x0 /mnt/storageDevice/projects/learning_ethercat/new_SOEM/SOEM-1.3.1/lib/linux/libsoem.a(ethercatprint.o)
 .data          0x0000000000000000        0x0 /mnt/storageDevice/projects/learning_ethercat/new_SOEM/SOEM-1.3.1/lib/linux/libsoem.a(ethercatprint.o)
 .bss           0x0000000000000000        0x0 /mnt/storageDevice/projects/learning_ethercat/new_SOEM/SOEM-1.3.1/lib/linux/libsoem.a(ethercatprint.o)
 .text.ec_elist2string
                0x0000000000000000       0x15 /mnt/storageDevice/projects/learning_ethercat/new_SOEM/SOEM-1.3.1/lib/linux/libsoem.a(ethercatprint.o)
 .note.GNU-stack
                0x0000000000000000        0x0 /mnt/storageDevice/projects/learning_ethercat/new_SOEM/SOEM-1.3.1/lib/linux/libsoem.a(ethercatprint.o)
 .text          0x0000000000000000        0x0 /mnt/storageDevice/projects/learning_ethercat/new_SOEM/SOEM-1.3.1/lib/linux/libsoem.a(ethercatsoe.o)
 .data          0x0000000000000000        0x0 /mnt/storageDevice/projects/learning_ethercat/new_SOEM/SOEM-1.3.1/lib/linux/libsoem.a(ethercatsoe.o)
 .bss           0x0000000000000000        0x0 /mnt/storageDevice/projects/learning_ethercat/new_SOEM/SOEM-1.3.1/lib/linux/libsoem.a(ethercatsoe.o)
 .text.ecx_SoEwrite
                0x0000000000000000      0x476 /mnt/storageDevice/projects/learning_ethercat/new_SOEM/SOEM-1.3.1/lib/linux/libsoem.a(ethercatsoe.o)
 .text.ec_SoEread
                0x0000000000000000       0x64 /mnt/storageDevice/projects/learning_ethercat/new_SOEM/SOEM-1.3.1/lib/linux/libsoem.a(ethercatsoe.o)
 .text.ec_SoEwrite
                0x0000000000000000       0x64 /mnt/storageDevice/projects/learning_ethercat/new_SOEM/SOEM-1.3.1/lib/linux/libsoem.a(ethercatsoe.o)
 .text.ec_readIDNmap
                0x0000000000000000       0x37 /mnt/storageDevice/projects/learning_ethercat/new_SOEM/SOEM-1.3.1/lib/linux/libsoem.a(ethercatsoe.o)
 .note.GNU-stack
                0x0000000000000000        0x0 /mnt/storageDevice/projects/learning_ethercat/new_SOEM/SOEM-1.3.1/lib/linux/libsoem.a(ethercatsoe.o)
 .text          0x0000000000000000        0x0 /mnt/storageDevice/projects/learning_ethercat/new_SOEM/SOEM-1.3.1/lib/linux/libsoem.a(ethercatbase.o)
 .data          0x0000000000000000        0x0 /mnt/storageDevice/projects/learning_ethercat/new_SOEM/SOEM-1.3.1/lib/linux/libsoem.a(ethercatbase.o)
 .bss           0x0000000000000000        0x0 /mnt/storageDevice/projects/learning_ethercat/new_SOEM/SOEM-1.3.1/lib/linux/libsoem.a(ethercatbase.o)
 .text.ecx_ARMW
                0x0000000000000000      0x101 /mnt/storageDevice/projects/learning_ethercat/new_SOEM/SOEM-1.3.1/lib/linux/libsoem.a(ethercatbase.o)
 .text.ecx_FRMW
                0x0000000000000000      0x101 /mnt/storageDevice/projects/learning_ethercat/new_SOEM/SOEM-1.3.1/lib/linux/libsoem.a(ethercatbase.o)
 .text.ecx_LRW  0x0000000000000000      0x124 /mnt/storageDevice/projects/learning_ethercat/new_SOEM/SOEM-1.3.1/lib/linux/libsoem.a(ethercatbase.o)
 .text.ecx_LRD  0x0000000000000000      0x124 /mnt/storageDevice/projects/learning_ethercat/new_SOEM/SOEM-1.3.1/lib/linux/libsoem.a(ethercatbase.o)
 .text.ecx_LWR  0x0000000000000000       0xc9 /mnt/storageDevice/projects/learning_ethercat/new_SOEM/SOEM-1.3.1/lib/linux/libsoem.a(ethercatbase.o)
 .text.ecx_LRWDC
                0x0000000000000000      0x23b /mnt/storageDevice/projects/learning_ethercat/new_SOEM/SOEM-1.3.1/lib/linux/libsoem.a(ethercatbase.o)
 .text.ec_setupdatagram
                0x0000000000000000       0x6e /mnt/storageDevice/projects/learning_ethercat/new_SOEM/SOEM-1.3.1/lib/linux/libsoem.a(ethercatbase.o)
 .text.ec_adddatagram
                0x0000000000000000       0x83 /mnt/storageDevice/projects/learning_ethercat/new_SOEM/SOEM-1.3.1/lib/linux/libsoem.a(ethercatbase.o)
 .text.ec_BWR   0x0000000000000000       0x54 /mnt/storageDevice/projects/learning_ethercat/new_SOEM/SOEM-1.3.1/lib/linux/libsoem.a(ethercatbase.o)
 .text.ec_BRD   0x0000000000000000       0x54 /mnt/storageDevice/projects/learning_ethercat/new_SOEM/SOEM-1.3.1/lib/linux/libsoem.a(ethercatbase.o)
 .text.ec_APRD  0x0000000000000000       0x54 /mnt/storageDevice/projects/learning_ethercat/new_SOEM/SOEM-1.3.1/lib/linux/libsoem.a(ethercatbase.o)
 .text.ec_ARMW  0x0000000000000000       0x54 /mnt/storageDevice/projects/learning_ethercat/new_SOEM/SOEM-1.3.1/lib/linux/libsoem.a(ethercatbase.o)
 .text.ec_FRMW  0x0000000000000000       0x54 /mnt/storageDevice/projects/learning_ethercat/new_SOEM/SOEM-1.3.1/lib/linux/libsoem.a(ethercatbase.o)
 .text.ec_APRDw
                0x0000000000000000       0x73 /mnt/storageDevice/projects/learning_ethercat/new_SOEM/SOEM-1.3.1/lib/linux/libsoem.a(ethercatbase.o)
 .text.ec_FPRD  0x0000000000000000       0x54 /mnt/storageDevice/projects/learning_ethercat/new_SOEM/SOEM-1.3.1/lib/linux/libsoem.a(ethercatbase.o)
 .text.ec_FPRDw
                0x0000000000000000       0x73 /mnt/storageDevice/projects/learning_ethercat/new_SOEM/SOEM-1.3.1/lib/linux/libsoem.a(ethercatbase.o)
 .text.ec_APWR  0x0000000000000000       0x54 /mnt/storageDevice/projects/learning_ethercat/new_SOEM/SOEM-1.3.1/lib/linux/libsoem.a(ethercatbase.o)
 .text.ec_APWRw
                0x0000000000000000       0x45 /mnt/storageDevice/projects/learning_ethercat/new_SOEM/SOEM-1.3.1/lib/linux/libsoem.a(ethercatbase.o)
 .text.ec_FPWR  0x0000000000000000       0x54 /mnt/storageDevice/projects/learning_ethercat/new_SOEM/SOEM-1.3.1/lib/linux/libsoem.a(ethercatbase.o)
 .text.ec_FPWRw
                0x0000000000000000       0x45 /mnt/storageDevice/projects/learning_ethercat/new_SOEM/SOEM-1.3.1/lib/linux/libsoem.a(ethercatbase.o)
 .text.ec_LRW   0x0000000000000000       0x40 /mnt/storageDevice/projects/learning_ethercat/new_SOEM/SOEM-1.3.1/lib/linux/libsoem.a(ethercatbase.o)
 .text.ec_LRD   0x0000000000000000       0x40 /mnt/storageDevice/projects/learning_ethercat/new_SOEM/SOEM-1.3.1/lib/linux/libsoem.a(ethercatbase.o)
 .text.ec_LWR   0x0000000000000000       0x40 /mnt/storageDevice/projects/learning_ethercat/new_SOEM/SOEM-1.3.1/lib/linux/libsoem.a(ethercatbase.o)
 .text.ec_LRWDC
                0x0000000000000000       0x61 /mnt/storageDevice/projects/learning_ethercat/new_SOEM/SOEM-1.3.1/lib/linux/libsoem.a(ethercatbase.o)
 .note.GNU-stack
                0x0000000000000000        0x0 /mnt/storageDevice/projects/learning_ethercat/new_SOEM/SOEM-1.3.1/lib/linux/libsoem.a(ethercatbase.o)
 .text          0x0000000000000000        0x0 /mnt/storageDevice/projects/learning_ethercat/new_SOEM/SOEM-1.3.1/lib/linux/libsoem.a(ethercatcoe.o)
 .data          0x0000000000000000        0x0 /mnt/storageDevice/projects/learning_ethercat/new_SOEM/SOEM-1.3.1/lib/linux/libsoem.a(ethercatcoe.o)
 .bss           0x0000000000000000        0x0 /mnt/storageDevice/projects/learning_ethercat/new_SOEM/SOEM-1.3.1/lib/linux/libsoem.a(ethercatcoe.o)
 .text.ecx_SDOinfoerror
                0x0000000000000000       0xb0 /mnt/storageDevice/projects/learning_ethercat/new_SOEM/SOEM-1.3.1/lib/linux/libsoem.a(ethercatcoe.o)
 .text.ecx_SDOwrite
                0x0000000000000000      0x87f /mnt/storageDevice/projects/learning_ethercat/new_SOEM/SOEM-1.3.1/lib/linux/libsoem.a(ethercatcoe.o)
 .text.ecx_RxPDO
                0x0000000000000000      0x1f3 /mnt/storageDevice/projects/learning_ethercat/new_SOEM/SOEM-1.3.1/lib/linux/libsoem.a(ethercatcoe.o)
 .text.ecx_TxPDO
                0x0000000000000000      0x2d7 /mnt/storageDevice/projects/learning_ethercat/new_SOEM/SOEM-1.3.1/lib/linux/libsoem.a(ethercatcoe.o)
 .text.ecx_readODlist
                0x0000000000000000      0x42b /mnt/storageDevice/projects/learning_ethercat/new_SOEM/SOEM-1.3.1/lib/linux/libsoem.a(ethercatcoe.o)
 .text.ecx_readODdescription
                0x0000000000000000      0x417 /mnt/storageDevice/projects/learning_ethercat/new_SOEM/SOEM-1.3.1/lib/linux/libsoem.a(ethercatcoe.o)
 .text.ecx_readOEsingle
                0x0000000000000000      0x3f9 /mnt/storageDevice/projects/learning_ethercat/new_SOEM/SOEM-1.3.1/lib/linux/libsoem.a(ethercatcoe.o)
 .text.ecx_readOE
                0x0000000000000000       0x97 /mnt/storageDevice/projects/learning_ethercat/new_SOEM/SOEM-1.3.1/lib/linux/libsoem.a(ethercatcoe.o)
 .text.ec_SDOerror
                0x0000000000000000       0x44 /mnt/storageDevice/projects/learning_ethercat/new_SOEM/SOEM-1.3.1/lib/linux/libsoem.a(ethercatcoe.o)
 .text.ec_SDOread
                0x0000000000000000       0x64 /mnt/storageDevice/projects/learning_ethercat/new_SOEM/SOEM-1.3.1/lib/linux/libsoem.a(ethercatcoe.o)
 .text.ec_SDOwrite
                0x0000000000000000       0x64 /mnt/storageDevice/projects/learning_ethercat/new_SOEM/SOEM-1.3.1/lib/linux/libsoem.a(ethercatcoe.o)
 .text.ec_RxPDO
                0x0000000000000000       0x44 /mnt/storageDevice/projects/learning_ethercat/new_SOEM/SOEM-1.3.1/lib/linux/libsoem.a(ethercatcoe.o)
 .text.ec_TxPDO
                0x0000000000000000       0x52 /mnt/storageDevice/projects/learning_ethercat/new_SOEM/SOEM-1.3.1/lib/linux/libsoem.a(ethercatcoe.o)
 .text.ec_readPDOassign
                0x0000000000000000       0x2f /mnt/storageDevice/projects/learning_ethercat/new_SOEM/SOEM-1.3.1/lib/linux/libsoem.a(ethercatcoe.o)
 .text.ec_readPDOassignCA
                0x0000000000000000       0x2f /mnt/storageDevice/projects/learning_ethercat/new_SOEM/SOEM-1.3.1/lib/linux/libsoem.a(ethercatcoe.o)
 .text.ec_readPDOmap
                0x0000000000000000       0x37 /mnt/storageDevice/projects/learning_ethercat/new_SOEM/SOEM-1.3.1/lib/linux/libsoem.a(ethercatcoe.o)
 .text.ec_readPDOmapCA
                0x0000000000000000       0x37 /mnt/storageDevice/projects/learning_ethercat/new_SOEM/SOEM-1.3.1/lib/linux/libsoem.a(ethercatcoe.o)
 .text.ec_readODlist
                0x0000000000000000       0x2b /mnt/storageDevice/projects/learning_ethercat/new_SOEM/SOEM-1.3.1/lib/linux/libsoem.a(ethercatcoe.o)
 .text.ec_readODdescription
                0x0000000000000000       0x2b /mnt/storageDevice/projects/learning_ethercat/new_SOEM/SOEM-1.3.1/lib/linux/libsoem.a(ethercatcoe.o)
 .text.ec_readOEsingle
                0x0000000000000000       0x45 /mnt/storageDevice/projects/learning_ethercat/new_SOEM/SOEM-1.3.1/lib/linux/libsoem.a(ethercatcoe.o)
 .text.ec_readOE
                0x0000000000000000       0x37 /mnt/storageDevice/projects/learning_ethercat/new_SOEM/SOEM-1.3.1/lib/linux/libsoem.a(ethercatcoe.o)
 .note.GNU-stack
                0x0000000000000000        0x0 /mnt/storageDevice/projects/learning_ethercat/new_SOEM/SOEM-1.3.1/lib/linux/libsoem.a(ethercatcoe.o)
 .data          0x0000000000000000        0x0 /usr/lib/x86_64-linux-gnu/libc_nonshared.a(elf-init.oS)
 .bss           0x0000000000000000        0x0 /usr/lib/x86_64-linux-gnu/libc_nonshared.a(elf-init.oS)
 .note.GNU-stack
                0x0000000000000000        0x0 /usr/lib/x86_64-linux-gnu/libc_nonshared.a(elf-init.oS)
 .text          0x0000000000000000        0x0 /mnt/storageDevice/projects/learning_ethercat/new_SOEM/SOEM-1.3.1/lib/linux/liboshw.a(nicdrv.o)
 .data          0x0000000000000000        0x0 /mnt/storageDevice/projects/learning_ethercat/new_SOEM/SOEM-1.3.1/lib/linux/liboshw.a(nicdrv.o)
 .bss           0x0000000000000000        0x0 /mnt/storageDevice/projects/learning_ethercat/new_SOEM/SOEM-1.3.1/lib/linux/liboshw.a(nicdrv.o)
 .rodata        0x0000000000000000        0xc /mnt/storageDevice/projects/learning_ethercat/new_SOEM/SOEM-1.3.1/lib/linux/liboshw.a(nicdrv.o)
 .text.ec_setupnic
                0x0000000000000000       0x2a /mnt/storageDevice/projects/learning_ethercat/new_SOEM/SOEM-1.3.1/lib/linux/liboshw.a(nicdrv.o)
 .text.ec_closenic
                0x0000000000000000       0x15 /mnt/storageDevice/projects/learning_ethercat/new_SOEM/SOEM-1.3.1/lib/linux/liboshw.a(nicdrv.o)
 .text.ec_getindex
                0x0000000000000000       0x15 /mnt/storageDevice/projects/learning_ethercat/new_SOEM/SOEM-1.3.1/lib/linux/liboshw.a(nicdrv.o)
 .text.ec_setbufstat
                0x0000000000000000       0x26 /mnt/storageDevice/projects/learning_ethercat/new_SOEM/SOEM-1.3.1/lib/linux/liboshw.a(nicdrv.o)
 .text.ec_outframe
                0x0000000000000000       0x27 /mnt/storageDevice/projects/learning_ethercat/new_SOEM/SOEM-1.3.1/lib/linux/liboshw.a(nicdrv.o)
 .text.ec_outframe_red
                0x0000000000000000       0x1f /mnt/storageDevice/projects/learning_ethercat/new_SOEM/SOEM-1.3.1/lib/linux/liboshw.a(nicdrv.o)
 .text.ec_inframe
                0x0000000000000000       0x27 /mnt/storageDevice/projects/learning_ethercat/new_SOEM/SOEM-1.3.1/lib/linux/liboshw.a(nicdrv.o)
 .text.ec_waitinframe
                0x0000000000000000       0x27 /mnt/storageDevice/projects/learning_ethercat/new_SOEM/SOEM-1.3.1/lib/linux/liboshw.a(nicdrv.o)
 .text.ec_srconfirm
                0x0000000000000000       0x27 /mnt/storageDevice/projects/learning_ethercat/new_SOEM/SOEM-1.3.1/lib/linux/liboshw.a(nicdrv.o)
 .note.GNU-stack
                0x0000000000000000        0x0 /mnt/storageDevice/projects/learning_ethercat/new_SOEM/SOEM-1.3.1/lib/linux/liboshw.a(nicdrv.o)
 .text          0x0000000000000000        0x0 /mnt/storageDevice/projects/learning_ethercat/new_SOEM/SOEM-1.3.1/lib/linux/liboshw.a(oshw.o)
 .data          0x0000000000000000        0x0 /mnt/storageDevice/projects/learning_ethercat/new_SOEM/SOEM-1.3.1/lib/linux/liboshw.a(oshw.o)
 .bss           0x0000000000000000        0x0 /mnt/storageDevice/projects/learning_ethercat/new_SOEM/SOEM-1.3.1/lib/linux/liboshw.a(oshw.o)
 .text.oshw_htons
                0x0000000000000000       0x26 /mnt/storageDevice/projects/learning_ethercat/new_SOEM/SOEM-1.3.1/lib/linux/liboshw.a(oshw.o)
 .text.oshw_ntohs
                0x0000000000000000       0x26 /mnt/storageDevice/projects/learning_ethercat/new_SOEM/SOEM-1.3.1/lib/linux/liboshw.a(oshw.o)
 .text.oshw_find_adapters
                0x0000000000000000      0x19e /mnt/storageDevice/projects/learning_ethercat/new_SOEM/SOEM-1.3.1/lib/linux/liboshw.a(oshw.o)
 .text.oshw_free_adapters
                0x0000000000000000       0x67 /mnt/storageDevice/projects/learning_ethercat/new_SOEM/SOEM-1.3.1/lib/linux/liboshw.a(oshw.o)
 .note.GNU-stack
                0x0000000000000000        0x0 /mnt/storageDevice/projects/learning_ethercat/new_SOEM/SOEM-1.3.1/lib/linux/liboshw.a(oshw.o)
 .text          0x0000000000000000        0x0 /usr/lib/gcc/x86_64-linux-gnu/7/crtendS.o
 .data          0x0000000000000000        0x0 /usr/lib/gcc/x86_64-linux-gnu/7/crtendS.o
 .bss           0x0000000000000000        0x0 /usr/lib/gcc/x86_64-linux-gnu/7/crtendS.o
 .note.GNU-stack
                0x0000000000000000        0x0 /usr/lib/gcc/x86_64-linux-gnu/7/crtendS.o
 .text          0x0000000000000000        0x0 /usr/lib/gcc/x86_64-linux-gnu/7/../../../x86_64-linux-gnu/crtn.o
 .data          0x0000000000000000        0x0 /usr/lib/gcc/x86_64-linux-gnu/7/../../../x86_64-linux-gnu/crtn.o
 .bss           0x0000000000000000        0x0 /usr/lib/gcc/x86_64-linux-gnu/7/../../../x86_64-linux-gnu/crtn.o
 .note.GNU-stack
                0x0000000000000000        0x0 /usr/lib/gcc/x86_64-linux-gnu/7/../../../x86_64-linux-gnu/crtn.o

Memory Configuration

Name             Origin             Length             Attributes
*default*        0x0000000000000000 0xffffffffffffffff

Linker script and memory map

LOAD /usr/lib/gcc/x86_64-linux-gnu/7/../../../x86_64-linux-gnu/Scrt1.o
LOAD /usr/lib/gcc/x86_64-linux-gnu/7/../../../x86_64-linux-gnu/crti.o
LOAD /usr/lib/gcc/x86_64-linux-gnu/7/crtbeginS.o
LOAD obj/linux/simple_test.o
START GROUP
LOAD /mnt/storageDevice/projects/learning_ethercat/new_SOEM/SOEM-1.3.1/lib/linux/liboshw.a
LOAD /mnt/storageDevice/projects/learning_ethercat/new_SOEM/SOEM-1.3.1/lib/linux/libosal.a
LOAD /mnt/storageDevice/projects/learning_ethercat/new_SOEM/SOEM-1.3.1/lib/linux/libsoem.a
LOAD /usr/lib/gcc/x86_64-linux-gnu/7/../../../x86_64-linux-gnu/libc.so
START GROUP
LOAD /lib/x86_64-linux-gnu/libc.so.6
LOAD /usr/lib/x86_64-linux-gnu/libc_nonshared.a
LOAD /lib/x86_64-linux-gnu/ld-linux-x86-64.so.2
END GROUP
LOAD /usr/lib/gcc/x86_64-linux-gnu/7/../../../x86_64-linux-gnu/libm.so
START GROUP
LOAD /lib/x86_64-linux-gnu/libm.so.6
LOAD /usr/lib/x86_64-linux-gnu/libmvec_nonshared.a
LOAD /lib/x86_64-linux-gnu/libmvec.so.1
END GROUP
END GROUP
LOAD /usr/lib/gcc/x86_64-linux-gnu/7/../../../x86_64-linux-gnu/libpthread.so
START GROUP
LOAD /lib/x86_64-linux-gnu/libpthread.so.0
LOAD /usr/lib/x86_64-linux-gnu/libpthread_nonshared.a
END GROUP
LOAD /usr/lib/gcc/x86_64-linux-gnu/7/../../../x86_64-linux-gnu/librt.so
LOAD /usr/lib/gcc/x86_64-linux-gnu/7/libgcc.a
LOAD /usr/lib/gcc/x86_64-linux-gnu/7/libgcc_s.so
START GROUP
LOAD /usr/lib/gcc/x86_64-linux-gnu/7/libgcc_s.so.1
LOAD /usr/lib/gcc/x86_64-linux-gnu/7/libgcc.a
END GROUP
LOAD /usr/lib/gcc/x86_64-linux-gnu/7/../../../x86_64-linux-gnu/libc.so
START GROUP
LOAD /lib/x86_64-linux-gnu/libc.so.6
LOAD /usr/lib/x86_64-linux-gnu/libc_nonshared.a
LOAD /lib/x86_64-linux-gnu/ld-linux-x86-64.so.2
END GROUP
LOAD /usr/lib/gcc/x86_64-linux-gnu/7/libgcc.a
LOAD /usr/lib/gcc/x86_64-linux-gnu/7/libgcc_s.so
START GROUP
LOAD /usr/lib/gcc/x86_64-linux-gnu/7/libgcc_s.so.1
LOAD /usr/lib/gcc/x86_64-linux-gnu/7/libgcc.a
END GROUP
LOAD /usr/lib/gcc/x86_64-linux-gnu/7/crtendS.o
LOAD /usr/lib/gcc/x86_64-linux-gnu/7/../../../x86_64-linux-gnu/crtn.o
                [!provide]                        PROVIDE (__executable_start = SEGMENT_START ("text-segment", 0x0))
                0x0000000000000238                . = (SEGMENT_START ("text-segment", 0x0) + SIZEOF_HEADERS)

.interp         0x0000000000000238       0x1c
 *(.interp)
 .interp        0x0000000000000238       0x1c /usr/lib/gcc/x86_64-linux-gnu/7/../../../x86_64-linux-gnu/Scrt1.o

.note.ABI-tag   0x0000000000000254       0x20
 .note.ABI-tag  0x0000000000000254       0x20 /usr/lib/gcc/x86_64-linux-gnu/7/../../../x86_64-linux-gnu/Scrt1.o

.note.gnu.build-id
                0x0000000000000274       0x24
 *(.note.gnu.build-id)
 .note.gnu.build-id
                0x0000000000000274       0x24 /usr/lib/gcc/x86_64-linux-gnu/7/../../../x86_64-linux-gnu/Scrt1.o

.hash
 *(.hash)

.gnu.hash       0x0000000000000298       0x1c
 *(.gnu.hash)
 .gnu.hash      0x0000000000000298       0x1c /usr/lib/gcc/x86_64-linux-gnu/7/../../../x86_64-linux-gnu/Scrt1.o

.dynsym         0x00000000000002b8      0x318
 *(.dynsym)
 .dynsym        0x00000000000002b8      0x318 /usr/lib/gcc/x86_64-linux-gnu/7/../../../x86_64-linux-gnu/Scrt1.o

.dynstr         0x00000000000005d0      0x1bc
 *(.dynstr)
 .dynstr        0x00000000000005d0      0x1bc /usr/lib/gcc/x86_64-linux-gnu/7/../../../x86_64-linux-gnu/Scrt1.o

.gnu.version    0x000000000000078c       0x42
 *(.gnu.version)
 .gnu.version   0x000000000000078c       0x42 /usr/lib/gcc/x86_64-linux-gnu/7/../../../x86_64-linux-gnu/Scrt1.o

.gnu.version_d  0x00000000000007d0        0x0
 *(.gnu.version_d)
 .gnu.version_d
                0x00000000000007d0        0x0 /usr/lib/gcc/x86_64-linux-gnu/7/../../../x86_64-linux-gnu/Scrt1.o

.gnu.version_r  0x00000000000007d0       0x70
 *(.gnu.version_r)
 .gnu.version_r
                0x00000000000007d0       0x70 /usr/lib/gcc/x86_64-linux-gnu/7/../../../x86_64-linux-gnu/Scrt1.o

.rela.dyn       0x0000000000000840      0x240
 *(.rela.init)
 *(.rela.text .rela.text.* .rela.gnu.linkonce.t.*)
 .rela.text.simpletest
                0x0000000000000840        0x0 /usr/lib/gcc/x86_64-linux-gnu/7/../../../x86_64-linux-gnu/Scrt1.o
 .rela.text.ecatcheck
                0x0000000000000840        0x0 /usr/lib/gcc/x86_64-linux-gnu/7/../../../x86_64-linux-gnu/Scrt1.o
 .rela.text.main
                0x0000000000000840        0x0 /usr/lib/gcc/x86_64-linux-gnu/7/../../../x86_64-linux-gnu/Scrt1.o
 .rela.text.ecx_find_mapt
                0x0000000000000840        0x0 /usr/lib/gcc/x86_64-linux-gnu/7/../../../x86_64-linux-gnu/Scrt1.o
 .rela.text.ecx_get_threadcount
                0x0000000000000840        0x0 /usr/lib/gcc/x86_64-linux-gnu/7/../../../x86_64-linux-gnu/Scrt1.o
 .rela.text.ecx_config_map_group
                0x0000000000000840        0x0 /usr/lib/gcc/x86_64-linux-gnu/7/../../../x86_64-linux-gnu/Scrt1.o
 .rela.text.ecx_elist2string
                0x0000000000000840        0x0 /usr/lib/gcc/x86_64-linux-gnu/7/../../../x86_64-linux-gnu/Scrt1.o
 .rela.text     0x0000000000000840        0x0 /usr/lib/gcc/x86_64-linux-gnu/7/../../../x86_64-linux-gnu/Scrt1.o
 *(.rela.fini)
 *(.rela.rodata .rela.rodata.* .rela.gnu.linkonce.r.*)
 *(.rela.data .rela.data.* .rela.gnu.linkonce.d.*)
 .rela.data.rel.ro
                0x0000000000000840        0x0 /usr/lib/gcc/x86_64-linux-gnu/7/../../../x86_64-linux-gnu/Scrt1.o
 .rela.data.rel.local
                0x0000000000000840      0x180 /usr/lib/gcc/x86_64-linux-gnu/7/../../../x86_64-linux-gnu/Scrt1.o
 *(.rela.tdata .rela.tdata.* .rela.gnu.linkonce.td.*)
 *(.rela.tbss .rela.tbss.* .rela.gnu.linkonce.tb.*)
 *(.rela.ctors)
 *(.rela.dtors)
 *(.rela.got)
 .rela.got      0x00000000000009c0       0x90 /usr/lib/gcc/x86_64-linux-gnu/7/../../../x86_64-linux-gnu/Scrt1.o
 *(.rela.bss .rela.bss.* .rela.gnu.linkonce.b.*)
 .rela.bss      0x0000000000000a50        0x0 /usr/lib/gcc/x86_64-linux-gnu/7/../../../x86_64-linux-gnu/Scrt1.o
 *(.rela.ldata .rela.ldata.* .rela.gnu.linkonce.l.*)
 *(.rela.lbss .rela.lbss.* .rela.gnu.linkonce.lb.*)
 *(.rela.lrodata .rela.lrodata.* .rela.gnu.linkonce.lr.*)
 *(.rela.ifunc)
 .rela.ifunc    0x0000000000000a50        0x0 /usr/lib/gcc/x86_64-linux-gnu/7/../../../x86_64-linux-gnu/Scrt1.o
 .rela.fini_array
                0x0000000000000a50       0x18 /usr/lib/gcc/x86_64-linux-gnu/7/../../../x86_64-linux-gnu/Scrt1.o
 .rela.init_array
                0x0000000000000a68       0x18 /usr/lib/gcc/x86_64-linux-gnu/7/../../../x86_64-linux-gnu/Scrt1.o

.rela.plt       0x0000000000000a80      0x270
 *(.rela.plt)
 .rela.plt      0x0000000000000a80      0x270 /usr/lib/gcc/x86_64-linux-gnu/7/../../../x86_64-linux-gnu/Scrt1.o
                [!provide]                        PROVIDE (__rela_iplt_start = .)
 *(.rela.iplt)
                [!provide]                        PROVIDE (__rela_iplt_end = .)

.init           0x0000000000000cf0       0x17
 *(SORT_NONE(.init))
 .init          0x0000000000000cf0       0x12 /usr/lib/gcc/x86_64-linux-gnu/7/../../../x86_64-linux-gnu/crti.o
                0x0000000000000cf0                _init
 .init          0x0000000000000d02        0x5 /usr/lib/gcc/x86_64-linux-gnu/7/../../../x86_64-linux-gnu/crtn.o

.plt            0x0000000000000d10      0x1b0
 *(.plt)
 .plt           0x0000000000000d10      0x1b0 /usr/lib/gcc/x86_64-linux-gnu/7/../../../x86_64-linux-gnu/Scrt1.o
 *(.iplt)

.plt.got        0x0000000000000ec0        0x8
 *(.plt.got)
 .plt.got       0x0000000000000ec0        0x8 /usr/lib/gcc/x86_64-linux-gnu/7/../../../x86_64-linux-gnu/Scrt1.o

.plt.sec
 *(.plt.sec)

.text           0x0000000000000ed0     0xf88f
 *(.text.unlikely .text.*_unlikely .text.unlikely.*)
 *(.text.exit .text.exit.*)
 *(.text.startup .text.startup.*)
 *(.text.hot .text.hot.*)
 *(.text .stub .text.* .gnu.linkonce.t.*)
 .text          0x0000000000000ed0       0x2b /usr/lib/gcc/x86_64-linux-gnu/7/../../../x86_64-linux-gnu/Scrt1.o
                0x0000000000000ed0                _start
 *fill*         0x0000000000000efb        0x5 
 .text          0x0000000000000f00       0xda /usr/lib/gcc/x86_64-linux-gnu/7/crtbeginS.o
 .text.simpletest
                0x0000000000000fda      0x4ca obj/linux/simple_test.o
                0x0000000000000fda                simpletest
 .text.ecatcheck
                0x00000000000014a4      0x4cd obj/linux/simple_test.o
                0x00000000000014a4                ecatcheck
 .text.main     0x0000000000001971       0x78 obj/linux/simple_test.o
                0x0000000000001971                main
 .text.osal_usleep
                0x00000000000019e9       0x84 /mnt/storageDevice/projects/learning_ethercat/new_SOEM/SOEM-1.3.1/lib/linux/libosal.a(osal.o)
                0x00000000000019e9                osal_usleep
 .text.osal_gettimeofday
                0x0000000000001a6d       0x8a /mnt/storageDevice/projects/learning_ethercat/new_SOEM/SOEM-1.3.1/lib/linux/libosal.a(osal.o)
                0x0000000000001a6d                osal_gettimeofday
 .text.osal_current_time
                0x0000000000001af7       0x57 /mnt/storageDevice/projects/learning_ethercat/new_SOEM/SOEM-1.3.1/lib/linux/libosal.a(osal.o)
                0x0000000000001af7                osal_current_time
 .text.osal_timer_start
                0x0000000000001b4e       0xf0 /mnt/storageDevice/projects/learning_ethercat/new_SOEM/SOEM-1.3.1/lib/linux/libosal.a(osal.o)
                0x0000000000001b4e                osal_timer_start
 .text.osal_timer_is_expired
                0x0000000000001c3e       0xa5 /mnt/storageDevice/projects/learning_ethercat/new_SOEM/SOEM-1.3.1/lib/linux/libosal.a(osal.o)
                0x0000000000001c3e                osal_timer_is_expired
 .text.osal_thread_create
                0x0000000000001ce3       0xa0 /mnt/storageDevice/projects/learning_ethercat/new_SOEM/SOEM-1.3.1/lib/linux/libosal.a(osal.o)
                0x0000000000001ce3                osal_thread_create
 .text.ec_findconfig
                0x0000000000001d83       0xc0 /mnt/storageDevice/projects/learning_ethercat/new_SOEM/SOEM-1.3.1/lib/linux/libsoem.a(ethercatconfig.o)
                0x0000000000001d83                ec_findconfig
 .text.ecx_init_context
                0x0000000000001e43       0xd8 /mnt/storageDevice/projects/learning_ethercat/new_SOEM/SOEM-1.3.1/lib/linux/libsoem.a(ethercatconfig.o)
                0x0000000000001e43                ecx_init_context
 .text.ecx_detect_slaves
                0x0000000000001f1b      0x10f /mnt/storageDevice/projects/learning_ethercat/new_SOEM/SOEM-1.3.1/lib/linux/libsoem.a(ethercatconfig.o)
                0x0000000000001f1b                ecx_detect_slaves
 .text.ecx_set_slaves_to_default
                0x000000000000202a      0x295 /mnt/storageDevice/projects/learning_ethercat/new_SOEM/SOEM-1.3.1/lib/linux/libsoem.a(ethercatconfig.o)
 .text.ecx_config_from_table
                0x00000000000022bf      0x3cc /mnt/storageDevice/projects/learning_ethercat/new_SOEM/SOEM-1.3.1/lib/linux/libsoem.a(ethercatconfig.o)
 .text.ecx_lookup_prev_sii
                0x000000000000268b      0x751 /mnt/storageDevice/projects/learning_ethercat/new_SOEM/SOEM-1.3.1/lib/linux/libsoem.a(ethercatconfig.o)
 .text.ecx_config_init
                0x0000000000002ddc     0x1790 /mnt/storageDevice/projects/learning_ethercat/new_SOEM/SOEM-1.3.1/lib/linux/libsoem.a(ethercatconfig.o)
                0x0000000000002ddc                ecx_config_init
 .text.ecx_lookup_mapping
                0x000000000000456c      0x33b /mnt/storageDevice/projects/learning_ethercat/new_SOEM/SOEM-1.3.1/lib/linux/libsoem.a(ethercatconfig.o)
 .text.ecx_map_coe_soe
                0x00000000000048a7      0x31d /mnt/storageDevice/projects/learning_ethercat/new_SOEM/SOEM-1.3.1/lib/linux/libsoem.a(ethercatconfig.o)
 .text.ecx_map_sii
                0x0000000000004bc4      0x332 /mnt/storageDevice/projects/learning_ethercat/new_SOEM/SOEM-1.3.1/lib/linux/libsoem.a(ethercatconfig.o)
 .text.ecx_map_sm
                0x0000000000004ef6      0x45f /mnt/storageDevice/projects/learning_ethercat/new_SOEM/SOEM-1.3.1/lib/linux/libsoem.a(ethercatconfig.o)
 .text.ecx_mapper_thread
                0x0000000000005355       0x43 /mnt/storageDevice/projects/learning_ethercat/new_SOEM/SOEM-1.3.1/lib/linux/libsoem.a(ethercatconfig.o)
                0x0000000000005355                ecx_mapper_thread
 .text.ecx_find_mapt
                0x0000000000005398       0x4d /mnt/storageDevice/projects/learning_ethercat/new_SOEM/SOEM-1.3.1/lib/linux/libsoem.a(ethercatconfig.o)
 .text.ecx_get_threadcount
                0x00000000000053e5       0x48 /mnt/storageDevice/projects/learning_ethercat/new_SOEM/SOEM-1.3.1/lib/linux/libsoem.a(ethercatconfig.o)
 .text.ecx_config_map_group
                0x000000000000542d     0x1dc0 /mnt/storageDevice/projects/learning_ethercat/new_SOEM/SOEM-1.3.1/lib/linux/libsoem.a(ethercatconfig.o)
                0x000000000000542d                ecx_config_map_group
 .text.ecx_recover_slave
                0x00000000000071ed      0x39c /mnt/storageDevice/projects/learning_ethercat/new_SOEM/SOEM-1.3.1/lib/linux/libsoem.a(ethercatconfig.o)
                0x00000000000071ed                ecx_recover_slave
 .text.ecx_reconfig_slave
                0x0000000000007589      0x34c /mnt/storageDevice/projects/learning_ethercat/new_SOEM/SOEM-1.3.1/lib/linux/libsoem.a(ethercatconfig.o)
                0x0000000000007589                ecx_reconfig_slave
 .text.ec_config_init
                0x00000000000078d5       0x22 /mnt/storageDevice/projects/learning_ethercat/new_SOEM/SOEM-1.3.1/lib/linux/libsoem.a(ethercatconfig.o)
                0x00000000000078d5                ec_config_init
 .text.ec_config_map_group
                0x00000000000078f7       0x2d /mnt/storageDevice/projects/learning_ethercat/new_SOEM/SOEM-1.3.1/lib/linux/libsoem.a(ethercatconfig.o)
                0x00000000000078f7                ec_config_map_group
 .text.ec_config_map
                0x0000000000007924       0x20 /mnt/storageDevice/projects/learning_ethercat/new_SOEM/SOEM-1.3.1/lib/linux/libsoem.a(ethercatconfig.o)
                0x0000000000007924                ec_config_map
 .text.ec_recover_slave
                0x0000000000007944       0x2b /mnt/storageDevice/projects/learning_ethercat/new_SOEM/SOEM-1.3.1/lib/linux/libsoem.a(ethercatconfig.o)
                0x0000000000007944                ec_recover_slave
 .text.ec_reconfig_slave
                0x000000000000796f       0x2b /mnt/storageDevice/projects/learning_ethercat/new_SOEM/SOEM-1.3.1/lib/linux/libsoem.a(ethercatconfig.o)
                0x000000000000796f                ec_reconfig_slave
 .text.ecx_porttime
                0x000000000000799a      0x118 /mnt/storageDevice/projects/learning_ethercat/new_SOEM/SOEM-1.3.1/lib/linux/libsoem.a(ethercatdc.o)
 .text.ecx_prevport
                0x0000000000007ab2      0x184 /mnt/storageDevice/projects/learning_ethercat/new_SOEM/SOEM-1.3.1/lib/linux/libsoem.a(ethercatdc.o)
 .text.ecx_parentport
                0x0000000000007c36       0xd8 /mnt/storageDevice/projects/learning_ethercat/new_SOEM/SOEM-1.3.1/lib/linux/libsoem.a(ethercatdc.o)
 .text.ecx_configdc
                0x0000000000007d0e      0xe04 /mnt/storageDevice/projects/learning_ethercat/new_SOEM/SOEM-1.3.1/lib/linux/libsoem.a(ethercatdc.o)
                0x0000000000007d0e                ecx_configdc
 .text.ec_configdc
                0x0000000000008b12       0x15 /mnt/storageDevice/projects/learning_ethercat/new_SOEM/SOEM-1.3.1/lib/linux/libsoem.a(ethercatdc.o)
                0x0000000000008b12                ec_configdc
 .text.ecx_pusherror
                0x0000000000008b27      0x11c /mnt/storageDevice/projects/learning_ethercat/new_SOEM/SOEM-1.3.1/lib/linux/libsoem.a(ethercatmain.o)
                0x0000000000008b27                ecx_pusherror
 .text.ecx_poperror
                0x0000000000008c43       0xfd /mnt/storageDevice/projects/learning_ethercat/new_SOEM/SOEM-1.3.1/lib/linux/libsoem.a(ethercatmain.o)
                0x0000000000008c43                ecx_poperror
 .text.ecx_packeterror
                0x0000000000008d40       0xc1 /mnt/storageDevice/projects/learning_ethercat/new_SOEM/SOEM-1.3.1/lib/linux/libsoem.a(ethercatmain.o)
                0x0000000000008d40                ecx_packeterror
 .text.ecx_mbxerror
                0x0000000000008e01       0xa0 /mnt/storageDevice/projects/learning_ethercat/new_SOEM/SOEM-1.3.1/lib/linux/libsoem.a(ethercatmain.o)
 .text.ecx_mbxemergencyerror
                0x0000000000008ea1       0xed /mnt/storageDevice/projects/learning_ethercat/new_SOEM/SOEM-1.3.1/lib/linux/libsoem.a(ethercatmain.o)
 .text.ecx_init
                0x0000000000008f8e       0x2e /mnt/storageDevice/projects/learning_ethercat/new_SOEM/SOEM-1.3.1/lib/linux/libsoem.a(ethercatmain.o)
                0x0000000000008f8e                ecx_init
 .text.ecx_close
                0x0000000000008fbc       0x1f /mnt/storageDevice/projects/learning_ethercat/new_SOEM/SOEM-1.3.1/lib/linux/libsoem.a(ethercatmain.o)
                0x0000000000008fbc                ecx_close
 .text.ecx_siigetbyte
                0x0000000000008fdb      0x2a9 /mnt/storageDevice/projects/learning_ethercat/new_SOEM/SOEM-1.3.1/lib/linux/libsoem.a(ethercatmain.o)
                0x0000000000008fdb                ecx_siigetbyte
 .text.ecx_siifind
                0x0000000000009284      0x1d4 /mnt/storageDevice/projects/learning_ethercat/new_SOEM/SOEM-1.3.1/lib/linux/libsoem.a(ethercatmain.o)
                0x0000000000009284                ecx_siifind
 .text.ecx_siistring
                0x0000000000009458      0x1e8 /mnt/storageDevice/projects/learning_ethercat/new_SOEM/SOEM-1.3.1/lib/linux/libsoem.a(ethercatmain.o)
                0x0000000000009458                ecx_siistring
 .text.ecx_siiFMMU
                0x0000000000009640      0x226 /mnt/storageDevice/projects/learning_ethercat/new_SOEM/SOEM-1.3.1/lib/linux/libsoem.a(ethercatmain.o)
                0x0000000000009640                ecx_siiFMMU
 .text.ecx_siiSM
                0x0000000000009866      0x2c2 /mnt/storageDevice/projects/learning_ethercat/new_SOEM/SOEM-1.3.1/lib/linux/libsoem.a(ethercatmain.o)
                0x0000000000009866                ecx_siiSM
 .text.ecx_siiSMnext
                0x0000000000009b28      0x249 /mnt/storageDevice/projects/learning_ethercat/new_SOEM/SOEM-1.3.1/lib/linux/libsoem.a(ethercatmain.o)
                0x0000000000009b28                ecx_siiSMnext
 .text.ecx_siiPDO
                0x0000000000009d71      0x4e8 /mnt/storageDevice/projects/learning_ethercat/new_SOEM/SOEM-1.3.1/lib/linux/libsoem.a(ethercatmain.o)
                0x0000000000009d71                ecx_siiPDO
 .text.ecx_FPRD_multi
                0x000000000000a259      0x301 /mnt/storageDevice/projects/learning_ethercat/new_SOEM/SOEM-1.3.1/lib/linux/libsoem.a(ethercatmain.o)
                0x000000000000a259                ecx_FPRD_multi
 .text.ecx_readstate
                0x000000000000a55a      0x336 /mnt/storageDevice/projects/learning_ethercat/new_SOEM/SOEM-1.3.1/lib/linux/libsoem.a(ethercatmain.o)
                0x000000000000a55a                ecx_readstate
 .text.ecx_writestate
                0x000000000000a890      0x121 /mnt/storageDevice/projects/learning_ethercat/new_SOEM/SOEM-1.3.1/lib/linux/libsoem.a(ethercatmain.o)
                0x000000000000a890                ecx_writestate
 .text.ecx_statecheck
                0x000000000000a9b1      0x1da /mnt/storageDevice/projects/learning_ethercat/new_SOEM/SOEM-1.3.1/lib/linux/libsoem.a(ethercatmain.o)
                0x000000000000a9b1                ecx_statecheck
 .text.ec_nextmbxcnt
                0x000000000000ab8b       0x24 /mnt/storageDevice/projects/learning_ethercat/new_SOEM/SOEM-1.3.1/lib/linux/libsoem.a(ethercatmain.o)
                0x000000000000ab8b                ec_nextmbxcnt
 .text.ec_clearmbx
                0x000000000000abaf       0x26 /mnt/storageDevice/projects/learning_ethercat/new_SOEM/SOEM-1.3.1/lib/linux/libsoem.a(ethercatmain.o)
                0x000000000000abaf                ec_clearmbx
 .text.ecx_mbxempty
                0x000000000000abd5      0x12c /mnt/storageDevice/projects/learning_ethercat/new_SOEM/SOEM-1.3.1/lib/linux/libsoem.a(ethercatmain.o)
                0x000000000000abd5                ecx_mbxempty
 .text.ecx_mbxsend
                0x000000000000ad01      0x12d /mnt/storageDevice/projects/learning_ethercat/new_SOEM/SOEM-1.3.1/lib/linux/libsoem.a(ethercatmain.o)
                0x000000000000ad01                ecx_mbxsend
 .text.ecx_mbxreceive
                0x000000000000ae2e      0x46f /mnt/storageDevice/projects/learning_ethercat/new_SOEM/SOEM-1.3.1/lib/linux/libsoem.a(ethercatmain.o)
                0x000000000000ae2e                ecx_mbxreceive
 .text.ecx_readeeprom
                0x000000000000b29d       0x7e /mnt/storageDevice/projects/learning_ethercat/new_SOEM/SOEM-1.3.1/lib/linux/libsoem.a(ethercatmain.o)
                0x000000000000b29d                ecx_readeeprom
 .text.ecx_eeprom2master
                0x000000000000b31b      0x181 /mnt/storageDevice/projects/learning_ethercat/new_SOEM/SOEM-1.3.1/lib/linux/libsoem.a(ethercatmain.o)
                0x000000000000b31b                ecx_eeprom2master
 .text.ecx_eeprom2pdi
                0x000000000000b49c      0x12c /mnt/storageDevice/projects/learning_ethercat/new_SOEM/SOEM-1.3.1/lib/linux/libsoem.a(ethercatmain.o)
                0x000000000000b49c                ecx_eeprom2pdi
 .text.ecx_eeprom_waitnotbusyFP
                0x000000000000b5c8      0x113 /mnt/storageDevice/projects/learning_ethercat/new_SOEM/SOEM-1.3.1/lib/linux/libsoem.a(ethercatmain.o)
                0x000000000000b5c8                ecx_eeprom_waitnotbusyFP
 .text.ecx_readeepromFP
                0x000000000000b6db      0x273 /mnt/storageDevice/projects/learning_ethercat/new_SOEM/SOEM-1.3.1/lib/linux/libsoem.a(ethercatmain.o)
                0x000000000000b6db                ecx_readeepromFP
 .text.ecx_readeeprom1
                0x000000000000b94e      0x15b /mnt/storageDevice/projects/learning_ethercat/new_SOEM/SOEM-1.3.1/lib/linux/libsoem.a(ethercatmain.o)
                0x000000000000b94e                ecx_readeeprom1
 .text.ecx_readeeprom2
                0x000000000000baa9       0xee /mnt/storageDevice/projects/learning_ethercat/new_SOEM/SOEM-1.3.1/lib/linux/libsoem.a(ethercatmain.o)
                0x000000000000baa9                ecx_readeeprom2
 .text.ecx_pushindex
                0x000000000000bb97       0xb3 /mnt/storageDevice/projects/learning_ethercat/new_SOEM/SOEM-1.3.1/lib/linux/libsoem.a(ethercatmain.o)
 .text.ecx_pullindex
                0x000000000000bc4a       0x56 /mnt/storageDevice/projects/learning_ethercat/new_SOEM/SOEM-1.3.1/lib/linux/libsoem.a(ethercatmain.o)
 .text.ecx_send_processdata_group
                0x000000000000bca0      0x950 /mnt/storageDevice/projects/learning_ethercat/new_SOEM/SOEM-1.3.1/lib/linux/libsoem.a(ethercatmain.o)
                0x000000000000bca0                ecx_send_processdata_group
 .text.ecx_receive_processdata_group
                0x000000000000c5f0      0x3a3 /mnt/storageDevice/projects/learning_ethercat/new_SOEM/SOEM-1.3.1/lib/linux/libsoem.a(ethercatmain.o)
                0x000000000000c5f0                ecx_receive_processdata_group
 .text.ec_init  0x000000000000c993       0x22 /mnt/storageDevice/projects/learning_ethercat/new_SOEM/SOEM-1.3.1/lib/linux/libsoem.a(ethercatmain.o)
                0x000000000000c993                ec_init
 .text.ec_close
                0x000000000000c9b5       0x16 /mnt/storageDevice/projects/learning_ethercat/new_SOEM/SOEM-1.3.1/lib/linux/libsoem.a(ethercatmain.o)
                0x000000000000c9b5                ec_close
 .text.ec_readstate
                0x000000000000c9cb       0x15 /mnt/storageDevice/projects/learning_ethercat/new_SOEM/SOEM-1.3.1/lib/linux/libsoem.a(ethercatmain.o)
                0x000000000000c9cb                ec_readstate
 .text.ec_writestate
                0x000000000000c9e0       0x23 /mnt/storageDevice/projects/learning_ethercat/new_SOEM/SOEM-1.3.1/lib/linux/libsoem.a(ethercatmain.o)
                0x000000000000c9e0                ec_writestate
 .text.ec_statecheck
                0x000000000000ca03       0x39 /mnt/storageDevice/projects/learning_ethercat/new_SOEM/SOEM-1.3.1/lib/linux/libsoem.a(ethercatmain.o)
                0x000000000000ca03                ec_statecheck
 .text.ec_send_processdata_group
                0x000000000000ca3c       0x22 /mnt/storageDevice/projects/learning_ethercat/new_SOEM/SOEM-1.3.1/lib/linux/libsoem.a(ethercatmain.o)
                0x000000000000ca3c                ec_send_processdata_group
 .text.ec_receive_processdata_group
                0x000000000000ca5e       0x2a /mnt/storageDevice/projects/learning_ethercat/new_SOEM/SOEM-1.3.1/lib/linux/libsoem.a(ethercatmain.o)
                0x000000000000ca5e                ec_receive_processdata_group
 .text.ec_send_processdata
                0x000000000000ca88       0x13 /mnt/storageDevice/projects/learning_ethercat/new_SOEM/SOEM-1.3.1/lib/linux/libsoem.a(ethercatmain.o)
                0x000000000000ca88                ec_send_processdata
 .text.ec_receive_processdata
                0x000000000000ca9b       0x1d /mnt/storageDevice/projects/learning_ethercat/new_SOEM/SOEM-1.3.1/lib/linux/libsoem.a(ethercatmain.o)
                0x000000000000ca9b                ec_receive_processdata
 .text.ec_sdoerror2string
                0x000000000000cab8       0x86 /mnt/storageDevice/projects/learning_ethercat/new_SOEM/SOEM-1.3.1/lib/linux/libsoem.a(ethercatprint.o)
                0x000000000000cab8                ec_sdoerror2string
 .text.ec_ALstatuscode2string
                0x000000000000cb3e       0x8a /mnt/storageDevice/projects/learning_ethercat/new_SOEM/SOEM-1.3.1/lib/linux/libsoem.a(ethercatprint.o)
                0x000000000000cb3e                ec_ALstatuscode2string
 .text.ec_soeerror2string
                0x000000000000cbc8       0x8a /mnt/storageDevice/projects/learning_ethercat/new_SOEM/SOEM-1.3.1/lib/linux/libsoem.a(ethercatprint.o)
                0x000000000000cbc8                ec_soeerror2string
 .text.ec_mbxerror2string
                0x000000000000cc52       0x8a /mnt/storageDevice/projects/learning_ethercat/new_SOEM/SOEM-1.3.1/lib/linux/libsoem.a(ethercatprint.o)
                0x000000000000cc52                ec_mbxerror2string
 .text.ecx_elist2string
                0x000000000000ccdc      0x30a /mnt/storageDevice/projects/learning_ethercat/new_SOEM/SOEM-1.3.1/lib/linux/libsoem.a(ethercatprint.o)
                0x000000000000ccdc                ecx_elist2string
 .text.ecx_SoEerror
                0x000000000000cfe6       0xb4 /mnt/storageDevice/projects/learning_ethercat/new_SOEM/SOEM-1.3.1/lib/linux/libsoem.a(ethercatsoe.o)
                0x000000000000cfe6                ecx_SoEerror
 .text.ecx_SoEread
                0x000000000000d09a      0x467 /mnt/storageDevice/projects/learning_ethercat/new_SOEM/SOEM-1.3.1/lib/linux/libsoem.a(ethercatsoe.o)
                0x000000000000d09a                ecx_SoEread
 .text.ecx_readIDNmap
                0x000000000000d501      0x32f /mnt/storageDevice/projects/learning_ethercat/new_SOEM/SOEM-1.3.1/lib/linux/libsoem.a(ethercatsoe.o)
                0x000000000000d501                ecx_readIDNmap
 .text.ecx_writedatagramdata
                0x000000000000d830       0x89 /mnt/storageDevice/projects/learning_ethercat/new_SOEM/SOEM-1.3.1/lib/linux/libsoem.a(ethercatbase.o)
 .text.ecx_setupdatagram
                0x000000000000d8b9      0x118 /mnt/storageDevice/projects/learning_ethercat/new_SOEM/SOEM-1.3.1/lib/linux/libsoem.a(ethercatbase.o)
                0x000000000000d8b9                ecx_setupdatagram
 .text.ecx_adddatagram
                0x000000000000d9d1      0x1ae /mnt/storageDevice/projects/learning_ethercat/new_SOEM/SOEM-1.3.1/lib/linux/libsoem.a(ethercatbase.o)
                0x000000000000d9d1                ecx_adddatagram
 .text.ecx_BWR  0x000000000000db7f       0xc8 /mnt/storageDevice/projects/learning_ethercat/new_SOEM/SOEM-1.3.1/lib/linux/libsoem.a(ethercatbase.o)
                0x000000000000db7f                ecx_BWR
 .text.ecx_BRD  0x000000000000dc47      0x101 /mnt/storageDevice/projects/learning_ethercat/new_SOEM/SOEM-1.3.1/lib/linux/libsoem.a(ethercatbase.o)
                0x000000000000dc47                ecx_BRD
 .text.ecx_APRD
                0x000000000000dd48      0x101 /mnt/storageDevice/projects/learning_ethercat/new_SOEM/SOEM-1.3.1/lib/linux/libsoem.a(ethercatbase.o)
                0x000000000000dd48                ecx_APRD
 .text.ecx_APRDw
                0x000000000000de49       0x7c /mnt/storageDevice/projects/learning_ethercat/new_SOEM/SOEM-1.3.1/lib/linux/libsoem.a(ethercatbase.o)
                0x000000000000de49                ecx_APRDw
 .text.ecx_FPRD
                0x000000000000dec5      0x101 /mnt/storageDevice/projects/learning_ethercat/new_SOEM/SOEM-1.3.1/lib/linux/libsoem.a(ethercatbase.o)
                0x000000000000dec5                ecx_FPRD
 .text.ecx_FPRDw
                0x000000000000dfc6       0x7c /mnt/storageDevice/projects/learning_ethercat/new_SOEM/SOEM-1.3.1/lib/linux/libsoem.a(ethercatbase.o)
                0x000000000000dfc6                ecx_FPRDw
 .text.ecx_APWR
                0x000000000000e042       0xc8 /mnt/storageDevice/projects/learning_ethercat/new_SOEM/SOEM-1.3.1/lib/linux/libsoem.a(ethercatbase.o)
                0x000000000000e042                ecx_APWR
 .text.ecx_APWRw
                0x000000000000e10a       0x51 /mnt/storageDevice/projects/learning_ethercat/new_SOEM/SOEM-1.3.1/lib/linux/libsoem.a(ethercatbase.o)
                0x000000000000e10a                ecx_APWRw
 .text.ecx_FPWR
                0x000000000000e15b       0xc8 /mnt/storageDevice/projects/learning_ethercat/new_SOEM/SOEM-1.3.1/lib/linux/libsoem.a(ethercatbase.o)
                0x000000000000e15b                ecx_FPWR
 .text.ecx_FPWRw
                0x000000000000e223       0x51 /mnt/storageDevice/projects/learning_ethercat/new_SOEM/SOEM-1.3.1/lib/linux/libsoem.a(ethercatbase.o)
                0x000000000000e223                ecx_FPWRw
 .text.ecx_SDOerror
                0x000000000000e274       0xba /mnt/storageDevice/projects/learning_ethercat/new_SOEM/SOEM-1.3.1/lib/linux/libsoem.a(ethercatcoe.o)
                0x000000000000e274                ecx_SDOerror
 .text.ecx_SDOread
                0x000000000000e32e      0x728 /mnt/storageDevice/projects/learning_ethercat/new_SOEM/SOEM-1.3.1/lib/linux/libsoem.a(ethercatcoe.o)
                0x000000000000e32e                ecx_SDOread
 .text.ecx_readPDOassign
                0x000000000000ea56      0x269 /mnt/storageDevice/projects/learning_ethercat/new_SOEM/SOEM-1.3.1/lib/linux/libsoem.a(ethercatcoe.o)
                0x000000000000ea56                ecx_readPDOassign
 .text.ecx_readPDOassignCA
                0x000000000000ecbf      0x1ec /mnt/storageDevice/projects/learning_ethercat/new_SOEM/SOEM-1.3.1/lib/linux/libsoem.a(ethercatcoe.o)
                0x000000000000ecbf                ecx_readPDOassignCA
 .text.ecx_readPDOmap
                0x000000000000eeab      0x34c /mnt/storageDevice/projects/learning_ethercat/new_SOEM/SOEM-1.3.1/lib/linux/libsoem.a(ethercatcoe.o)
                0x000000000000eeab                ecx_readPDOmap
 .text.ecx_readPDOmapCA
                0x000000000000f1f7      0x304 /mnt/storageDevice/projects/learning_ethercat/new_SOEM/SOEM-1.3.1/lib/linux/libsoem.a(ethercatcoe.o)
                0x000000000000f1f7                ecx_readPDOmapCA
 *fill*         0x000000000000f4fb        0x5 
 .text          0x000000000000f500       0x72 /usr/lib/x86_64-linux-gnu/libc_nonshared.a(elf-init.oS)
                0x000000000000f500                __libc_csu_init
                0x000000000000f570                __libc_csu_fini
 .text.ecx_clear_rxbufstat
                0x000000000000f572       0x39 /mnt/storageDevice/projects/learning_ethercat/new_SOEM/SOEM-1.3.1/lib/linux/liboshw.a(nicdrv.o)
 .text.ecx_setupnic
                0x000000000000f5ab      0x4fc /mnt/storageDevice/projects/learning_ethercat/new_SOEM/SOEM-1.3.1/lib/linux/liboshw.a(nicdrv.o)
                0x000000000000f5ab                ecx_setupnic
 .text.ecx_closenic
                0x000000000000faa7       0x68 /mnt/storageDevice/projects/learning_ethercat/new_SOEM/SOEM-1.3.1/lib/linux/liboshw.a(nicdrv.o)
                0x000000000000faa7                ecx_closenic
 .text.ec_setupheader
                0x000000000000fb0f       0xba /mnt/storageDevice/projects/learning_ethercat/new_SOEM/SOEM-1.3.1/lib/linux/liboshw.a(nicdrv.o)
                0x000000000000fb0f                ec_setupheader
 .text.ecx_getindex
                0x000000000000fbc9       0xf9 /mnt/storageDevice/projects/learning_ethercat/new_SOEM/SOEM-1.3.1/lib/linux/liboshw.a(nicdrv.o)
                0x000000000000fbc9                ecx_getindex
 .text.ecx_setbufstat
                0x000000000000fcc2       0x5b /mnt/storageDevice/projects/learning_ethercat/new_SOEM/SOEM-1.3.1/lib/linux/liboshw.a(nicdrv.o)
                0x000000000000fcc2                ecx_setbufstat
 .text.ecx_outframe
                0x000000000000fd1d       0xa5 /mnt/storageDevice/projects/learning_ethercat/new_SOEM/SOEM-1.3.1/lib/linux/liboshw.a(nicdrv.o)
                0x000000000000fd1d                ecx_outframe
 .text.ecx_outframe_red
                0x000000000000fdc2      0x145 /mnt/storageDevice/projects/learning_ethercat/new_SOEM/SOEM-1.3.1/lib/linux/liboshw.a(nicdrv.o)
                0x000000000000fdc2                ecx_outframe_red
 .text.ecx_recvpkt
                0x000000000000ff07       0x82 /mnt/storageDevice/projects/learning_ethercat/new_SOEM/SOEM-1.3.1/lib/linux/liboshw.a(nicdrv.o)
 .text.ecx_inframe
                0x000000000000ff89      0x2fd /mnt/storageDevice/projects/learning_ethercat/new_SOEM/SOEM-1.3.1/lib/linux/liboshw.a(nicdrv.o)
                0x000000000000ff89                ecx_inframe
 .text.ecx_waitinframe_red
                0x0000000000010286      0x361 /mnt/storageDevice/projects/learning_ethercat/new_SOEM/SOEM-1.3.1/lib/linux/liboshw.a(nicdrv.o)
 .text.ecx_waitinframe
                0x00000000000105e7       0x8b /mnt/storageDevice/projects/learning_ethercat/new_SOEM/SOEM-1.3.1/lib/linux/liboshw.a(nicdrv.o)
                0x00000000000105e7                ecx_waitinframe
 .text.ecx_srconfirm
                0x0000000000010672       0xed /mnt/storageDevice/projects/learning_ethercat/new_SOEM/SOEM-1.3.1/lib/linux/liboshw.a(nicdrv.o)
                0x0000000000010672                ecx_srconfirm
 *(.gnu.warning)

.fini           0x0000000000010760        0x9
 *(SORT_NONE(.fini))
 .fini          0x0000000000010760        0x4 /usr/lib/gcc/x86_64-linux-gnu/7/../../../x86_64-linux-gnu/crti.o
                0x0000000000010760                _fini
 .fini          0x0000000000010764        0x5 /usr/lib/gcc/x86_64-linux-gnu/7/../../../x86_64-linux-gnu/crtn.o
                [!provide]                        PROVIDE (__etext = .)
                [!provide]                        PROVIDE (_etext = .)
                [!provide]                        PROVIDE (etext = .)

.rodata         0x0000000000010780     0x5614
 *(.rodata .rodata.* .gnu.linkonce.r.*)
 .rodata        0x0000000000010780      0x3b9 obj/linux/simple_test.o
 *fill*         0x0000000000010b39        0x7 
 .rodata        0x0000000000010b40      0x6d2 /mnt/storageDevice/projects/learning_ethercat/new_SOEM/SOEM-1.3.1/lib/linux/libsoem.a(ethercatconfig.o)
                0x0000000000010b40                ec_configlist
 *fill*         0x0000000000011212        0xe 
 .rodata        0x0000000000011220     0x4b48 /mnt/storageDevice/projects/learning_ethercat/new_SOEM/SOEM-1.3.1/lib/linux/libsoem.a(ethercatprint.o)
                0x0000000000011220                ec_sdoerrorlist
                0x00000000000122a0                ec_ALstatuscodelist
                0x0000000000013d20                ec_soeerrorlist
                0x0000000000015720                ec_mbxerrorlist
 .rodata        0x0000000000015d68       0x2c /mnt/storageDevice/projects/learning_ethercat/new_SOEM/SOEM-1.3.1/lib/linux/libsoem.a(ethercatbase.o)

.rodata1
 *(.rodata1)

.eh_frame_hdr   0x0000000000015d94      0x3ec
 *(.eh_frame_hdr)
 .eh_frame_hdr  0x0000000000015d94      0x3ec /usr/lib/gcc/x86_64-linux-gnu/7/../../../x86_64-linux-gnu/Scrt1.o
                0x0000000000015d94                __GNU_EH_FRAME_HDR
 *(.eh_frame_entry .eh_frame_entry.*)

.eh_frame       0x0000000000016180      0xe34
 *(.eh_frame)
 .eh_frame      0x0000000000016180       0x30 /usr/lib/gcc/x86_64-linux-gnu/7/../../../x86_64-linux-gnu/Scrt1.o
                                         0x2c (size before relaxing)
 *fill*         0x00000000000161b0        0x0 
 .eh_frame      0x00000000000161b0       0x40 /usr/lib/gcc/x86_64-linux-gnu/7/../../../x86_64-linux-gnu/Scrt1.o
 .eh_frame      0x00000000000161f0       0x18 /usr/lib/gcc/x86_64-linux-gnu/7/../../../x86_64-linux-gnu/Scrt1.o
                                         0x30 (size before relaxing)
 .eh_frame      0x0000000000016208       0x48 obj/linux/simple_test.o
                                         0x60 (size before relaxing)
 .eh_frame      0x0000000000016250       0x98 /mnt/storageDevice/projects/learning_ethercat/new_SOEM/SOEM-1.3.1/lib/linux/libosal.a(osal.o)
                                        0x110 (size before relaxing)
 .eh_frame      0x00000000000162e8      0x238 /mnt/storageDevice/projects/learning_ethercat/new_SOEM/SOEM-1.3.1/lib/linux/libsoem.a(ethercatconfig.o)
                                        0x268 (size before relaxing)
 .eh_frame      0x0000000000016520       0x78 /mnt/storageDevice/projects/learning_ethercat/new_SOEM/SOEM-1.3.1/lib/linux/libsoem.a(ethercatdc.o)
                                        0x110 (size before relaxing)
 .eh_frame      0x0000000000016598      0x4d8 /mnt/storageDevice/projects/learning_ethercat/new_SOEM/SOEM-1.3.1/lib/linux/libsoem.a(ethercatmain.o)
                                        0x8c8 (size before relaxing)
 .eh_frame      0x0000000000016a70       0x90 /mnt/storageDevice/projects/learning_ethercat/new_SOEM/SOEM-1.3.1/lib/linux/libsoem.a(ethercatprint.o)
                                         0xc0 (size before relaxing)
 .eh_frame      0x0000000000016b00       0x88 /mnt/storageDevice/projects/learning_ethercat/new_SOEM/SOEM-1.3.1/lib/linux/libsoem.a(ethercatsoe.o)
                                        0x110 (size before relaxing)
 .eh_frame      0x0000000000016b88      0x188 /mnt/storageDevice/projects/learning_ethercat/new_SOEM/SOEM-1.3.1/lib/linux/libsoem.a(ethercatbase.o)
                                        0x460 (size before relaxing)
 .eh_frame      0x0000000000016d10       0xf8 /mnt/storageDevice/projects/learning_ethercat/new_SOEM/SOEM-1.3.1/lib/linux/libsoem.a(ethercatcoe.o)
                                        0x330 (size before relaxing)
 .eh_frame      0x0000000000016e08       0x60 /usr/lib/x86_64-linux-gnu/libc_nonshared.a(elf-init.oS)
                                         0x78 (size before relaxing)
 .eh_frame      0x0000000000016e68      0x148 /mnt/storageDevice/projects/learning_ethercat/new_SOEM/SOEM-1.3.1/lib/linux/liboshw.a(nicdrv.o)
                                        0x238 (size before relaxing)
 .eh_frame      0x0000000000016fb0        0x0 /mnt/storageDevice/projects/learning_ethercat/new_SOEM/SOEM-1.3.1/lib/linux/liboshw.a(oshw.o)
                                         0x80 (size before relaxing)
 .eh_frame      0x0000000000016fb0        0x4 /usr/lib/gcc/x86_64-linux-gnu/7/crtendS.o
 *(.eh_frame.*)

.gcc_except_table
 *(.gcc_except_table .gcc_except_table.*)

.gnu_extab
 *(.gnu_extab*)

.exception_ranges
 *(.exception_ranges .exception_ranges*)
                0x0000000000217cd8                . = DATA_SEGMENT_ALIGN (CONSTANT (MAXPAGESIZE), CONSTANT (COMMONPAGESIZE))

.eh_frame
 *(.eh_frame)
 *(.eh_frame.*)

.gnu_extab
 *(.gnu_extab)

.gcc_except_table
 *(.gcc_except_table .gcc_except_table.*)

.exception_ranges
 *(.exception_ranges .exception_ranges*)

.tdata
 *(.tdata .tdata.* .gnu.linkonce.td.*)

.tbss
 *(.tbss .tbss.* .gnu.linkonce.tb.*)
 *(.tcommon)

.preinit_array  0x0000000000217cd8        0x0
                [!provide]                        PROVIDE (__preinit_array_start = .)
 *(.preinit_array)
                [!provide]                        PROVIDE (__preinit_array_end = .)

.init_array     0x0000000000217cd8        0x8
                0x0000000000217cd8                PROVIDE (__init_array_start = .)
 *(SORT_BY_INIT_PRIORITY(.init_array.*) SORT_BY_INIT_PRIORITY(.ctors.*))
 *(.init_array EXCLUDE_FILE(*crtend?.o *crtend.o *crtbegin?.o *crtbegin.o) .ctors)
 .init_array    0x0000000000217cd8        0x8 /usr/lib/gcc/x86_64-linux-gnu/7/crtbeginS.o
                0x0000000000217ce0                PROVIDE (__init_array_end = .)

.fini_array     0x0000000000217ce0        0x8
                [!provide]                        PROVIDE (__fini_array_start = .)
 *(SORT_BY_INIT_PRIORITY(.fini_array.*) SORT_BY_INIT_PRIORITY(.dtors.*))
 *(.fini_array EXCLUDE_FILE(*crtend?.o *crtend.o *crtbegin?.o *crtbegin.o) .dtors)
 .fini_array    0x0000000000217ce0        0x8 /usr/lib/gcc/x86_64-linux-gnu/7/crtbeginS.o
                [!provide]                        PROVIDE (__fini_array_end = .)

.ctors
 *crtbegin.o(.ctors)
 *crtbegin?.o(.ctors)
 *(EXCLUDE_FILE(*crtend?.o *crtend.o) .ctors)
 *(SORT_BY_NAME(.ctors.*))
 *(.ctors)

.dtors
 *crtbegin.o(.dtors)
 *crtbegin?.o(.dtors)
 *(EXCLUDE_FILE(*crtend?.o *crtend.o) .dtors)
 *(SORT_BY_NAME(.dtors.*))
 *(.dtors)

.jcr
 *(.jcr)

.data.rel.ro    0x0000000000217ce8        0x0
 *(.data.rel.ro.local* .gnu.linkonce.d.rel.ro.local.*)
 *(.data.rel.ro .data.rel.ro.* .gnu.linkonce.d.rel.ro.*)
 .data.rel.ro   0x0000000000217ce8        0x0 /usr/lib/gcc/x86_64-linux-gnu/7/../../../x86_64-linux-gnu/Scrt1.o

.dynamic        0x0000000000217ce8      0x200
 *(.dynamic)
 .dynamic       0x0000000000217ce8      0x200 /usr/lib/gcc/x86_64-linux-gnu/7/../../../x86_64-linux-gnu/Scrt1.o
                0x0000000000217ce8                _DYNAMIC

.got            0x0000000000217ee8      0x118
 *(.got.plt)
 .got.plt       0x0000000000217ee8       0xe8 /usr/lib/gcc/x86_64-linux-gnu/7/../../../x86_64-linux-gnu/Scrt1.o
                0x0000000000217ee8                _GLOBAL_OFFSET_TABLE_
 *(.igot.plt)
 *(.got)
 .got           0x0000000000217fd0       0x30 /usr/lib/gcc/x86_64-linux-gnu/7/../../../x86_64-linux-gnu/Scrt1.o
 *(.igot)
                0x0000000000218000                . = DATA_SEGMENT_RELRO_END (., 0x0)

.data           0x0000000000218000       0xc0
 *(.data .data.* .gnu.linkonce.d.*)
 .data.rel.local
                0x0000000000218000        0x8 /usr/lib/gcc/x86_64-linux-gnu/7/crtbeginS.o
                0x0000000000218000                __dso_handle
 *fill*         0x0000000000218008       0x18 
 .data.rel.local
                0x0000000000218020       0xa0 /mnt/storageDevice/projects/learning_ethercat/new_SOEM/SOEM-1.3.1/lib/linux/libsoem.a(ethercatmain.o)
                0x0000000000218020                ecx_context

.tm_clone_table
                0x00000000002180c0        0x0
 .tm_clone_table
                0x00000000002180c0        0x0 /usr/lib/gcc/x86_64-linux-gnu/7/crtbeginS.o
 .tm_clone_table
                0x00000000002180c0        0x0 /usr/lib/gcc/x86_64-linux-gnu/7/crtendS.o

.data1
 *(.data1)
                0x00000000002180c0                _edata = .
                [!provide]                        PROVIDE (edata = .)
                0x00000000002180c0                . = .
                0x00000000002180c0                __bss_start = .

.bss            0x00000000002180c0    0x265c0
 *(.dynbss)
 .dynbss        0x00000000002180c0        0x0 /usr/lib/gcc/x86_64-linux-gnu/7/../../../x86_64-linux-gnu/Scrt1.o
 *(.bss .bss.* .gnu.linkonce.b.*)
 .bss           0x00000000002180c0        0x1 /usr/lib/gcc/x86_64-linux-gnu/7/crtbeginS.o
 .bss           0x00000000002180c1        0x1 obj/linux/simple_test.o
                0x00000000002180c1                currentgroup
 *fill*         0x00000000002180c2       0x1e 
 .bss           0x00000000002180e0     0x2060 /mnt/storageDevice/projects/learning_ethercat/new_SOEM/SOEM-1.3.1/lib/linux/libsoem.a(ethercatmain.o)
                0x00000000002180e0                EcatError
 *(COMMON)
 COMMON         0x000000000021a140     0x101c obj/linux/simple_test.o
                0x000000000021a140                IOmap
                0x000000000021b140                inOP
                0x000000000021b148                thread1
                0x000000000021b150                expectedWKC
                0x000000000021b154                needlf
                0x000000000021b158                wkc
 *fill*         0x000000000021b15c        0x4 
 COMMON         0x000000000021b160      0x100 /mnt/storageDevice/projects/learning_ethercat/new_SOEM/SOEM-1.3.1/lib/linux/libsoem.a(ethercatconfig.o)
                0x000000000021b160                ecx_mapt
                0x000000000021b220                ecx_threadh
 COMMON         0x000000000021b260    0x233a0 /mnt/storageDevice/projects/learning_ethercat/new_SOEM/SOEM-1.3.1/lib/linux/libsoem.a(ethercatmain.o)
                0x000000000021b260                ecx_port
                0x0000000000227da0                ecx_redport
                0x000000000022e330                ec_DCtime
                0x000000000022e338                ec_slavecount
                0x000000000022e340                ec_group
                0x000000000022e5c0                ec_slave
 COMMON         0x000000000023e600       0x7f /mnt/storageDevice/projects/learning_ethercat/new_SOEM/SOEM-1.3.1/lib/linux/libsoem.a(ethercatprint.o)
                0x000000000023e600                estring
                0x000000000023e680                . = ALIGN ((. != 0x0)?0x8:0x1)
 *fill*         0x000000000023e67f        0x1 

.lbss
 *(.dynlbss)
 *(.lbss .lbss.* .gnu.linkonce.lb.*)
 *(LARGE_COMMON)
                0x000000000023e680                . = ALIGN (0x8)
                0x000000000023e680                . = SEGMENT_START ("ldata-segment", .)

.lrodata
 *(.lrodata .lrodata.* .gnu.linkonce.lr.*)

.ldata          0x000000000063e680        0x0
 *(.ldata .ldata.* .gnu.linkonce.l.*)
                0x000000000063e680                . = ALIGN ((. != 0x0)?0x8:0x1)
                0x000000000063e680                . = ALIGN (0x8)
                0x000000000063e680                _end = .
                [!provide]                        PROVIDE (end = .)
                0x000000000063e680                . = DATA_SEGMENT_END (.)

.stab
 *(.stab)

.stabstr
 *(.stabstr)

.stab.excl
 *(.stab.excl)

.stab.exclstr
 *(.stab.exclstr)

.stab.index
 *(.stab.index)

.stab.indexstr
 *(.stab.indexstr)

.comment        0x0000000000000000       0x24
 *(.comment)
 .comment       0x0000000000000000       0x24 /usr/lib/gcc/x86_64-linux-gnu/7/crtbeginS.o
                                         0x25 (size before relaxing)
 .comment       0x0000000000000024       0x25 obj/linux/simple_test.o
 .comment       0x0000000000000024       0x25 /mnt/storageDevice/projects/learning_ethercat/new_SOEM/SOEM-1.3.1/lib/linux/libosal.a(osal.o)
 .comment       0x0000000000000024       0x25 /mnt/storageDevice/projects/learning_ethercat/new_SOEM/SOEM-1.3.1/lib/linux/libsoem.a(ethercatconfig.o)
 .comment       0x0000000000000024       0x25 /mnt/storageDevice/projects/learning_ethercat/new_SOEM/SOEM-1.3.1/lib/linux/libsoem.a(ethercatdc.o)
 .comment       0x0000000000000024       0x25 /mnt/storageDevice/projects/learning_ethercat/new_SOEM/SOEM-1.3.1/lib/linux/libsoem.a(ethercatmain.o)
 .comment       0x0000000000000024       0x25 /mnt/storageDevice/projects/learning_ethercat/new_SOEM/SOEM-1.3.1/lib/linux/libsoem.a(ethercatprint.o)
 .comment       0x0000000000000024       0x25 /mnt/storageDevice/projects/learning_ethercat/new_SOEM/SOEM-1.3.1/lib/linux/libsoem.a(ethercatsoe.o)
 .comment       0x0000000000000024       0x25 /mnt/storageDevice/projects/learning_ethercat/new_SOEM/SOEM-1.3.1/lib/linux/libsoem.a(ethercatbase.o)
 .comment       0x0000000000000024       0x25 /mnt/storageDevice/projects/learning_ethercat/new_SOEM/SOEM-1.3.1/lib/linux/libsoem.a(ethercatcoe.o)
 .comment       0x0000000000000024       0x25 /mnt/storageDevice/projects/learning_ethercat/new_SOEM/SOEM-1.3.1/lib/linux/liboshw.a(nicdrv.o)
 .comment       0x0000000000000024       0x25 /mnt/storageDevice/projects/learning_ethercat/new_SOEM/SOEM-1.3.1/lib/linux/liboshw.a(oshw.o)
 .comment       0x0000000000000024       0x25 /usr/lib/gcc/x86_64-linux-gnu/7/crtendS.o

.debug
 *(.debug)

.line
 *(.line)

.debug_srcinfo
 *(.debug_srcinfo)

.debug_sfnames
 *(.debug_sfnames)

.debug_aranges  0x0000000000000000      0xfe0
 *(.debug_aranges)
 .debug_aranges
                0x0000000000000000       0x50 obj/linux/simple_test.o
 .debug_aranges
                0x0000000000000050       0xc0 /mnt/storageDevice/projects/learning_ethercat/new_SOEM/SOEM-1.3.1/lib/linux/libosal.a(osal.o)
 .debug_aranges
                0x0000000000000110      0x190 /mnt/storageDevice/projects/learning_ethercat/new_SOEM/SOEM-1.3.1/lib/linux/libsoem.a(ethercatconfig.o)
 .debug_aranges
                0x00000000000002a0       0xc0 /mnt/storageDevice/projects/learning_ethercat/new_SOEM/SOEM-1.3.1/lib/linux/libsoem.a(ethercatdc.o)
 .debug_aranges
                0x0000000000000360      0x550 /mnt/storageDevice/projects/learning_ethercat/new_SOEM/SOEM-1.3.1/lib/linux/libsoem.a(ethercatmain.o)
 .debug_aranges
                0x00000000000008b0       0x80 /mnt/storageDevice/projects/learning_ethercat/new_SOEM/SOEM-1.3.1/lib/linux/libsoem.a(ethercatprint.o)
 .debug_aranges
                0x0000000000000930       0x90 /mnt/storageDevice/projects/learning_ethercat/new_SOEM/SOEM-1.3.1/lib/linux/libsoem.a(ethercatsoe.o)
 .debug_aranges
                0x00000000000009c0      0x270 /mnt/storageDevice/projects/learning_ethercat/new_SOEM/SOEM-1.3.1/lib/linux/libsoem.a(ethercatbase.o)
 .debug_aranges
                0x0000000000000c30      0x1d0 /mnt/storageDevice/projects/learning_ethercat/new_SOEM/SOEM-1.3.1/lib/linux/libsoem.a(ethercatcoe.o)
 .debug_aranges
                0x0000000000000e00      0x180 /mnt/storageDevice/projects/learning_ethercat/new_SOEM/SOEM-1.3.1/lib/linux/liboshw.a(nicdrv.o)
 .debug_aranges
                0x0000000000000f80       0x60 /mnt/storageDevice/projects/learning_ethercat/new_SOEM/SOEM-1.3.1/lib/linux/liboshw.a(oshw.o)

.debug_pubnames
 *(.debug_pubnames)

.debug_info     0x0000000000000000    0x13ff9
 *(.debug_info .gnu.linkonce.wi.*)
 .debug_info    0x0000000000000000     0x14c5 obj/linux/simple_test.o
 .debug_info    0x00000000000014c5      0x64c /mnt/storageDevice/projects/learning_ethercat/new_SOEM/SOEM-1.3.1/lib/linux/libosal.a(osal.o)
 .debug_info    0x0000000000001b11     0x2054 /mnt/storageDevice/projects/learning_ethercat/new_SOEM/SOEM-1.3.1/lib/linux/libsoem.a(ethercatconfig.o)
 .debug_info    0x0000000000003b65     0x1708 /mnt/storageDevice/projects/learning_ethercat/new_SOEM/SOEM-1.3.1/lib/linux/libsoem.a(ethercatdc.o)
 .debug_info    0x000000000000526d     0x3b0b /mnt/storageDevice/projects/learning_ethercat/new_SOEM/SOEM-1.3.1/lib/linux/libsoem.a(ethercatmain.o)
 .debug_info    0x0000000000008d78     0x1591 /mnt/storageDevice/projects/learning_ethercat/new_SOEM/SOEM-1.3.1/lib/linux/libsoem.a(ethercatprint.o)
 .debug_info    0x000000000000a309     0x1a32 /mnt/storageDevice/projects/learning_ethercat/new_SOEM/SOEM-1.3.1/lib/linux/libsoem.a(ethercatsoe.o)
 .debug_info    0x000000000000bd3b     0x279c /mnt/storageDevice/projects/learning_ethercat/new_SOEM/SOEM-1.3.1/lib/linux/libsoem.a(ethercatbase.o)
 .debug_info    0x000000000000e4d7     0x2718 /mnt/storageDevice/projects/learning_ethercat/new_SOEM/SOEM-1.3.1/lib/linux/libsoem.a(ethercatcoe.o)
 .debug_info    0x0000000000010bef     0x1f54 /mnt/storageDevice/projects/learning_ethercat/new_SOEM/SOEM-1.3.1/lib/linux/liboshw.a(nicdrv.o)
 .debug_info    0x0000000000012b43     0x14b6 /mnt/storageDevice/projects/learning_ethercat/new_SOEM/SOEM-1.3.1/lib/linux/liboshw.a(oshw.o)

.debug_abbrev   0x0000000000000000     0x1df6
 *(.debug_abbrev)
 .debug_abbrev  0x0000000000000000      0x289 obj/linux/simple_test.o
 .debug_abbrev  0x0000000000000289      0x17e /mnt/storageDevice/projects/learning_ethercat/new_SOEM/SOEM-1.3.1/lib/linux/libosal.a(osal.o)
 .debug_abbrev  0x0000000000000407      0x33e /mnt/storageDevice/projects/learning_ethercat/new_SOEM/SOEM-1.3.1/lib/linux/libsoem.a(ethercatconfig.o)
 .debug_abbrev  0x0000000000000745      0x2ff /mnt/storageDevice/projects/learning_ethercat/new_SOEM/SOEM-1.3.1/lib/linux/libsoem.a(ethercatdc.o)
 .debug_abbrev  0x0000000000000a44      0x39e /mnt/storageDevice/projects/learning_ethercat/new_SOEM/SOEM-1.3.1/lib/linux/libsoem.a(ethercatmain.o)
 .debug_abbrev  0x0000000000000de2      0x268 /mnt/storageDevice/projects/learning_ethercat/new_SOEM/SOEM-1.3.1/lib/linux/libsoem.a(ethercatprint.o)
 .debug_abbrev  0x000000000000104a      0x2a8 /mnt/storageDevice/projects/learning_ethercat/new_SOEM/SOEM-1.3.1/lib/linux/libsoem.a(ethercatsoe.o)
 .debug_abbrev  0x00000000000012f2      0x2a5 /mnt/storageDevice/projects/learning_ethercat/new_SOEM/SOEM-1.3.1/lib/linux/libsoem.a(ethercatbase.o)
 .debug_abbrev  0x0000000000001597      0x2c5 /mnt/storageDevice/projects/learning_ethercat/new_SOEM/SOEM-1.3.1/lib/linux/libsoem.a(ethercatcoe.o)
 .debug_abbrev  0x000000000000185c      0x350 /mnt/storageDevice/projects/learning_ethercat/new_SOEM/SOEM-1.3.1/lib/linux/liboshw.a(nicdrv.o)
 .debug_abbrev  0x0000000000001bac      0x24a /mnt/storageDevice/projects/learning_ethercat/new_SOEM/SOEM-1.3.1/lib/linux/liboshw.a(oshw.o)

.debug_line     0x0000000000000000     0x4ad1
 *(.debug_line .debug_line.* .debug_line_end)
 .debug_line    0x0000000000000000      0x418 obj/linux/simple_test.o
 .debug_line    0x0000000000000418      0x320 /mnt/storageDevice/projects/learning_ethercat/new_SOEM/SOEM-1.3.1/lib/linux/libosal.a(osal.o)
 .debug_line    0x0000000000000738      0xc98 /mnt/storageDevice/projects/learning_ethercat/new_SOEM/SOEM-1.3.1/lib/linux/libsoem.a(ethercatconfig.o)
 .debug_line    0x00000000000013d0      0x4b9 /mnt/storageDevice/projects/learning_ethercat/new_SOEM/SOEM-1.3.1/lib/linux/libsoem.a(ethercatdc.o)
 .debug_line    0x0000000000001889     0x10db /mnt/storageDevice/projects/learning_ethercat/new_SOEM/SOEM-1.3.1/lib/linux/libsoem.a(ethercatmain.o)
 .debug_line    0x0000000000002964      0x358 /mnt/storageDevice/projects/learning_ethercat/new_SOEM/SOEM-1.3.1/lib/linux/libsoem.a(ethercatprint.o)
 .debug_line    0x0000000000002cbc      0x477 /mnt/storageDevice/projects/learning_ethercat/new_SOEM/SOEM-1.3.1/lib/linux/libsoem.a(ethercatsoe.o)
 .debug_line    0x0000000000003133      0x6bd /mnt/storageDevice/projects/learning_ethercat/new_SOEM/SOEM-1.3.1/lib/linux/libsoem.a(ethercatbase.o)
 .debug_line    0x00000000000037f0      0x980 /mnt/storageDevice/projects/learning_ethercat/new_SOEM/SOEM-1.3.1/lib/linux/libsoem.a(ethercatcoe.o)
 .debug_line    0x0000000000004170      0x6b7 /mnt/storageDevice/projects/learning_ethercat/new_SOEM/SOEM-1.3.1/lib/linux/liboshw.a(nicdrv.o)
 .debug_line    0x0000000000004827      0x2aa /mnt/storageDevice/projects/learning_ethercat/new_SOEM/SOEM-1.3.1/lib/linux/liboshw.a(oshw.o)

.debug_frame
 *(.debug_frame)

.debug_str      0x0000000000000000     0x2dd9
 *(.debug_str)
 .debug_str     0x0000000000000000      0xb7e obj/linux/simple_test.o
                                        0xd17 (size before relaxing)
 .debug_str     0x0000000000000b7e      0x202 /mnt/storageDevice/projects/learning_ethercat/new_SOEM/SOEM-1.3.1/lib/linux/libosal.a(osal.o)
                                        0x43c (size before relaxing)
 .debug_str     0x0000000000000d80      0x751 /mnt/storageDevice/projects/learning_ethercat/new_SOEM/SOEM-1.3.1/lib/linux/libsoem.a(ethercatconfig.o)
                                       0x1381 (size before relaxing)
 .debug_str     0x00000000000014d1      0x12c /mnt/storageDevice/projects/learning_ethercat/new_SOEM/SOEM-1.3.1/lib/linux/libsoem.a(ethercatdc.o)
                                        0xe8e (size before relaxing)
 .debug_str     0x00000000000015fd      0x87b /mnt/storageDevice/projects/learning_ethercat/new_SOEM/SOEM-1.3.1/lib/linux/libsoem.a(ethercatmain.o)
                                       0x18b2 (size before relaxing)
 .debug_str     0x0000000000001e78      0x157 /mnt/storageDevice/projects/learning_ethercat/new_SOEM/SOEM-1.3.1/lib/linux/libsoem.a(ethercatprint.o)
                                        0xd38 (size before relaxing)
 .debug_str     0x0000000000001fcf      0x262 /mnt/storageDevice/projects/learning_ethercat/new_SOEM/SOEM-1.3.1/lib/linux/libsoem.a(ethercatsoe.o)
                                        0xeb0 (size before relaxing)
 .debug_str     0x0000000000002231      0x1ca /mnt/storageDevice/projects/learning_ethercat/new_SOEM/SOEM-1.3.1/lib/linux/libsoem.a(ethercatbase.o)
                                       0x120a (size before relaxing)
 .debug_str     0x00000000000023fb      0x47b /mnt/storageDevice/projects/learning_ethercat/new_SOEM/SOEM-1.3.1/lib/linux/libsoem.a(ethercatcoe.o)
                                       0x1157 (size before relaxing)
 .debug_str     0x0000000000002876      0x4d0 /mnt/storageDevice/projects/learning_ethercat/new_SOEM/SOEM-1.3.1/lib/linux/liboshw.a(nicdrv.o)
                                       0x119b (size before relaxing)
 .debug_str     0x0000000000002d46       0x93 /mnt/storageDevice/projects/learning_ethercat/new_SOEM/SOEM-1.3.1/lib/linux/liboshw.a(oshw.o)
                                        0xcee (size before relaxing)

.debug_loc
 *(.debug_loc)

.debug_macinfo
 *(.debug_macinfo)

.debug_weaknames
 *(.debug_weaknames)

.debug_funcnames
 *(.debug_funcnames)

.debug_typenames
 *(.debug_typenames)

.debug_varnames
 *(.debug_varnames)

.debug_pubtypes
 *(.debug_pubtypes)

.debug_ranges   0x0000000000000000      0xf30
 *(.debug_ranges)
 .debug_ranges  0x0000000000000000       0x40 obj/linux/simple_test.o
 .debug_ranges  0x0000000000000040       0xb0 /mnt/storageDevice/projects/learning_ethercat/new_SOEM/SOEM-1.3.1/lib/linux/libosal.a(osal.o)
 .debug_ranges  0x00000000000000f0      0x180 /mnt/storageDevice/projects/learning_ethercat/new_SOEM/SOEM-1.3.1/lib/linux/libsoem.a(ethercatconfig.o)
 .debug_ranges  0x0000000000000270       0xb0 /mnt/storageDevice/projects/learning_ethercat/new_SOEM/SOEM-1.3.1/lib/linux/libsoem.a(ethercatdc.o)
 .debug_ranges  0x0000000000000320      0x540 /mnt/storageDevice/projects/learning_ethercat/new_SOEM/SOEM-1.3.1/lib/linux/libsoem.a(ethercatmain.o)
 .debug_ranges  0x0000000000000860       0x70 /mnt/storageDevice/projects/learning_ethercat/new_SOEM/SOEM-1.3.1/lib/linux/libsoem.a(ethercatprint.o)
 .debug_ranges  0x00000000000008d0       0x80 /mnt/storageDevice/projects/learning_ethercat/new_SOEM/SOEM-1.3.1/lib/linux/libsoem.a(ethercatsoe.o)
 .debug_ranges  0x0000000000000950      0x260 /mnt/storageDevice/projects/learning_ethercat/new_SOEM/SOEM-1.3.1/lib/linux/libsoem.a(ethercatbase.o)
 .debug_ranges  0x0000000000000bb0      0x1c0 /mnt/storageDevice/projects/learning_ethercat/new_SOEM/SOEM-1.3.1/lib/linux/libsoem.a(ethercatcoe.o)
 .debug_ranges  0x0000000000000d70      0x170 /mnt/storageDevice/projects/learning_ethercat/new_SOEM/SOEM-1.3.1/lib/linux/liboshw.a(nicdrv.o)
 .debug_ranges  0x0000000000000ee0       0x50 /mnt/storageDevice/projects/learning_ethercat/new_SOEM/SOEM-1.3.1/lib/linux/liboshw.a(oshw.o)

.debug_macro
 *(.debug_macro)

.debug_addr
 *(.debug_addr)

.gnu.attributes
 *(.gnu.attributes)

/DISCARD/
 *(.note.GNU-stack)
 *(.gnu_debuglink)
 *(.gnu.lto_*)
OUTPUT(simple_test elf64-x86-64)
